main.c:96:5:enableSensor	288	static
main.c:228:6:scan	128	static
main.c:254:6:updateLed	8	static
main.c:287:5:main	128	static
main.c:451:6:SystemClock_Config	88	static
main.c:494:13:MX_I2C1_Init	8	static
main.c:528:13:MX_I2C2_Init	8	static
main.c:562:13:MX_I2C3_Init	8	static
main.c:596:13:MX_SPI3_Init	8	static
main.c:634:13:MX_USART1_UART_Init	8	static
main.c:667:13:MX_USART2_UART_Init	8	static
main.c:700:13:MX_GPIO_Init	48	static
main.c:785:6:Error_Handler	4	static
main.c:801:6:assert_failed	16	static
