main.c:96:5:enableSensor	352	static
main.c:240:6:scan	128	static
main.c:266:6:updateLed	8	static
main.c:299:5:main	160	static
main.c:452:6:SystemClock_Config	88	static
main.c:495:13:MX_I2C1_Init	8	static
main.c:529:13:MX_I2C2_Init	8	static
main.c:563:13:MX_I2C3_Init	8	static
main.c:597:13:MX_SPI3_Init	8	static
main.c:635:13:MX_USART1_UART_Init	8	static
main.c:668:13:MX_USART2_UART_Init	8	static
main.c:701:13:MX_GPIO_Init	48	static
main.c:786:6:Error_Handler	4	static
main.c:802:6:assert_failed	16	static
