vl53l1_platform.c:76:5:_I2CWrite	16	static
vl53l1_platform.c:88:5:_I2CRead	16	static
vl53l1_platform.c:100:14:VL53L1_WriteMulti	16	static
vl53l1_platform.c:119:14:VL53L1_ReadMulti	24	static
vl53l1_platform.c:140:14:VL53L1_WrByte	8	static
vl53l1_platform.c:157:14:VL53L1_WrWord	8	static
vl53l1_platform.c:175:14:VL53L1_WrDWord	8	static
vl53l1_platform.c:207:14:VL53L1_RdByte	16	static
vl53l1_platform.c:193:14:VL53L1_UpdateByte	32	static
vl53l1_platform.c:228:14:VL53L1_RdWord	16	static
vl53l1_platform.c:253:14:VL53L1_RdDWord	16	static
vl53l1_platform.c:278:14:VL53L1_GetTickCount	0	static
vl53l1_platform.c:330:14:VL53L1_GetTimerFrequency	0	static
vl53l1_platform.c:339:14:VL53L1_WaitMs	8	static
vl53l1_platform.c:345:14:VL53L1_WaitUs	8	static
vl53l1_platform.c:351:14:VL53L1_WaitValueMaskEx	552	static
