Archive member included to satisfy reference by file (symbol)

c:/program files (x86)/atollic/truestudio for stm32 9.0.1/armtools/bin/../lib/gcc/arm-atollic-eabi/6.3.1/../../../../arm-atollic-eabi/lib/armv7e-m/fpu\libc_nano.a(lib_a-init.o)
                              startup\startup_stm32f411xe.o (__libc_init_array)
c:/program files (x86)/atollic/truestudio for stm32 9.0.1/armtools/bin/../lib/gcc/arm-atollic-eabi/6.3.1/../../../../arm-atollic-eabi/lib/armv7e-m/fpu\libc_nano.a(lib_a-malloc.o)
                              Middlewares\ST\STM32_USB_Device_Library\Class\CDC\Src\usbd_cdc.o (malloc)
c:/program files (x86)/atollic/truestudio for stm32 9.0.1/armtools/bin/../lib/gcc/arm-atollic-eabi/6.3.1/../../../../arm-atollic-eabi/lib/armv7e-m/fpu\libc_nano.a(lib_a-memcpy-stub.o)
                              VL53L1X_API\core\vl53l1_api_core.o (memcpy)
c:/program files (x86)/atollic/truestudio for stm32 9.0.1/armtools/bin/../lib/gcc/arm-atollic-eabi/6.3.1/../../../../arm-atollic-eabi/lib/armv7e-m/fpu\libc_nano.a(lib_a-memset.o)
                              VL53L1X_API\core\vl53l1_api.o (memset)
c:/program files (x86)/atollic/truestudio for stm32 9.0.1/armtools/bin/../lib/gcc/arm-atollic-eabi/6.3.1/../../../../arm-atollic-eabi/lib/armv7e-m/fpu\libc_nano.a(lib_a-nano-freer.o)
                              c:/program files (x86)/atollic/truestudio for stm32 9.0.1/armtools/bin/../lib/gcc/arm-atollic-eabi/6.3.1/../../../../arm-atollic-eabi/lib/armv7e-m/fpu\libc_nano.a(lib_a-malloc.o) (_free_r)
c:/program files (x86)/atollic/truestudio for stm32 9.0.1/armtools/bin/../lib/gcc/arm-atollic-eabi/6.3.1/../../../../arm-atollic-eabi/lib/armv7e-m/fpu\libc_nano.a(lib_a-nano-mallocr.o)
                              c:/program files (x86)/atollic/truestudio for stm32 9.0.1/armtools/bin/../lib/gcc/arm-atollic-eabi/6.3.1/../../../../arm-atollic-eabi/lib/armv7e-m/fpu\libc_nano.a(lib_a-malloc.o) (_malloc_r)
c:/program files (x86)/atollic/truestudio for stm32 9.0.1/armtools/bin/../lib/gcc/arm-atollic-eabi/6.3.1/../../../../arm-atollic-eabi/lib/armv7e-m/fpu\libc_nano.a(lib_a-sbrkr.o)
                              c:/program files (x86)/atollic/truestudio for stm32 9.0.1/armtools/bin/../lib/gcc/arm-atollic-eabi/6.3.1/../../../../arm-atollic-eabi/lib/armv7e-m/fpu\libc_nano.a(lib_a-nano-mallocr.o) (_sbrk_r)
c:/program files (x86)/atollic/truestudio for stm32 9.0.1/armtools/bin/../lib/gcc/arm-atollic-eabi/6.3.1/../../../../arm-atollic-eabi/lib/armv7e-m/fpu\libc_nano.a(lib_a-sprintf.o)
                              Src\main.o (sprintf)
c:/program files (x86)/atollic/truestudio for stm32 9.0.1/armtools/bin/../lib/gcc/arm-atollic-eabi/6.3.1/../../../../arm-atollic-eabi/lib/armv7e-m/fpu\libc_nano.a(lib_a-strlen.o)
                              Src\main.o (strlen)
c:/program files (x86)/atollic/truestudio for stm32 9.0.1/armtools/bin/../lib/gcc/arm-atollic-eabi/6.3.1/../../../../arm-atollic-eabi/lib/armv7e-m/fpu\libc_nano.a(lib_a-strncpy.o)
                              VL53L1X_API\core\vl53l1_api.o (strncpy)
c:/program files (x86)/atollic/truestudio for stm32 9.0.1/armtools/bin/../lib/gcc/arm-atollic-eabi/6.3.1/../../../../arm-atollic-eabi/lib/armv7e-m/fpu\libc_nano.a(lib_a-impure.o)
                              c:/program files (x86)/atollic/truestudio for stm32 9.0.1/armtools/bin/../lib/gcc/arm-atollic-eabi/6.3.1/../../../../arm-atollic-eabi/lib/armv7e-m/fpu\libc_nano.a(lib_a-malloc.o) (_impure_ptr)
c:/program files (x86)/atollic/truestudio for stm32 9.0.1/armtools/bin/../lib/gcc/arm-atollic-eabi/6.3.1/../../../../arm-atollic-eabi/lib/armv7e-m/fpu\libc_nano.a(lib_a-mlock.o)
                              c:/program files (x86)/atollic/truestudio for stm32 9.0.1/armtools/bin/../lib/gcc/arm-atollic-eabi/6.3.1/../../../../arm-atollic-eabi/lib/armv7e-m/fpu\libc_nano.a(lib_a-nano-freer.o) (__malloc_lock)
c:/program files (x86)/atollic/truestudio for stm32 9.0.1/armtools/bin/../lib/gcc/arm-atollic-eabi/6.3.1/../../../../arm-atollic-eabi/lib/armv7e-m/fpu\libc_nano.a(lib_a-nano-svfprintf.o)
                              c:/program files (x86)/atollic/truestudio for stm32 9.0.1/armtools/bin/../lib/gcc/arm-atollic-eabi/6.3.1/../../../../arm-atollic-eabi/lib/armv7e-m/fpu\libc_nano.a(lib_a-sprintf.o) (_svfprintf_r)
c:/program files (x86)/atollic/truestudio for stm32 9.0.1/armtools/bin/../lib/gcc/arm-atollic-eabi/6.3.1/../../../../arm-atollic-eabi/lib/armv7e-m/fpu\libc_nano.a(lib_a-nano-vfprintf_i.o)
                              c:/program files (x86)/atollic/truestudio for stm32 9.0.1/armtools/bin/../lib/gcc/arm-atollic-eabi/6.3.1/../../../../arm-atollic-eabi/lib/armv7e-m/fpu\libc_nano.a(lib_a-nano-svfprintf.o) (_printf_i)
c:/program files (x86)/atollic/truestudio for stm32 9.0.1/armtools/bin/../lib/gcc/arm-atollic-eabi/6.3.1/../../../../arm-atollic-eabi/lib/armv7e-m/fpu\libc_nano.a(lib_a-reent.o)
[...]
Memory Configuration

Name             Origin             Length             Attributes
RAM              0x20000000         0x00020000         xrw
FLASH            0x08000000         0x00080000         xr
*default*        0x00000000         0xffffffff

Linker script and memory map

LOAD c:/program files (x86)/atollic/truestudio for stm32 9.0.1/armtools/bin/../lib/gcc/arm-atollic-eabi/6.3.1/armv7e-m/fpu/crti.o
LOAD c:/program files (x86)/atollic/truestudio for stm32 9.0.1/armtools/bin/../lib/gcc/arm-atollic-eabi/6.3.1/armv7e-m/fpu/crtbegin.o
LOAD Drivers\STM32F4xx_HAL_Driver\Src\stm32f4xx_hal.o
LOAD Drivers\STM32F4xx_HAL_Driver\Src\stm32f4xx_hal_cortex.o
LOAD Drivers\STM32F4xx_HAL_Driver\Src\stm32f4xx_hal_dma.o
LOAD Drivers\STM32F4xx_HAL_Driver\Src\stm32f4xx_hal_dma_ex.o
LOAD Drivers\STM32F4xx_HAL_Driver\Src\stm32f4xx_hal_flash.o
LOAD Drivers\STM32F4xx_HAL_Driver\Src\stm32f4xx_hal_flash_ex.o
LOAD Drivers\STM32F4xx_HAL_Driver\Src\stm32f4xx_hal_flash_ramfunc.o
LOAD Drivers\STM32F4xx_HAL_Driver\Src\stm32f4xx_hal_gpio.o
LOAD Drivers\STM32F4xx_HAL_Driver\Src\stm32f4xx_hal_i2c.o
LOAD Drivers\STM32F4xx_HAL_Driver\Src\stm32f4xx_hal_i2c_ex.o
LOAD Drivers\STM32F4xx_HAL_Driver\Src\stm32f4xx_hal_pcd.o
LOAD Drivers\STM32F4xx_HAL_Driver\Src\stm32f4xx_hal_pcd_ex.o
LOAD Drivers\STM32F4xx_HAL_Driver\Src\stm32f4xx_hal_pwr.o
LOAD Drivers\STM32F4xx_HAL_Driver\Src\stm32f4xx_hal_pwr_ex.o
LOAD Drivers\STM32F4xx_HAL_Driver\Src\stm32f4xx_hal_rcc.o
LOAD Drivers\STM32F4xx_HAL_Driver\Src\stm32f4xx_hal_rcc_ex.o
LOAD Drivers\STM32F4xx_HAL_Driver\Src\stm32f4xx_hal_spi.o
LOAD Drivers\STM32F4xx_HAL_Driver\Src\stm32f4xx_hal_tim.o
LOAD Drivers\STM32F4xx_HAL_Driver\Src\stm32f4xx_hal_tim_ex.o
LOAD Drivers\STM32F4xx_HAL_Driver\Src\stm32f4xx_hal_uart.o
LOAD Drivers\STM32F4xx_HAL_Driver\Src\stm32f4xx_ll_usb.o
LOAD Middlewares\ST\STM32_USB_Device_Library\Class\CDC\Src\usbd_cdc.o
LOAD Middlewares\ST\STM32_USB_Device_Library\Core\Src\usbd_core.o
LOAD Middlewares\ST\STM32_USB_Device_Library\Core\Src\usbd_ctlreq.o
LOAD Middlewares\ST\STM32_USB_Device_Library\Core\Src\usbd_ioreq.o
LOAD Src\main.o
LOAD Src\stm32f4xx_hal_msp.o
LOAD Src\stm32f4xx_it.o
LOAD Src\system_stm32f4xx.o
LOAD Src\usb_device.o
LOAD Src\usbd_cdc_if.o
LOAD Src\usbd_conf.o
LOAD Src\usbd_desc.o
LOAD VL53L1X_API\core\vl53l1_api.o
LOAD VL53L1X_API\core\vl53l1_api_calibration.o
LOAD VL53L1X_API\core\vl53l1_api_core.o
LOAD VL53L1X_API\core\vl53l1_api_debug.o
LOAD VL53L1X_API\core\vl53l1_api_preset_modes.o
LOAD VL53L1X_API\core\vl53l1_api_strings.o
LOAD VL53L1X_API\core\vl53l1_core.o
LOAD VL53L1X_API\core\vl53l1_core_support.o
LOAD VL53L1X_API\core\vl53l1_error_strings.o
LOAD VL53L1X_API\core\vl53l1_register_funcs.o
LOAD VL53L1X_API\core\vl53l1_silicon_core.o
LOAD VL53L1X_API\core\vl53l1_wait.o
LOAD VL53L1X_API\platform\vl53l1_platform.o
LOAD startup\startup_stm32f411xe.o
                0x00000080                malloc_getpagesize_P = 0x80
START GROUP
LOAD c:/program files (x86)/atollic/truestudio for stm32 9.0.1/armtools/bin/../lib/gcc/arm-atollic-eabi/6.3.1/../../../../arm-atollic-eabi/lib/armv7e-m/fpu\libc_nano.a
LOAD c:/program files (x86)/atollic/truestudio for stm32 9.0.1/armtools/bin/../lib/gcc/arm-atollic-eabi/6.3.1/../../../../arm-atollic-eabi/lib/armv7e-m/fpu\libm.a
END GROUP
START GROUP
LOAD c:/program files (x86)/atollic/truestudio for stm32 9.0.1/armtools/bin/../lib/gcc/arm-atollic-eabi/6.3.1/armv7e-m/fpu\libgcc.a
LOAD c:/program files (x86)/atollic/truestudio for stm32 9.0.1/armtools/bin/../lib/gcc/arm-atollic-eabi/6.3.1/../../../../arm-atollic-eabi/lib/armv7e-m/fpu\libc_nano.a
END GROUP
START GROUP
LOAD c:/program files (x86)/atollic/truestudio for stm32 9.0.1/armtools/bin/../lib/gcc/arm-atollic-eabi/6.3.1/armv7e-m/fpu\libgcc.a
LOAD c:/program files (x86)/atollic/truestudio for stm32 9.0.1/armtools/bin/../lib/gcc/arm-atollic-eabi/6.3.1/../../../../arm-atollic-eabi/lib/armv7e-m/fpu\libc_nano.a
LOAD c:/program files (x86)/atollic/truestudio for stm32 9.0.1/armtools/bin/../lib/gcc/arm-atollic-eabi/6.3.1/../../../../arm-atollic-eabi/lib/armv7e-m/fpu\libnosys.a
END GROUP
START GROUP
LOAD c:/program files (x86)/atollic/truestudio for stm32 9.0.1/armtools/bin/../lib/gcc/arm-atollic-eabi/6.3.1/armv7e-m/fpu\libgcc.a
LOAD c:/program files (x86)/atollic/truestudio for stm32 9.0.1/armtools/bin/../lib/gcc/arm-atollic-eabi/6.3.1/../../../../arm-atollic-eabi/lib/armv7e-m/fpu\libc_nano.a
LOAD c:/program files (x86)/atollic/truestudio for stm32 9.0.1/armtools/bin/../lib/gcc/arm-atollic-eabi/6.3.1/../../../../arm-atollic-eabi/lib/armv7e-m/fpu\libnosys.a
END GROUP
LOAD c:/program files (x86)/atollic/truestudio for stm32 9.0.1/armtools/bin/../lib/gcc/arm-atollic-eabi/6.3.1/armv7e-m/fpu/crtend.o
LOAD c:/program files (x86)/atollic/truestudio for stm32 9.0.1/armtools/bin/../lib/gcc/arm-atollic-eabi/6.3.1/armv7e-m/fpu/crtn.o
                0x20020000                _estack = 0x20020000
                0x00000200                _Min_Heap_Size = 0x200
                0x00000400                _Min_Stack_Size = 0x400

.isr_vector     0x08000000      0x198
                0x08000000                . = ALIGN (0x4)
 *(.isr_vector)
 .isr_vector    0x08000000      0x198 startup\startup_stm32f411xe.o
                0x08000000                g_pfnVectors
                0x08000198                . = ALIGN (0x4)

.text           0x080001a0     0x74d0
                0x080001a0                . = ALIGN (0x4)
 *(.text)
 .text          0x080001a0       0x40 c:/program files (x86)/atollic/truestudio for stm32 9.0.1/armtools/bin/../lib/gcc/arm-atollic-eabi/6.3.1/armv7e-m/fpu/crtbegin.o
 .text          0x080001e0       0x10 c:/program files (x86)/atollic/truestudio for stm32 9.0.1/armtools/bin/../lib/gcc/arm-atollic-eabi/6.3.1/../../../../arm-atollic-eabi/lib/armv7e-m/fpu\libc_nano.a(lib_a-strlen.o)
                0x080001e0                strlen
 .text          0x080001f0       0xa0 c:/program files (x86)/atollic/truestudio for stm32 9.0.1/armtools/bin/../lib/gcc/arm-atollic-eabi/6.3.1/../../../../arm-atollic-eabi/lib/armv7e-m/fpu\libc_nano.a(lib_a-memchr.o)
                0x080001f0                memchr
 .text          0x08000290       0x30 c:/program files (x86)/atollic/truestudio for stm32 9.0.1/armtools/bin/../lib/gcc/arm-atollic-eabi/6.3.1/armv7e-m/fpu\libgcc.a(_aeabi_uldivmod.o)
                0x08000290                __aeabi_uldivmod
 .text          0x080002c0      0x2dc c:/program files (x86)/atollic/truestudio for stm32 9.0.1/armtools/bin/../lib/gcc/arm-atollic-eabi/6.3.1/armv7e-m/fpu\libgcc.a(_udivmoddi4.o)
                0x080002c0                __udivmoddi4
 .text          0x0800059c        0x4 c:/program files (x86)/atollic/truestudio for stm32 9.0.1/armtools/bin/../lib/gcc/arm-atollic-eabi/6.3.1/armv7e-m/fpu\libgcc.a(_dvmd_tls.o)
                0x0800059c                __aeabi_idiv0
                0x0800059c                __aeabi_ldiv0
 *(.text*)
 .text.HAL_InitTick
                0x080005a0       0x48 Drivers\STM32F4xx_HAL_Driver\Src\stm32f4xx_hal.o
                0x080005a0                HAL_InitTick
 .text.HAL_Init
                0x080005e8       0x34 Drivers\STM32F4xx_HAL_Driver\Src\stm32f4xx_hal.o
                0x080005e8                HAL_Init
 .text.HAL_IncTick
                0x0800061c       0x18 Drivers\STM32F4xx_HAL_Driver\Src\stm32f4xx_hal.o
                0x0800061c                HAL_IncTick
 .text.HAL_GetTick
                0x08000634        0xc Drivers\STM32F4xx_HAL_Driver\Src\stm32f4xx_hal.o
                0x08000634                HAL_GetTick
 .text.HAL_Delay
                0x08000640       0x28 Drivers\STM32F4xx_HAL_Driver\Src\stm32f4xx_hal.o
                0x08000640                HAL_Delay
 .text.HAL_NVIC_SetPriorityGrouping
                0x08000668       0x24 Drivers\STM32F4xx_HAL_Driver\Src\stm32f4xx_hal_cortex.o
                0x08000668                HAL_NVIC_SetPriorityGrouping
 .text.HAL_NVIC_SetPriority
                0x0800068c       0x68 Drivers\STM32F4xx_HAL_Driver\Src\stm32f4xx_hal_cortex.o
                0x0800068c                HAL_NVIC_SetPriority
 .text.HAL_NVIC_EnableIRQ
                0x080006f4       0x18 Drivers\STM32F4xx_HAL_Driver\Src\stm32f4xx_hal_cortex.o
                0x080006f4                HAL_NVIC_EnableIRQ
 .text.HAL_SYSTICK_Config
                0x0800070c       0x2c Drivers\STM32F4xx_HAL_Driver\Src\stm32f4xx_hal_cortex.o
                0x0800070c                HAL_SYSTICK_Config
 .text.HAL_SYSTICK_CLKSourceConfig
                0x08000738       0x18 Drivers\STM32F4xx_HAL_Driver\Src\stm32f4xx_hal_cortex.o
                0x08000738                HAL_SYSTICK_CLKSourceConfig
 .text.HAL_SYSTICK_Callback
                0x08000750        0x2 Drivers\STM32F4xx_HAL_Driver\Src\stm32f4xx_hal_cortex.o
                0x08000750                HAL_SYSTICK_Callback
 .text.HAL_SYSTICK_IRQHandler
                0x08000752        0x8 Drivers\STM32F4xx_HAL_Driver\Src\stm32f4xx_hal_cortex.o
                0x08000752                HAL_SYSTICK_IRQHandler
 .text.HAL_DMA_Abort_IT
                0x0800075a       0x24 Drivers\STM32F4xx_HAL_Driver\Src\stm32f4xx_hal_dma.o
                0x0800075a                HAL_DMA_Abort_IT
 *fill*         0x0800077e        0x2 
 .text.HAL_GPIO_Init
                0x08000780      0x1ac Drivers\STM32F4xx_HAL_Driver\Src\stm32f4xx_hal_gpio.o
                0x08000780                HAL_GPIO_Init
 .text.HAL_GPIO_WritePin
                0x0800092c        0xa Drivers\STM32F4xx_HAL_Driver\Src\stm32f4xx_hal_gpio.o
                0x0800092c                HAL_GPIO_WritePin
 .text.I2C_IsAcknowledgeFailed
                0x08000936       0x2a Drivers\STM32F4xx_HAL_Driver\Src\stm32f4xx_hal_i2c.o
 .text.I2C_WaitOnMasterAddressFlagUntilTimeout
                0x08000960       0x80 Drivers\STM32F4xx_HAL_Driver\Src\stm32f4xx_hal_i2c.o
 .text.I2C_WaitOnFlagUntilTimeout
                0x080009e0       0x5c Drivers\STM32F4xx_HAL_Driver\Src\stm32f4xx_hal_i2c.o
 .text.I2C_WaitOnTXEFlagUntilTimeout
                0x08000a3c       0x4c Drivers\STM32F4xx_HAL_Driver\Src\stm32f4xx_hal_i2c.o
 .text.I2C_WaitOnRXNEFlagUntilTimeout
                0x08000a88       0x5a Drivers\STM32F4xx_HAL_Driver\Src\stm32f4xx_hal_i2c.o
 .text.I2C_WaitOnBTFFlagUntilTimeout
                0x08000ae2       0x4c Drivers\STM32F4xx_HAL_Driver\Src\stm32f4xx_hal_i2c.o
 *fill*         0x08000b2e        0x2 
 .text.HAL_I2C_Init
                0x08000b30       0xdc Drivers\STM32F4xx_HAL_Driver\Src\stm32f4xx_hal_i2c.o
                0x08000b30                HAL_I2C_Init
 .text.HAL_I2C_Master_Transmit
                0x08000c0c      0x1ac Drivers\STM32F4xx_HAL_Driver\Src\stm32f4xx_hal_i2c.o
                0x08000c0c                HAL_I2C_Master_Transmit
 .text.HAL_I2C_Master_Receive
                0x08000db8      0x2ec Drivers\STM32F4xx_HAL_Driver\Src\stm32f4xx_hal_i2c.o
                0x08000db8                HAL_I2C_Master_Receive
 .text.HAL_I2C_IsDeviceReady
                0x080010a4      0x15c Drivers\STM32F4xx_HAL_Driver\Src\stm32f4xx_hal_i2c.o
                0x080010a4                HAL_I2C_IsDeviceReady
 .text.HAL_PCD_Init
                0x08001200       0xd8 Drivers\STM32F4xx_HAL_Driver\Src\stm32f4xx_hal_pcd.o
                0x08001200                HAL_PCD_Init
 .text.HAL_PCD_Start
                0x080012d8       0x2a Drivers\STM32F4xx_HAL_Driver\Src\stm32f4xx_hal_pcd.o
                0x080012d8                HAL_PCD_Start
 *fill*         0x08001302        0x2 
 .text.HAL_PCD_IRQHandler
                0x08001304      0x558 Drivers\STM32F4xx_HAL_Driver\Src\stm32f4xx_hal_pcd.o
                0x08001304                HAL_PCD_IRQHandler
 .text.HAL_PCD_SetAddress
                0x0800185c       0x24 Drivers\STM32F4xx_HAL_Driver\Src\stm32f4xx_hal_pcd.o
                0x0800185c                HAL_PCD_SetAddress
 .text.HAL_PCD_EP_Open
                0x08001880       0x5c Drivers\STM32F4xx_HAL_Driver\Src\stm32f4xx_hal_pcd.o
                0x08001880                HAL_PCD_EP_Open
 .text.HAL_PCD_EP_Close
                0x080018dc       0x46 Drivers\STM32F4xx_HAL_Driver\Src\stm32f4xx_hal_pcd.o
                0x080018dc                HAL_PCD_EP_Close
 .text.HAL_PCD_EP_Receive
                0x08001922       0x48 Drivers\STM32F4xx_HAL_Driver\Src\stm32f4xx_hal_pcd.o
                0x08001922                HAL_PCD_EP_Receive
 .text.HAL_PCD_EP_GetRxCount
                0x0800196a       0x10 Drivers\STM32F4xx_HAL_Driver\Src\stm32f4xx_hal_pcd.o
                0x0800196a                HAL_PCD_EP_GetRxCount
 .text.HAL_PCD_EP_Transmit
                0x0800197a       0x40 Drivers\STM32F4xx_HAL_Driver\Src\stm32f4xx_hal_pcd.o
                0x0800197a                HAL_PCD_EP_Transmit
 .text.HAL_PCD_EP_SetStall
                0x080019ba       0x58 Drivers\STM32F4xx_HAL_Driver\Src\stm32f4xx_hal_pcd.o
                0x080019ba                HAL_PCD_EP_SetStall
 .text.HAL_PCD_EP_ClrStall
                0x08001a12       0x4a Drivers\STM32F4xx_HAL_Driver\Src\stm32f4xx_hal_pcd.o
                0x08001a12                HAL_PCD_EP_ClrStall
 .text.HAL_PCDEx_SetTxFiFo
                0x08001a5c       0x42 Drivers\STM32F4xx_HAL_Driver\Src\stm32f4xx_hal_pcd_ex.o
                0x08001a5c                HAL_PCDEx_SetTxFiFo
 .text.HAL_PCDEx_SetRxFiFo
                0x08001a9e        0x8 Drivers\STM32F4xx_HAL_Driver\Src\stm32f4xx_hal_pcd_ex.o
                0x08001a9e                HAL_PCDEx_SetRxFiFo
 *fill*         0x08001aa6        0x2 
 .text.HAL_RCC_OscConfig
                0x08001aa8      0x304 Drivers\STM32F4xx_HAL_Driver\Src\stm32f4xx_hal_rcc.o
                0x08001aa8                HAL_RCC_OscConfig
 .text.HAL_RCC_GetSysClockFreq
                0x08001dac       0x5c Drivers\STM32F4xx_HAL_Driver\Src\stm32f4xx_hal_rcc.o
                0x08001dac                HAL_RCC_GetSysClockFreq
 .text.HAL_RCC_ClockConfig
                0x08001e08      0x134 Drivers\STM32F4xx_HAL_Driver\Src\stm32f4xx_hal_rcc.o
                0x08001e08                HAL_RCC_ClockConfig
 .text.HAL_RCC_GetHCLKFreq
                0x08001f3c        0xc Drivers\STM32F4xx_HAL_Driver\Src\stm32f4xx_hal_rcc.o
                0x08001f3c                HAL_RCC_GetHCLKFreq
 .text.HAL_RCC_GetPCLK1Freq
                0x08001f48       0x20 Drivers\STM32F4xx_HAL_Driver\Src\stm32f4xx_hal_rcc.o
                0x08001f48                HAL_RCC_GetPCLK1Freq
 .text.HAL_RCC_GetPCLK2Freq
                0x08001f68       0x20 Drivers\STM32F4xx_HAL_Driver\Src\stm32f4xx_hal_rcc.o
                0x08001f68                HAL_RCC_GetPCLK2Freq
 .text.UART_EndRxTransfer
                0x08001f88       0x1a Drivers\STM32F4xx_HAL_Driver\Src\stm32f4xx_hal_uart.o
 *fill*         0x08001fa2        0x2 
 .text.UART_SetConfig
                0x08001fa4      0x234 Drivers\STM32F4xx_HAL_Driver\Src\stm32f4xx_hal_uart.o
 .text.UART_WaitOnFlagUntilTimeout.constprop.3
                0x080021d8       0x50 Drivers\STM32F4xx_HAL_Driver\Src\stm32f4xx_hal_uart.o
 .text.HAL_UART_Init
                0x08002228       0x5c Drivers\STM32F4xx_HAL_Driver\Src\stm32f4xx_hal_uart.o
                0x08002228                HAL_UART_Init
 .text.HAL_UART_Transmit
                0x08002284       0xba Drivers\STM32F4xx_HAL_Driver\Src\stm32f4xx_hal_uart.o
                0x08002284                HAL_UART_Transmit
 .text.HAL_UART_TxCpltCallback
                0x0800233e        0x2 Drivers\STM32F4xx_HAL_Driver\Src\stm32f4xx_hal_uart.o
                0x0800233e                HAL_UART_TxCpltCallback
 .text.HAL_UART_RxCpltCallback
                0x08002340        0x2 Drivers\STM32F4xx_HAL_Driver\Src\stm32f4xx_hal_uart.o
                0x08002340                HAL_UART_RxCpltCallback
 .text.UART_Receive_IT
                0x08002342       0x74 Drivers\STM32F4xx_HAL_Driver\Src\stm32f4xx_hal_uart.o
 .text.HAL_UART_ErrorCallback
                0x080023b6        0x2 Drivers\STM32F4xx_HAL_Driver\Src\stm32f4xx_hal_uart.o
                0x080023b6                HAL_UART_ErrorCallback
 .text.HAL_UART_IRQHandler
                0x080023b8      0x140 Drivers\STM32F4xx_HAL_Driver\Src\stm32f4xx_hal_uart.o
                0x080023b8                HAL_UART_IRQHandler
 .text.UART_DMAAbortOnError
                0x080024f8       0x10 Drivers\STM32F4xx_HAL_Driver\Src\stm32f4xx_hal_uart.o
 .text.USB_CoreInit
                0x08002508       0x74 Drivers\STM32F4xx_HAL_Driver\Src\stm32f4xx_ll_usb.o
                0x08002508                USB_CoreInit
 .text.USB_EnableGlobalInt
                0x0800257c        0xc Drivers\STM32F4xx_HAL_Driver\Src\stm32f4xx_ll_usb.o
                0x0800257c                USB_EnableGlobalInt
 .text.USB_DisableGlobalInt
                0x08002588        0xc Drivers\STM32F4xx_HAL_Driver\Src\stm32f4xx_ll_usb.o
                0x08002588                USB_DisableGlobalInt
 .text.USB_SetCurrentMode
                0x08002594       0x2e Drivers\STM32F4xx_HAL_Driver\Src\stm32f4xx_ll_usb.o
                0x08002594                USB_SetCurrentMode
 *fill*         0x080025c2        0x2 
 .text.USB_DevInit
                0x080025c4      0x138 Drivers\STM32F4xx_HAL_Driver\Src\stm32f4xx_ll_usb.o
                0x080025c4                USB_DevInit
 .text.USB_FlushTxFifo
                0x080026fc       0x24 Drivers\STM32F4xx_HAL_Driver\Src\stm32f4xx_ll_usb.o
                0x080026fc                USB_FlushTxFifo
 .text.USB_FlushRxFifo
                0x08002720       0x20 Drivers\STM32F4xx_HAL_Driver\Src\stm32f4xx_ll_usb.o
                0x08002720                USB_FlushRxFifo
 .text.USB_SetDevSpeed
                0x08002740        0xe Drivers\STM32F4xx_HAL_Driver\Src\stm32f4xx_ll_usb.o
                0x08002740                USB_SetDevSpeed
 .text.USB_GetDevSpeed
                0x0800274e       0x36 Drivers\STM32F4xx_HAL_Driver\Src\stm32f4xx_ll_usb.o
                0x0800274e                USB_GetDevSpeed
 .text.USB_ActivateEndpoint
                0x08002784       0x7e Drivers\STM32F4xx_HAL_Driver\Src\stm32f4xx_ll_usb.o
                0x08002784                USB_ActivateEndpoint
 .text.USB_DeactivateEndpoint
                0x08002802        0x4 Drivers\STM32F4xx_HAL_Driver\Src\stm32f4xx_ll_usb.o
                0x08002802                USB_DeactivateEndpoint
 *fill*         0x08002806        0x2 
 .text.USB_DeactivateDedicatedEndpoint
                0x08002808       0xb0 Drivers\STM32F4xx_HAL_Driver\Src\stm32f4xx_ll_usb.o
                0x08002808                USB_DeactivateDedicatedEndpoint
 .text.USB_EPStartXfer
                0x080028b8      0x18c Drivers\STM32F4xx_HAL_Driver\Src\stm32f4xx_ll_usb.o
                0x080028b8                USB_EPStartXfer
 .text.USB_EP0StartXfer
                0x08002a44       0xda Drivers\STM32F4xx_HAL_Driver\Src\stm32f4xx_ll_usb.o
                0x08002a44                USB_EP0StartXfer
 .text.USB_WritePacket
                0x08002b1e       0x28 Drivers\STM32F4xx_HAL_Driver\Src\stm32f4xx_ll_usb.o
                0x08002b1e                USB_WritePacket
 .text.USB_ReadPacket
                0x08002b46       0x1c Drivers\STM32F4xx_HAL_Driver\Src\stm32f4xx_ll_usb.o
                0x08002b46                USB_ReadPacket
 .text.USB_EPSetStall
                0x08002b62       0x3e Drivers\STM32F4xx_HAL_Driver\Src\stm32f4xx_ll_usb.o
                0x08002b62                USB_EPSetStall
 .text.USB_EPClearStall
                0x08002ba0       0x32 Drivers\STM32F4xx_HAL_Driver\Src\stm32f4xx_ll_usb.o
                0x08002ba0                USB_EPClearStall
 .text.USB_SetDevAddress
                0x08002bd2       0x20 Drivers\STM32F4xx_HAL_Driver\Src\stm32f4xx_ll_usb.o
                0x08002bd2                USB_SetDevAddress
 .text.USB_DevConnect
                0x08002bf2       0x18 Drivers\STM32F4xx_HAL_Driver\Src\stm32f4xx_ll_usb.o
                0x08002bf2                USB_DevConnect
 .text.USB_DevDisconnect
                0x08002c0a       0x18 Drivers\STM32F4xx_HAL_Driver\Src\stm32f4xx_ll_usb.o
                0x08002c0a                USB_DevDisconnect
 .text.USB_ReadInterrupts
                0x08002c22        0x8 Drivers\STM32F4xx_HAL_Driver\Src\stm32f4xx_ll_usb.o
                0x08002c22                USB_ReadInterrupts
 .text.USB_ReadDevAllOutEpInterrupt
                0x08002c2a       0x10 Drivers\STM32F4xx_HAL_Driver\Src\stm32f4xx_ll_usb.o
                0x08002c2a                USB_ReadDevAllOutEpInterrupt
 .text.USB_ReadDevAllInEpInterrupt
                0x08002c3a       0x10 Drivers\STM32F4xx_HAL_Driver\Src\stm32f4xx_ll_usb.o
                0x08002c3a                USB_ReadDevAllInEpInterrupt
 .text.USB_ReadDevOutEPInterrupt
                0x08002c4a       0x14 Drivers\STM32F4xx_HAL_Driver\Src\stm32f4xx_ll_usb.o
                0x08002c4a                USB_ReadDevOutEPInterrupt
 .text.USB_ReadDevInEPInterrupt
                0x08002c5e       0x20 Drivers\STM32F4xx_HAL_Driver\Src\stm32f4xx_ll_usb.o
                0x08002c5e                USB_ReadDevInEPInterrupt
 .text.USB_GetMode
                0x08002c7e        0x8 Drivers\STM32F4xx_HAL_Driver\Src\stm32f4xx_ll_usb.o
                0x08002c7e                USB_GetMode
 .text.USB_ActivateSetup
                0x08002c86       0x36 Drivers\STM32F4xx_HAL_Driver\Src\stm32f4xx_ll_usb.o
                0x08002c86                USB_ActivateSetup
 .text.USB_EP0_OutStart
                0x08002cbc       0x46 Drivers\STM32F4xx_HAL_Driver\Src\stm32f4xx_ll_usb.o
                0x08002cbc                USB_EP0_OutStart
 *fill*         0x08002d02        0x2 
 .text.USB_CoreReset
                0x08002d04       0x30 Drivers\STM32F4xx_HAL_Driver\Src\stm32f4xx_ll_usb.o
 .text.USBD_CDC_DataIn
                0x08002d34       0x12 Middlewares\ST\STM32_USB_Device_Library\Class\CDC\Src\usbd_cdc.o
 .text.USBD_CDC_EP0_RxReady
                0x08002d46       0x28 Middlewares\ST\STM32_USB_Device_Library\Class\CDC\Src\usbd_cdc.o
 *fill*         0x08002d6e        0x2 
 .text.USBD_CDC_GetFSCfgDesc
                0x08002d70        0xc Middlewares\ST\STM32_USB_Device_Library\Class\CDC\Src\usbd_cdc.o
 .text.USBD_CDC_GetHSCfgDesc
                0x08002d7c        0xc Middlewares\ST\STM32_USB_Device_Library\Class\CDC\Src\usbd_cdc.o
 .text.USBD_CDC_GetOtherSpeedCfgDesc
                0x08002d88        0xc Middlewares\ST\STM32_USB_Device_Library\Class\CDC\Src\usbd_cdc.o
 .text.USBD_CDC_GetDeviceQualifierDescriptor
                0x08002d94        0xc Middlewares\ST\STM32_USB_Device_Library\Class\CDC\Src\usbd_cdc.o
                0x08002d94                USBD_CDC_GetDeviceQualifierDescriptor
 .text.USBD_CDC_DataOut
                0x08002da0       0x2e Middlewares\ST\STM32_USB_Device_Library\Class\CDC\Src\usbd_cdc.o
 *fill*         0x08002dce        0x2 
 .text.USBD_CDC_Setup
                0x08002dd0       0x68 Middlewares\ST\STM32_USB_Device_Library\Class\CDC\Src\usbd_cdc.o
 .text.USBD_CDC_DeInit
                0x08002e38       0x3a Middlewares\ST\STM32_USB_Device_Library\Class\CDC\Src\usbd_cdc.o
 .text.USBD_CDC_Init
                0x08002e72       0x8c Middlewares\ST\STM32_USB_Device_Library\Class\CDC\Src\usbd_cdc.o
 .text.USBD_CDC_RegisterInterface
                0x08002efe        0xe Middlewares\ST\STM32_USB_Device_Library\Class\CDC\Src\usbd_cdc.o
                0x08002efe                USBD_CDC_RegisterInterface
 .text.USBD_CDC_SetTxBuffer
                0x08002f0c       0x10 Middlewares\ST\STM32_USB_Device_Library\Class\CDC\Src\usbd_cdc.o
                0x08002f0c                USBD_CDC_SetTxBuffer
 .text.USBD_CDC_SetRxBuffer
                0x08002f1c        0xc Middlewares\ST\STM32_USB_Device_Library\Class\CDC\Src\usbd_cdc.o
                0x08002f1c                USBD_CDC_SetRxBuffer
 .text.USBD_CDC_ReceivePacket
                0x08002f28       0x26 Middlewares\ST\STM32_USB_Device_Library\Class\CDC\Src\usbd_cdc.o
                0x08002f28                USBD_CDC_ReceivePacket
 .text.USBD_Init
                0x08002f4e       0x2a Middlewares\ST\STM32_USB_Device_Library\Core\Src\usbd_core.o
                0x08002f4e                USBD_Init
 .text.USBD_RegisterClass
                0x08002f78        0xe Middlewares\ST\STM32_USB_Device_Library\Core\Src\usbd_core.o
                0x08002f78                USBD_RegisterClass
 .text.USBD_Start
                0x08002f86        0xa Middlewares\ST\STM32_USB_Device_Library\Core\Src\usbd_core.o
                0x08002f86                USBD_Start
 .text.USBD_SetClassConfig
                0x08002f90       0x16 Middlewares\ST\STM32_USB_Device_Library\Core\Src\usbd_core.o
                0x08002f90                USBD_SetClassConfig
 .text.USBD_ClrClassConfig
                0x08002fa6        0xe Middlewares\ST\STM32_USB_Device_Library\Core\Src\usbd_core.o
                0x08002fa6                USBD_ClrClassConfig
 .text.USBD_LL_SetupStage
                0x08002fb4       0x5a Middlewares\ST\STM32_USB_Device_Library\Core\Src\usbd_core.o
                0x08002fb4                USBD_LL_SetupStage
 .text.USBD_LL_DataOutStage
                0x0800300e       0x64 Middlewares\ST\STM32_USB_Device_Library\Core\Src\usbd_core.o
                0x0800300e                USBD_LL_DataOutStage
 .text.USBD_LL_DataInStage
                0x08003072       0x9e Middlewares\ST\STM32_USB_Device_Library\Core\Src\usbd_core.o
                0x08003072                USBD_LL_DataInStage
 .text.USBD_LL_Reset
                0x08003110       0x3e Middlewares\ST\STM32_USB_Device_Library\Core\Src\usbd_core.o
                0x08003110                USBD_LL_Reset
 .text.USBD_LL_SetSpeed
                0x0800314e        0x6 Middlewares\ST\STM32_USB_Device_Library\Core\Src\usbd_core.o
                0x0800314e                USBD_LL_SetSpeed
 .text.USBD_LL_Suspend
                0x08003154       0x12 Middlewares\ST\STM32_USB_Device_Library\Core\Src\usbd_core.o
                0x08003154                USBD_LL_Suspend
 .text.USBD_LL_Resume
                0x08003166        0xc Middlewares\ST\STM32_USB_Device_Library\Core\Src\usbd_core.o
                0x08003166                USBD_LL_Resume
 .text.USBD_LL_SOF
                0x08003172       0x18 Middlewares\ST\STM32_USB_Device_Library\Core\Src\usbd_core.o
                0x08003172                USBD_LL_SOF
 .text.USBD_LL_IsoINIncomplete
                0x0800318a        0x4 Middlewares\ST\STM32_USB_Device_Library\Core\Src\usbd_core.o
                0x0800318a                USBD_LL_IsoINIncomplete
 .text.USBD_LL_IsoOUTIncomplete
                0x0800318e        0x4 Middlewares\ST\STM32_USB_Device_Library\Core\Src\usbd_core.o
                0x0800318e                USBD_LL_IsoOUTIncomplete
 .text.USBD_LL_DevConnected
                0x08003192        0x4 Middlewares\ST\STM32_USB_Device_Library\Core\Src\usbd_core.o
                0x08003192                USBD_LL_DevConnected
 .text.USBD_LL_DevDisconnected
                0x08003196       0x16 Middlewares\ST\STM32_USB_Device_Library\Core\Src\usbd_core.o
                0x08003196                USBD_LL_DevDisconnected
 .text.USBD_CtlError.constprop.0
                0x080031ac       0x16 Middlewares\ST\STM32_USB_Device_Library\Core\Src\usbd_ctlreq.o
 *fill*         0x080031c2        0x2 
 .text.USBD_StdDevReq
                0x080031c4      0x1f4 Middlewares\ST\STM32_USB_Device_Library\Core\Src\usbd_ctlreq.o
                0x080031c4                USBD_StdDevReq
 .text.USBD_StdItfReq
                0x080033b8       0x30 Middlewares\ST\STM32_USB_Device_Library\Core\Src\usbd_ctlreq.o
                0x080033b8                USBD_StdItfReq
 .text.USBD_StdEPReq
                0x080033e8       0xc6 Middlewares\ST\STM32_USB_Device_Library\Core\Src\usbd_ctlreq.o
                0x080033e8                USBD_StdEPReq
 .text.USBD_ParseSetupRequest
                0x080034ae       0x28 Middlewares\ST\STM32_USB_Device_Library\Core\Src\usbd_ctlreq.o
                0x080034ae                USBD_ParseSetupRequest
 .text.USBD_GetString
                0x080034d6       0x38 Middlewares\ST\STM32_USB_Device_Library\Core\Src\usbd_ctlreq.o
                0x080034d6                USBD_GetString
 .text.USBD_CtlSendData
                0x0800350e       0x1a Middlewares\ST\STM32_USB_Device_Library\Core\Src\usbd_ioreq.o
                0x0800350e                USBD_CtlSendData
 .text.USBD_CtlContinueSendData
                0x08003528       0x10 Middlewares\ST\STM32_USB_Device_Library\Core\Src\usbd_ioreq.o
                0x08003528                USBD_CtlContinueSendData
 .text.USBD_CtlPrepareRx
                0x08003538       0x1e Middlewares\ST\STM32_USB_Device_Library\Core\Src\usbd_ioreq.o
                0x08003538                USBD_CtlPrepareRx
 .text.USBD_CtlContinueRx
                0x08003556       0x10 Middlewares\ST\STM32_USB_Device_Library\Core\Src\usbd_ioreq.o
                0x08003556                USBD_CtlContinueRx
 .text.USBD_CtlSendStatus
                0x08003566       0x16 Middlewares\ST\STM32_USB_Device_Library\Core\Src\usbd_ioreq.o
                0x08003566                USBD_CtlSendStatus
 .text.USBD_CtlReceiveStatus
                0x0800357c       0x16 Middlewares\ST\STM32_USB_Device_Library\Core\Src\usbd_ioreq.o
                0x0800357c                USBD_CtlReceiveStatus
 *fill*         0x08003592        0x2 
 .text.enableSensor
                0x08003594      0x484 Src\main.o
                0x08003594                enableSensor
 .text.scan     0x08003a18       0x9c Src\main.o
                0x08003a18                scan
 .text.SystemClock_Config
                0x08003ab4       0xac Src\main.o
                0x08003ab4                SystemClock_Config
 .text.startup.main
                0x08003b60      0x324 Src\main.o
                0x08003b60                main
 .text._Error_Handler
                0x08003e84        0x2 Src\main.o
                0x08003e84                _Error_Handler
 *fill*         0x08003e86        0x2 
 .text.HAL_MspInit
                0x08003e88       0x90 Src\stm32f4xx_hal_msp.o
                0x08003e88                HAL_MspInit
 .text.HAL_I2C_MspInit
                0x08003f18      0x108 Src\stm32f4xx_hal_msp.o
                0x08003f18                HAL_I2C_MspInit
 .text.HAL_UART_MspInit
                0x08004020       0xa4 Src\stm32f4xx_hal_msp.o
                0x08004020                HAL_UART_MspInit
 .text.NMI_Handler
                0x080040c4        0x2 Src\stm32f4xx_it.o
                0x080040c4                NMI_Handler
 .text.HardFault_Handler
                0x080040c6        0x2 Src\stm32f4xx_it.o
                0x080040c6                HardFault_Handler
 .text.MemManage_Handler
                0x080040c8        0x2 Src\stm32f4xx_it.o
                0x080040c8                MemManage_Handler
 .text.BusFault_Handler
                0x080040ca        0x2 Src\stm32f4xx_it.o
                0x080040ca                BusFault_Handler
 .text.UsageFault_Handler
                0x080040cc        0x2 Src\stm32f4xx_it.o
                0x080040cc                UsageFault_Handler
 .text.SVC_Handler
                0x080040ce        0x2 Src\stm32f4xx_it.o
                0x080040ce                SVC_Handler
 .text.DebugMon_Handler
                0x080040d0        0x2 Src\stm32f4xx_it.o
                0x080040d0                DebugMon_Handler
 .text.PendSV_Handler
                0x080040d2        0x2 Src\stm32f4xx_it.o
                0x080040d2                PendSV_Handler
 .text.SysTick_Handler
                0x080040d4        0xe Src\stm32f4xx_it.o
                0x080040d4                SysTick_Handler
 *fill*         0x080040e2        0x2 
 .text.USART1_IRQHandler
                0x080040e4        0xc Src\stm32f4xx_it.o
                0x080040e4                USART1_IRQHandler
 .text.OTG_FS_IRQHandler
                0x080040f0        0xc Src\stm32f4xx_it.o
                0x080040f0                OTG_FS_IRQHandler
 .text.SystemInit
                0x080040fc       0x4c Src\system_stm32f4xx.o
                0x080040fc                SystemInit
 .text.MX_USB_DEVICE_Init
                0x08004148       0x38 Src\usb_device.o
                0x08004148                MX_USB_DEVICE_Init
 .text.CDC_DeInit_FS
                0x08004180        0x4 Src\usbd_cdc_if.o
 .text.CDC_Control_FS
                0x08004184        0x4 Src\usbd_cdc_if.o
 .text.CDC_Receive_FS
                0x08004188       0x1c Src\usbd_cdc_if.o
 .text.CDC_Init_FS
                0x080041a4       0x28 Src\usbd_cdc_if.o
 .text.HAL_PCD_MspInit
                0x080041cc       0x64 Src\usbd_conf.o
                0x080041cc                HAL_PCD_MspInit
 .text.HAL_PCD_SetupStageCallback
                0x08004230        0xc Src\usbd_conf.o
                0x08004230                HAL_PCD_SetupStageCallback
 .text.HAL_PCD_DataOutStageCallback
                0x0800423c       0x12 Src\usbd_conf.o
                0x0800423c                HAL_PCD_DataOutStageCallback
 .text.HAL_PCD_DataInStageCallback
                0x0800424e       0x10 Src\usbd_conf.o
                0x0800424e                HAL_PCD_DataInStageCallback
 .text.HAL_PCD_SOFCallback
                0x0800425e        0x8 Src\usbd_conf.o
                0x0800425e                HAL_PCD_SOFCallback
 .text.HAL_PCD_ResetCallback
                0x08004266       0x20 Src\usbd_conf.o
                0x08004266                HAL_PCD_ResetCallback
 *fill*         0x08004286        0x2 
 .text.HAL_PCD_SuspendCallback
                0x08004288       0x30 Src\usbd_conf.o
                0x08004288                HAL_PCD_SuspendCallback
 .text.HAL_PCD_ResumeCallback
                0x080042b8        0x8 Src\usbd_conf.o
                0x080042b8                HAL_PCD_ResumeCallback
 .text.HAL_PCD_ISOOUTIncompleteCallback
                0x080042c0        0x8 Src\usbd_conf.o
                0x080042c0                HAL_PCD_ISOOUTIncompleteCallback
 .text.HAL_PCD_ISOINIncompleteCallback
                0x080042c8        0x8 Src\usbd_conf.o
                0x080042c8                HAL_PCD_ISOINIncompleteCallback
 .text.HAL_PCD_ConnectCallback
                0x080042d0        0x8 Src\usbd_conf.o
                0x080042d0                HAL_PCD_ConnectCallback
 .text.HAL_PCD_DisconnectCallback
                0x080042d8        0x8 Src\usbd_conf.o
                0x080042d8                HAL_PCD_DisconnectCallback
 .text.USBD_LL_Init
                0x080042e0       0x68 Src\usbd_conf.o
                0x080042e0                USBD_LL_Init
 .text.USBD_LL_Start
                0x08004348       0x1c Src\usbd_conf.o
                0x08004348                USBD_LL_Start
 .text.USBD_LL_OpenEP
                0x08004364       0x20 Src\usbd_conf.o
                0x08004364                USBD_LL_OpenEP
 .text.USBD_LL_CloseEP
                0x08004384       0x1c Src\usbd_conf.o
                0x08004384                USBD_LL_CloseEP
 .text.USBD_LL_StallEP
                0x080043a0       0x1c Src\usbd_conf.o
                0x080043a0                USBD_LL_StallEP
 .text.USBD_LL_ClearStallEP
                0x080043bc       0x1c Src\usbd_conf.o
                0x080043bc                USBD_LL_ClearStallEP
 .text.USBD_LL_IsStallEP
                0x080043d8       0x26 Src\usbd_conf.o
                0x080043d8                USBD_LL_IsStallEP
 *fill*         0x080043fe        0x2 
 .text.USBD_LL_SetUSBAddress
                0x08004400       0x1c Src\usbd_conf.o
                0x08004400                USBD_LL_SetUSBAddress
 .text.USBD_LL_Transmit
                0x0800441c       0x1c Src\usbd_conf.o
                0x0800441c                USBD_LL_Transmit
 .text.USBD_LL_PrepareReceive
                0x08004438       0x1c Src\usbd_conf.o
                0x08004438                USBD_LL_PrepareReceive
 .text.USBD_LL_GetRxDataSize
                0x08004454        0xc Src\usbd_conf.o
                0x08004454                USBD_LL_GetRxDataSize
 .text.USBD_FS_DeviceDescriptor
                0x08004460        0xc Src\usbd_desc.o
                0x08004460                USBD_FS_DeviceDescriptor
 .text.USBD_FS_LangIDStrDescriptor
                0x0800446c        0xc Src\usbd_desc.o
                0x0800446c                USBD_FS_LangIDStrDescriptor
 .text.USBD_FS_ManufacturerStrDescriptor
                0x08004478       0x1c Src\usbd_desc.o
                0x08004478                USBD_FS_ManufacturerStrDescriptor
 .text.USBD_FS_ProductStrDescriptor
                0x08004494       0x1c Src\usbd_desc.o
                0x08004494                USBD_FS_ProductStrDescriptor
 .text.USBD_FS_SerialStrDescriptor
                0x080044b0       0x1c Src\usbd_desc.o
                0x080044b0                USBD_FS_SerialStrDescriptor
 .text.USBD_FS_ConfigStrDescriptor
                0x080044cc       0x1c Src\usbd_desc.o
                0x080044cc                USBD_FS_ConfigStrDescriptor
 .text.USBD_FS_InterfaceStrDescriptor
                0x080044e8       0x1c Src\usbd_desc.o
                0x080044e8                USBD_FS_InterfaceStrDescriptor
 .text.SetPresetMode
                0x08004504       0xd0 VL53L1X_API\core\vl53l1_api.o
 .text.SetLimitValue
                0x080045d4       0x24 VL53L1X_API\core\vl53l1_api.o
 .text.VL53L1_SetDeviceAddress
                0x080045f8        0x8 VL53L1X_API\core\vl53l1_api.o
                0x080045f8                VL53L1_SetDeviceAddress
 .text.VL53L1_WaitDeviceBooted
                0x08004600        0x8 VL53L1X_API\core\vl53l1_api.o
                0x08004600                VL53L1_WaitDeviceBooted
 .text.VL53L1_SetDistanceMode
                0x08004608       0x76 VL53L1X_API\core\vl53l1_api.o
                0x08004608                VL53L1_SetDistanceMode
 *fill*         0x0800467e        0x2 
 .text.VL53L1_SetMeasurementTimingBudgetMicroSeconds
                0x08004680      0x108 VL53L1X_API\core\vl53l1_api.o
                0x08004680                VL53L1_SetMeasurementTimingBudgetMicroSeconds
 .text.VL53L1_SetPresetMode
                0x08004788       0x48 VL53L1X_API\core\vl53l1_api.o
                0x08004788                VL53L1_SetPresetMode
 .text.VL53L1_StaticInit
                0x080047d0       0x1c VL53L1X_API\core\vl53l1_api.o
                0x080047d0                VL53L1_StaticInit
 .text.VL53L1_GetMeasurementTimingBudgetMicroSeconds
                0x080047ec       0xd4 VL53L1X_API\core\vl53l1_api.o
                0x080047ec                VL53L1_GetMeasurementTimingBudgetMicroSeconds
 .text.VL53L1_SetInterMeasurementPeriodMilliSeconds
                0x080048c0       0x10 VL53L1X_API\core\vl53l1_api.o
                0x080048c0                VL53L1_SetInterMeasurementPeriodMilliSeconds
 .text.VL53L1_GetInterMeasurementPeriodMilliSeconds
                0x080048d0       0x1e VL53L1X_API\core\vl53l1_api.o
                0x080048d0                VL53L1_GetInterMeasurementPeriodMilliSeconds
 .text.VL53L1_SetLimitCheckEnable
                0x080048ee       0x36 VL53L1X_API\core\vl53l1_api.o
                0x080048ee                VL53L1_SetLimitCheckEnable
 .text.VL53L1_SetLimitCheckValue
                0x08004924       0x36 VL53L1X_API\core\vl53l1_api.o
                0x08004924                VL53L1_SetLimitCheckValue
 .text.VL53L1_DataInit
                0x0800495a       0x50 VL53L1X_API\core\vl53l1_api.o
                0x0800495a                VL53L1_DataInit
 .text.VL53L1_GetLimitCheckValue
                0x080049aa       0x5a VL53L1X_API\core\vl53l1_api.o
                0x080049aa                VL53L1_GetLimitCheckValue
 .text.VL53L1_StartMeasurement
                0x08004a04       0x6e VL53L1X_API\core\vl53l1_api.o
                0x08004a04                VL53L1_StartMeasurement
 .text.VL53L1_ClearInterruptAndStartMeasurement
                0x08004a72       0x88 VL53L1X_API\core\vl53l1_api.o
                0x08004a72                VL53L1_ClearInterruptAndStartMeasurement
 .text.VL53L1_GetMeasurementDataReady
                0x08004afa        0x4 VL53L1X_API\core\vl53l1_api.o
                0x08004afa                VL53L1_GetMeasurementDataReady
 *fill*         0x08004afe        0x2 
 .text.VL53L1_GetRangingMeasurementData
                0x08004b00      0x150 VL53L1X_API\core\vl53l1_api.o
                0x08004b00                VL53L1_GetRangingMeasurementData
 .text.VL53L1_set_inter_measurement_period_ms
                0x08004c50       0x18 VL53L1X_API\core\vl53l1_api_core.o
                0x08004c50                VL53L1_set_inter_measurement_period_ms
 .text.VL53L1_get_inter_measurement_period_ms
                0x08004c68       0x1a VL53L1X_API\core\vl53l1_api_core.o
                0x08004c68                VL53L1_get_inter_measurement_period_ms
 .text.VL53L1_set_timeouts_us
                0x08004c82       0x30 VL53L1X_API\core\vl53l1_api_core.o
                0x08004c82                VL53L1_set_timeouts_us
 .text.VL53L1_get_timeouts_us
                0x08004cb2       0x72 VL53L1X_API\core\vl53l1_api_core.o
                0x08004cb2                VL53L1_get_timeouts_us
 .text.VL53L1_get_sequence_config_bit
                0x08004d24       0x26 VL53L1X_API\core\vl53l1_api_core.o
                0x08004d24                VL53L1_get_sequence_config_bit
 .text.VL53L1_set_user_zone
                0x08004d4a       0x22 VL53L1X_API\core\vl53l1_api_core.o
                0x08004d4a                VL53L1_set_user_zone
 .text.VL53L1_get_user_zone
                0x08004d6c       0x22 VL53L1X_API\core\vl53l1_api_core.o
                0x08004d6c                VL53L1_get_user_zone
 .text.VL53L1_get_mode_mitigation_roi
                0x08004d8e       0x40 VL53L1X_API\core\vl53l1_api_core.o
                0x08004d8e                VL53L1_get_mode_mitigation_roi
 .text.VL53L1_read_p2p_data
                0x08004dce       0x78 VL53L1X_API\core\vl53l1_api_core.o
                0x08004dce                VL53L1_read_p2p_data
 .text.VL53L1_get_preset_mode_timing_cfg
                0x08004e46       0x72 VL53L1X_API\core\vl53l1_api_core.o
                0x08004e46                VL53L1_get_preset_mode_timing_cfg
 .text.VL53L1_set_preset_mode
                0x08004eb8      0x170 VL53L1X_API\core\vl53l1_api_core.o
                0x08004eb8                VL53L1_set_preset_mode
 .text.VL53L1_data_init
                0x08005028       0xb2 VL53L1X_API\core\vl53l1_api_core.o
                0x08005028                VL53L1_data_init
 .text.VL53L1_get_lite_sigma_threshold
                0x080050da        0xa VL53L1X_API\core\vl53l1_api_core.o
                0x080050da                VL53L1_get_lite_sigma_threshold
 .text.VL53L1_set_lite_sigma_threshold
                0x080050e4        0x8 VL53L1X_API\core\vl53l1_api_core.o
                0x080050e4                VL53L1_set_lite_sigma_threshold
 .text.VL53L1_get_lite_min_count_rate
                0x080050ec        0xa VL53L1X_API\core\vl53l1_api_core.o
                0x080050ec                VL53L1_get_lite_min_count_rate
 .text.VL53L1_set_lite_min_count_rate
                0x080050f6        0x8 VL53L1X_API\core\vl53l1_api_core.o
                0x080050f6                VL53L1_set_lite_min_count_rate
 *fill*         0x080050fe        0x2 
 .text.VL53L1_init_and_start_range
                0x08005100      0x1b4 VL53L1X_API\core\vl53l1_api_core.o
                0x08005100                VL53L1_init_and_start_range
 .text.VL53L1_stop_range
                0x080052b4       0x44 VL53L1X_API\core\vl53l1_api_core.o
                0x080052b4                VL53L1_stop_range
 .text.VL53L1_get_measurement_results
                0x080052f8       0x5c VL53L1X_API\core\vl53l1_api_core.o
                0x080052f8                VL53L1_get_measurement_results
 .text.VL53L1_clear_interrupt_and_enable_next_range
                0x08005354        0x6 VL53L1X_API\core\vl53l1_api_core.o
                0x08005354                VL53L1_clear_interrupt_and_enable_next_range
 *fill*         0x0800535a        0x2 
 .text.VL53L1_copy_sys_and_core_results_to_range_results
                0x0800535c      0x168 VL53L1X_API\core\vl53l1_api_core.o
                0x0800535c                VL53L1_copy_sys_and_core_results_to_range_results
 .text.VL53L1_get_device_results
                0x080054c4       0x8c VL53L1X_API\core\vl53l1_api_core.o
                0x080054c4                VL53L1_get_device_results
 .text.VL53L1_get_tuning_parm
                0x08005550      0x1ae VL53L1X_API\core\vl53l1_api_core.o
                0x08005550                VL53L1_get_tuning_parm
 .text.VL53L1_init_refspadchar_config_struct
                0x080056fe       0x24 VL53L1X_API\core\vl53l1_api_preset_modes.o
                0x080056fe                VL53L1_init_refspadchar_config_struct
 .text.VL53L1_init_ssc_config_struct
                0x08005722       0x1e VL53L1X_API\core\vl53l1_api_preset_modes.o
                0x08005722                VL53L1_init_ssc_config_struct
 .text.VL53L1_init_xtalk_config_struct
                0x08005740       0x4a VL53L1X_API\core\vl53l1_api_preset_modes.o
                0x08005740                VL53L1_init_xtalk_config_struct
 .text.VL53L1_init_offset_cal_config_struct
                0x0800578a       0x24 VL53L1X_API\core\vl53l1_api_preset_modes.o
                0x0800578a                VL53L1_init_offset_cal_config_struct
 .text.VL53L1_init_tuning_parm_storage_struct
                0x080057ae       0x96 VL53L1X_API\core\vl53l1_api_preset_modes.o
                0x080057ae                VL53L1_init_tuning_parm_storage_struct
 .text.VL53L1_preset_mode_standard_ranging
                0x08005844      0x148 VL53L1X_API\core\vl53l1_api_preset_modes.o
                0x08005844                VL53L1_preset_mode_standard_ranging
 .text.VL53L1_preset_mode_standard_ranging_short_range
                0x0800598c       0x3c VL53L1X_API\core\vl53l1_api_preset_modes.o
                0x0800598c                VL53L1_preset_mode_standard_ranging_short_range
 .text.VL53L1_preset_mode_standard_ranging_long_range
                0x080059c8       0x3c VL53L1X_API\core\vl53l1_api_preset_modes.o
                0x080059c8                VL53L1_preset_mode_standard_ranging_long_range
 .text.VL53L1_preset_mode_standard_ranging_mm1_cal
                0x08005a04       0x20 VL53L1X_API\core\vl53l1_api_preset_modes.o
                0x08005a04                VL53L1_preset_mode_standard_ranging_mm1_cal
 .text.VL53L1_preset_mode_standard_ranging_mm2_cal
                0x08005a24       0x20 VL53L1X_API\core\vl53l1_api_preset_modes.o
                0x08005a24                VL53L1_preset_mode_standard_ranging_mm2_cal
 .text.VL53L1_preset_mode_timed_ranging
                0x08005a44       0x36 VL53L1X_API\core\vl53l1_api_preset_modes.o
                0x08005a44                VL53L1_preset_mode_timed_ranging
 .text.VL53L1_preset_mode_timed_ranging_short_range
                0x08005a7a       0x38 VL53L1X_API\core\vl53l1_api_preset_modes.o
                0x08005a7a                VL53L1_preset_mode_timed_ranging_short_range
 .text.VL53L1_preset_mode_timed_ranging_long_range
                0x08005ab2       0x36 VL53L1X_API\core\vl53l1_api_preset_modes.o
                0x08005ab2                VL53L1_preset_mode_timed_ranging_long_range
 .text.VL53L1_preset_mode_low_power_auto_ranging
                0x08005ae8       0x2a VL53L1X_API\core\vl53l1_api_preset_modes.o
                0x08005ae8                VL53L1_preset_mode_low_power_auto_ranging
 .text.VL53L1_preset_mode_low_power_auto_short_ranging
                0x08005b12       0x2a VL53L1X_API\core\vl53l1_api_preset_modes.o
                0x08005b12                VL53L1_preset_mode_low_power_auto_short_ranging
 .text.VL53L1_preset_mode_low_power_auto_long_ranging
                0x08005b3c       0x2a VL53L1X_API\core\vl53l1_api_preset_modes.o
                0x08005b3c                VL53L1_preset_mode_low_power_auto_long_ranging
 .text.VL53L1_preset_mode_singleshot_ranging
                0x08005b66       0x30 VL53L1X_API\core\vl53l1_api_preset_modes.o
                0x08005b66                VL53L1_preset_mode_singleshot_ranging
 .text.VL53L1_preset_mode_olt
                0x08005b96       0x18 VL53L1X_API\core\vl53l1_api_preset_modes.o
                0x08005b96                VL53L1_preset_mode_olt
 .text.VL53L1_init_version
                0x08005bae       0x1a VL53L1X_API\core\vl53l1_core.o
                0x08005bae                VL53L1_init_version
 .text.VL53L1_init_ll_driver_state
                0x08005bc8       0x26 VL53L1X_API\core\vl53l1_core.o
                0x08005bc8                VL53L1_init_ll_driver_state
 .text.VL53L1_update_ll_driver_rd_state
                0x08005bee       0x90 VL53L1X_API\core\vl53l1_core.o
                0x08005bee                VL53L1_update_ll_driver_rd_state
 .text.VL53L1_check_ll_driver_rd_state
                0x08005c7e       0x58 VL53L1X_API\core\vl53l1_core.o
                0x08005c7e                VL53L1_check_ll_driver_rd_state
 .text.VL53L1_update_ll_driver_cfg_state
                0x08005cd6       0x78 VL53L1X_API\core\vl53l1_core.o
                0x08005cd6                VL53L1_update_ll_driver_cfg_state
 .text.VL53L1_copy_rtn_good_spads_to_buffer
                0x08005d4e       0xa2 VL53L1X_API\core\vl53l1_core.o
                0x08005d4e                VL53L1_copy_rtn_good_spads_to_buffer
 .text.VL53L1_i2c_encode_uint16_t
                0x08005df0       0x10 VL53L1X_API\core\vl53l1_core.o
                0x08005df0                VL53L1_i2c_encode_uint16_t
 .text.VL53L1_i2c_decode_uint16_t
                0x08005e00       0x16 VL53L1X_API\core\vl53l1_core.o
                0x08005e00                VL53L1_i2c_decode_uint16_t
 .text.VL53L1_i2c_encode_int16_t
                0x08005e16       0x10 VL53L1X_API\core\vl53l1_core.o
                0x08005e16                VL53L1_i2c_encode_int16_t
 .text.VL53L1_i2c_decode_int16_t
                0x08005e26       0x1c VL53L1X_API\core\vl53l1_core.o
                0x08005e26                VL53L1_i2c_decode_int16_t
 .text.VL53L1_i2c_encode_uint32_t
                0x08005e42       0x10 VL53L1X_API\core\vl53l1_core.o
                0x08005e42                VL53L1_i2c_encode_uint32_t
 .text.VL53L1_i2c_decode_uint32_t
                0x08005e52       0x14 VL53L1X_API\core\vl53l1_core.o
                0x08005e52                VL53L1_i2c_decode_uint32_t
 .text.VL53L1_i2c_decode_int32_t
                0x08005e66       0x1a VL53L1X_API\core\vl53l1_core.o
                0x08005e66                VL53L1_i2c_decode_int32_t
 .text.VL53L1_calc_macro_period_us
                0x08005e80       0x1e VL53L1X_API\core\vl53l1_core.o
                0x08005e80                VL53L1_calc_macro_period_us
 .text.VL53L1_calc_range_ignore_threshold
                0x08005e9e       0x4a VL53L1X_API\core\vl53l1_core.o
                0x08005e9e                VL53L1_calc_range_ignore_threshold
 .text.VL53L1_calc_timeout_us
                0x08005ee8       0x12 VL53L1X_API\core\vl53l1_core.o
                0x08005ee8                VL53L1_calc_timeout_us
 .text.VL53L1_encode_timeout
                0x08005efa       0x1e VL53L1X_API\core\vl53l1_core.o
                0x08005efa                VL53L1_encode_timeout
 .text.VL53L1_calc_encoded_timeout
                0x08005f18        0xe VL53L1X_API\core\vl53l1_core.o
                0x08005f18                VL53L1_calc_encoded_timeout
 .text.VL53L1_decode_timeout
                0x08005f26        0xc VL53L1X_API\core\vl53l1_core.o
                0x08005f26                VL53L1_decode_timeout
 .text.VL53L1_calc_decoded_timeout_us
                0x08005f32       0x18 VL53L1X_API\core\vl53l1_core.o
                0x08005f32                VL53L1_calc_decoded_timeout_us
 .text.VL53L1_calc_timeout_register_values
                0x08005f4a       0x7e VL53L1X_API\core\vl53l1_core.o
                0x08005f4a                VL53L1_calc_timeout_register_values
 .text.VL53L1_encode_row_col
                0x08005fc8       0x16 VL53L1X_API\core\vl53l1_core.o
                0x08005fc8                VL53L1_encode_row_col
 .text.VL53L1_decode_zone_size
                0x08005fde        0xc VL53L1X_API\core\vl53l1_core.o
                0x08005fde                VL53L1_decode_zone_size
 .text.VL53L1_encode_zone_size
                0x08005fea        0x8 VL53L1X_API\core\vl53l1_core.o
                0x08005fea                VL53L1_encode_zone_size
 .text.VL53L1_low_power_auto_data_init
                0x08005ff2       0x2c VL53L1X_API\core\vl53l1_core.o
                0x08005ff2                VL53L1_low_power_auto_data_init
 .text.VL53L1_low_power_auto_data_stop_range
                0x0800601e       0x32 VL53L1X_API\core\vl53l1_core.o
                0x0800601e                VL53L1_low_power_auto_data_stop_range
 .text.VL53L1_config_low_power_auto_mode
                0x08006050       0x1a VL53L1X_API\core\vl53l1_core.o
                0x08006050                VL53L1_config_low_power_auto_mode
 .text.VL53L1_low_power_auto_setup_manual_calibration
                0x0800606a       0x3e VL53L1X_API\core\vl53l1_core.o
                0x0800606a                VL53L1_low_power_auto_setup_manual_calibration
 .text.VL53L1_low_power_auto_update_DSS
                0x080060a8       0x50 VL53L1X_API\core\vl53l1_core.o
                0x080060a8                VL53L1_low_power_auto_update_DSS
 .text.VL53L1_calc_pll_period_us
                0x080060f8        0xa VL53L1X_API\core\vl53l1_core_support.o
                0x080060f8                VL53L1_calc_pll_period_us
 .text.VL53L1_decode_vcsel_period
                0x08006102        0xa VL53L1X_API\core\vl53l1_core_support.o
                0x08006102                VL53L1_decode_vcsel_period
 .text.VL53L1_decode_row_col
                0x0800610c       0x26 VL53L1X_API\core\vl53l1_core_support.o
                0x0800610c                VL53L1_decode_row_col
 .text.VL53L1_i2c_encode_static_nvm_managed
                0x08006132       0x5a VL53L1X_API\core\vl53l1_register_funcs.o
                0x08006132                VL53L1_i2c_encode_static_nvm_managed
 .text.VL53L1_i2c_decode_static_nvm_managed
                0x0800618c       0x5a VL53L1X_API\core\vl53l1_register_funcs.o
                0x0800618c                VL53L1_i2c_decode_static_nvm_managed
 .text.VL53L1_get_static_nvm_managed
                0x080061e6       0x1e VL53L1X_API\core\vl53l1_register_funcs.o
                0x080061e6                VL53L1_get_static_nvm_managed
 .text.VL53L1_i2c_encode_customer_nvm_managed
                0x08006204       0xa2 VL53L1X_API\core\vl53l1_register_funcs.o
                0x08006204                VL53L1_i2c_encode_customer_nvm_managed
 .text.VL53L1_i2c_decode_customer_nvm_managed
                0x080062a6       0x9a VL53L1X_API\core\vl53l1_register_funcs.o
                0x080062a6                VL53L1_i2c_decode_customer_nvm_managed
 .text.VL53L1_get_customer_nvm_managed
                0x08006340       0x20 VL53L1X_API\core\vl53l1_register_funcs.o
                0x08006340                VL53L1_get_customer_nvm_managed
 .text.VL53L1_i2c_encode_static_config
                0x08006360       0xdc VL53L1X_API\core\vl53l1_register_funcs.o
                0x08006360                VL53L1_i2c_encode_static_config
 .text.VL53L1_i2c_encode_general_config
                0x0800643c       0x8a VL53L1X_API\core\vl53l1_register_funcs.o
                0x0800643c                VL53L1_i2c_encode_general_config
 .text.VL53L1_i2c_encode_timing_config
                0x080064c6       0x86 VL53L1X_API\core\vl53l1_register_funcs.o
                0x080064c6                VL53L1_i2c_encode_timing_config
 .text.VL53L1_i2c_encode_dynamic_config
                0x0800654c       0x84 VL53L1X_API\core\vl53l1_register_funcs.o
                0x0800654c                VL53L1_i2c_encode_dynamic_config
 .text.VL53L1_i2c_encode_system_control
                0x080065d0       0x32 VL53L1X_API\core\vl53l1_register_funcs.o
                0x080065d0                VL53L1_i2c_encode_system_control
 .text.VL53L1_set_system_control
                0x08006602       0x20 VL53L1X_API\core\vl53l1_register_funcs.o
                0x08006602                VL53L1_set_system_control
 .text.VL53L1_i2c_decode_system_results
                0x08006622      0x11e VL53L1X_API\core\vl53l1_register_funcs.o
                0x08006622                VL53L1_i2c_decode_system_results
 .text.VL53L1_i2c_decode_core_results
                0x08006740       0x76 VL53L1X_API\core\vl53l1_register_funcs.o
                0x08006740                VL53L1_i2c_decode_core_results
 .text.VL53L1_i2c_decode_debug_results
                0x080067b6      0x1b2 VL53L1X_API\core\vl53l1_register_funcs.o
                0x080067b6                VL53L1_i2c_decode_debug_results
 .text.VL53L1_i2c_decode_nvm_copy_data
                0x08006968      0x14a VL53L1X_API\core\vl53l1_register_funcs.o
                0x08006968                VL53L1_i2c_decode_nvm_copy_data
 .text.VL53L1_get_nvm_copy_data
                0x08006ab2       0x22 VL53L1X_API\core\vl53l1_register_funcs.o
                0x08006ab2                VL53L1_get_nvm_copy_data
 .text.VL53L1_is_new_data_ready
                0x08006ad4       0x34 VL53L1X_API\core\vl53l1_wait.o
                0x08006ad4                VL53L1_is_new_data_ready
 .text.VL53L1_poll_for_boot_completion
                0x08006b08       0x34 VL53L1X_API\core\vl53l1_wait.o
                0x08006b08                VL53L1_poll_for_boot_completion
 .text._I2CWrite
                0x08006b3c       0x1e VL53L1X_API\platform\vl53l1_platform.o
                0x08006b3c                _I2CWrite
 .text._I2CRead
                0x08006b5a       0x20 VL53L1X_API\platform\vl53l1_platform.o
                0x08006b5a                _I2CRead
 *fill*         0x08006b7a        0x2 
 .text.VL53L1_WriteMulti
                0x08006b7c       0x40 VL53L1X_API\platform\vl53l1_platform.o
                0x08006b7c                VL53L1_WriteMulti
 .text.VL53L1_ReadMulti
                0x08006bbc       0x30 VL53L1X_API\platform\vl53l1_platform.o
                0x08006bbc                VL53L1_ReadMulti
 .text.VL53L1_WrByte
                0x08006bec       0x24 VL53L1X_API\platform\vl53l1_platform.o
                0x08006bec                VL53L1_WrByte
 .text.VL53L1_RdByte
                0x08006c10       0x30 VL53L1X_API\platform\vl53l1_platform.o
                0x08006c10                VL53L1_RdByte
 .text.VL53L1_RdWord
                0x08006c40       0x3c VL53L1X_API\platform\vl53l1_platform.o
                0x08006c40                VL53L1_RdWord
 .text.VL53L1_WaitUs
                0x08006c7c       0x12 VL53L1X_API\platform\vl53l1_platform.o
                0x08006c7c                VL53L1_WaitUs
 *fill*         0x08006c8e        0x2 
 .text.VL53L1_WaitValueMaskEx
                0x08006c90       0x7c VL53L1X_API\platform\vl53l1_platform.o
                0x08006c90                VL53L1_WaitValueMaskEx
 .text.Reset_Handler
                0x08006d0c       0x50 startup\startup_stm32f411xe.o
                0x08006d0c                Reset_Handler
 .text.Default_Handler
                0x08006d5c        0x2 startup\startup_stm32f411xe.o
                0x08006d5c                RTC_Alarm_IRQHandler
                0x08006d5c                EXTI2_IRQHandler
                0x08006d5c                SPI4_IRQHandler
                0x08006d5c                TIM1_CC_IRQHandler
                0x08006d5c                DMA2_Stream5_IRQHandler
                0x08006d5c                DMA1_Stream5_IRQHandler
                0x08006d5c                PVD_IRQHandler
                0x08006d5c                SDIO_IRQHandler
                0x08006d5c                TAMP_STAMP_IRQHandler
                0x08006d5c                EXTI3_IRQHandler
                0x08006d5c                TIM1_UP_TIM10_IRQHandler
                0x08006d5c                I2C3_ER_IRQHandler
                0x08006d5c                EXTI0_IRQHandler
                0x08006d5c                I2C2_EV_IRQHandler
                0x08006d5c                DMA1_Stream2_IRQHandler
                0x08006d5c                FPU_IRQHandler
                0x08006d5c                DMA2_Stream2_IRQHandler
                0x08006d5c                SPI1_IRQHandler
                0x08006d5c                TIM1_BRK_TIM9_IRQHandler
                0x08006d5c                DMA2_Stream3_IRQHandler
                0x08006d5c                USART6_IRQHandler
                0x08006d5c                DMA2_Stream0_IRQHandler
                0x08006d5c                TIM4_IRQHandler
                0x08006d5c                I2C1_EV_IRQHandler
                0x08006d5c                DMA1_Stream6_IRQHandler
                0x08006d5c                DMA1_Stream1_IRQHandler
                0x08006d5c                TIM3_IRQHandler
                0x08006d5c                RCC_IRQHandler
                0x08006d5c                Default_Handler
                0x08006d5c                EXTI15_10_IRQHandler
                0x08006d5c                ADC_IRQHandler
                0x08006d5c                DMA1_Stream7_IRQHandler
                0x08006d5c                SPI5_IRQHandler
                0x08006d5c                TIM5_IRQHandler
                0x08006d5c                DMA2_Stream7_IRQHandler
                0x08006d5c                I2C3_EV_IRQHandler
                0x08006d5c                EXTI9_5_IRQHandler
                0x08006d5c                RTC_WKUP_IRQHandler
                0x08006d5c                SPI2_IRQHandler
                0x08006d5c                DMA1_Stream0_IRQHandler
                0x08006d5c                EXTI4_IRQHandler
                0x08006d5c                WWDG_IRQHandler
                0x08006d5c                TIM2_IRQHandler
                0x08006d5c                OTG_FS_WKUP_IRQHandler
                0x08006d5c                TIM1_TRG_COM_TIM11_IRQHandler
                0x08006d5c                EXTI1_IRQHandler
                0x08006d5c                USART2_IRQHandler
                0x08006d5c                I2C2_ER_IRQHandler
                0x08006d5c                DMA2_Stream1_IRQHandler
                0x08006d5c                FLASH_IRQHandler
                0x08006d5c                DMA2_Stream4_IRQHandler
                0x08006d5c                SPI3_IRQHandler
                0x08006d5c                DMA1_Stream4_IRQHandler
                0x08006d5c                I2C1_ER_IRQHandler
                0x08006d5c                DMA2_Stream6_IRQHandler
                0x08006d5c                DMA1_Stream3_IRQHandler
 *fill*         0x08006d5e        0x2 
 .text.__libc_init_array
                0x08006d60       0x48 c:/program files (x86)/atollic/truestudio for stm32 9.0.1/armtools/bin/../lib/gcc/arm-atollic-eabi/6.3.1/../../../../arm-atollic-eabi/lib/armv7e-m/fpu\libc_nano.a(lib_a-init.o)
                0x08006d60                __libc_init_array
 .text.malloc   0x08006da8       0x10 c:/program files (x86)/atollic/truestudio for stm32 9.0.1/armtools/bin/../lib/gcc/arm-atollic-eabi/6.3.1/../../../../arm-atollic-eabi/lib/armv7e-m/fpu\libc_nano.a(lib_a-malloc.o)
                0x08006da8                malloc
 .text.free     0x08006db8       0x10 c:/program files (x86)/atollic/truestudio for stm32 9.0.1/armtools/bin/../lib/gcc/arm-atollic-eabi/6.3.1/../../../../arm-atollic-eabi/lib/armv7e-m/fpu\libc_nano.a(lib_a-malloc.o)
                0x08006db8                free
 .text.memcpy   0x08006dc8       0x16 c:/program files (x86)/atollic/truestudio for stm32 9.0.1/armtools/bin/../lib/gcc/arm-atollic-eabi/6.3.1/../../../../arm-atollic-eabi/lib/armv7e-m/fpu\libc_nano.a(lib_a-memcpy-stub.o)
                0x08006dc8                memcpy
 .text.memset   0x08006dde       0x10 c:/program files (x86)/atollic/truestudio for stm32 9.0.1/armtools/bin/../lib/gcc/arm-atollic-eabi/6.3.1/../../../../arm-atollic-eabi/lib/armv7e-m/fpu\libc_nano.a(lib_a-memset.o)
                0x08006dde                memset
 *fill*         0x08006dee        0x2 
 .text._free_r  0x08006df0       0x9c c:/program files (x86)/atollic/truestudio for stm32 9.0.1/armtools/bin/../lib/gcc/arm-atollic-eabi/6.3.1/../../../../arm-atollic-eabi/lib/armv7e-m/fpu\libc_nano.a(lib_a-nano-freer.o)
                0x08006df0                _free_r
 .text._malloc_r
                0x08006e8c       0xbc c:/program files (x86)/atollic/truestudio for stm32 9.0.1/armtools/bin/../lib/gcc/arm-atollic-eabi/6.3.1/../../../../arm-atollic-eabi/lib/armv7e-m/fpu\libc_nano.a(lib_a-nano-mallocr.o)
                0x08006e8c                _malloc_r
 .text._sbrk_r  0x08006f48       0x20 c:/program files (x86)/atollic/truestudio for stm32 9.0.1/armtools/bin/../lib/gcc/arm-atollic-eabi/6.3.1/../../../../arm-atollic-eabi/lib/armv7e-m/fpu\libc_nano.a(lib_a-sbrkr.o)
                0x08006f48                _sbrk_r
 .text.sprintf  0x08006f68       0x48 c:/program files (x86)/atollic/truestudio for stm32 9.0.1/armtools/bin/../lib/gcc/arm-atollic-eabi/6.3.1/../../../../arm-atollic-eabi/lib/armv7e-m/fpu\libc_nano.a(lib_a-sprintf.o)
                0x08006f68                siprintf
                0x08006f68                sprintf
 .text.strncpy  0x08006fb0       0x2a c:/program files (x86)/atollic/truestudio for stm32 9.0.1/armtools/bin/../lib/gcc/arm-atollic-eabi/6.3.1/../../../../arm-atollic-eabi/lib/armv7e-m/fpu\libc_nano.a(lib_a-strncpy.o)
                0x08006fb0                strncpy
 .text.__malloc_lock
                0x08006fda        0x2 c:/program files (x86)/atollic/truestudio for stm32 9.0.1/armtools/bin/../lib/gcc/arm-atollic-eabi/6.3.1/../../../../arm-atollic-eabi/lib/armv7e-m/fpu\libc_nano.a(lib_a-mlock.o)
                0x08006fda                __malloc_lock
 .text.__malloc_unlock
                0x08006fdc        0x2 c:/program files (x86)/atollic/truestudio for stm32 9.0.1/armtools/bin/../lib/gcc/arm-atollic-eabi/6.3.1/../../../../arm-atollic-eabi/lib/armv7e-m/fpu\libc_nano.a(lib_a-mlock.o)
                0x08006fdc                __malloc_unlock
 .text.__ssputs_r
                0x08006fde       0xb6 c:/program files (x86)/atollic/truestudio for stm32 9.0.1/armtools/bin/../lib/gcc/arm-atollic-eabi/6.3.1/../../../../arm-atollic-eabi/lib/armv7e-m/fpu\libc_nano.a(lib_a-nano-svfprintf.o)
                0x08006fde                __ssputs_r
 .text._svfprintf_r
                0x08007094      0x1e8 c:/program files (x86)/atollic/truestudio for stm32 9.0.1/armtools/bin/../lib/gcc/arm-atollic-eabi/6.3.1/../../../../arm-atollic-eabi/lib/armv7e-m/fpu\libc_nano.a(lib_a-nano-svfprintf.o)
                0x08007094                _svfiprintf_r
                0x08007094                _svfprintf_r
 .text._printf_common
                0x0800727c       0xec c:/program files (x86)/atollic/truestudio for stm32 9.0.1/armtools/bin/../lib/gcc/arm-atollic-eabi/6.3.1/../../../../arm-atollic-eabi/lib/armv7e-m/fpu\libc_nano.a(lib_a-nano-vfprintf_i.o)
                0x0800727c                _printf_common
 .text._printf_i
                0x08007368      0x240 c:/program files (x86)/atollic/truestudio for stm32 9.0.1/armtools/bin/../lib/gcc/arm-atollic-eabi/6.3.1/../../../../arm-atollic-eabi/lib/armv7e-m/fpu\libc_nano.a(lib_a-nano-vfprintf_i.o)
                0x08007368                _printf_i
 .text.memmove  0x080075a8       0x34 c:/program files (x86)/atollic/truestudio for stm32 9.0.1/armtools/bin/../lib/gcc/arm-atollic-eabi/6.3.1/../../../../arm-atollic-eabi/lib/armv7e-m/fpu\libc_nano.a(lib_a-memmove.o)
                0x080075a8                memmove
 .text._realloc_r
                0x080075dc       0x4c c:/program files (x86)/atollic/truestudio for stm32 9.0.1/armtools/bin/../lib/gcc/arm-atollic-eabi/6.3.1/../../../../arm-atollic-eabi/lib/armv7e-m/fpu\libc_nano.a(lib_a-nano-reallocr.o)
                0x080075dc                _realloc_r
 .text._malloc_usable_size_r
                0x08007628       0x12 c:/program files (x86)/atollic/truestudio for stm32 9.0.1/armtools/bin/../lib/gcc/arm-atollic-eabi/6.3.1/../../../../arm-atollic-eabi/lib/armv7e-m/fpu\libc_nano.a(lib_a-nano-msizer.o)
                0x08007628                _malloc_usable_size_r
 *fill*         0x0800763a        0x2 
 .text._sbrk    0x0800763c       0x1c c:/program files (x86)/atollic/truestudio for stm32 9.0.1/armtools/bin/../lib/gcc/arm-atollic-eabi/6.3.1/../../../../arm-atollic-eabi/lib/armv7e-m/fpu\libnosys.a(sbrk.o)
                0x0800763c                _sbrk
 *(.glue_7)
 .glue_7        0x08007658        0x0 linker stubs
 *(.glue_7t)
 .glue_7t       0x08007658        0x0 linker stubs
 *(.eh_frame)
 .eh_frame      0x08007658        0x0 c:/program files (x86)/atollic/truestudio for stm32 9.0.1/armtools/bin/../lib/gcc/arm-atollic-eabi/6.3.1/armv7e-m/fpu/crtbegin.o
 *(.init)
 .init          0x08007658        0x4 c:/program files (x86)/atollic/truestudio for stm32 9.0.1/armtools/bin/../lib/gcc/arm-atollic-eabi/6.3.1/armv7e-m/fpu/crti.o
                0x08007658                _init
 .init          0x0800765c        0x8 c:/program files (x86)/atollic/truestudio for stm32 9.0.1/armtools/bin/../lib/gcc/arm-atollic-eabi/6.3.1/armv7e-m/fpu/crtn.o
 *(.fini)
 .fini          0x08007664        0x4 c:/program files (x86)/atollic/truestudio for stm32 9.0.1/armtools/bin/../lib/gcc/arm-atollic-eabi/6.3.1/armv7e-m/fpu/crti.o
                0x08007664                _fini
 .fini          0x08007668        0x8 c:/program files (x86)/atollic/truestudio for stm32 9.0.1/armtools/bin/../lib/gcc/arm-atollic-eabi/6.3.1/armv7e-m/fpu/crtn.o
                0x08007670                . = ALIGN (0x4)
                0x08007670                _etext = .

.vfp11_veneer   0x08007670        0x0
 .vfp11_veneer  0x08007670        0x0 linker stubs

.v4_bx          0x08007670        0x0
 .v4_bx         0x08007670        0x0 linker stubs

.iplt           0x08007670        0x0
 .iplt          0x08007670        0x0 c:/program files (x86)/atollic/truestudio for stm32 9.0.1/armtools/bin/../lib/gcc/arm-atollic-eabi/6.3.1/armv7e-m/fpu/crtbegin.o

.rodata         0x08007670      0x360
                0x08007670                . = ALIGN (0x4)
 *(.rodata)
 *(.rodata*)
 .rodata.enableSensor.str1.1
                0x08007670      0x254 Src\main.o
 .rodata.main.str1.1
                0x080078c4       0x2c Src\main.o
 .rodata.scan.str1.1
                0x080078f0       0x16 Src\main.o
 .rodata.AHBPrescTable
                0x08007906       0x10 Src\system_stm32f4xx.o
                0x08007906                AHBPrescTable
 .rodata.APBPrescTable
                0x08007916        0x8 Src\system_stm32f4xx.o
                0x08007916                APBPrescTable
 .rodata.CSWTCH.39
                0x0800791e        0x4 Src\usbd_conf.o
 .rodata.USBD_LL_Init.str1.1
                0x08007922       0x13 Src\usbd_conf.o
 .rodata.USBD_FS_ConfigStrDescriptor.str1.1
                0x08007935        0xb Src\usbd_desc.o
 .rodata.USBD_FS_InterfaceStrDescriptor.str1.1
                0x08007940        0xe Src\usbd_desc.o
 .rodata.USBD_FS_ManufacturerStrDescriptor.str1.1
                0x0800794e       0x13 Src\usbd_desc.o
 .rodata.USBD_FS_ProductStrDescriptor.str1.1
                0x08007961       0x16 Src\usbd_desc.o
 .rodata.USBD_FS_SerialStrDescriptor.str1.1
                0x08007977        0xd Src\usbd_desc.o
 .rodata.CSWTCH.70
                0x08007984       0x10 VL53L1X_API\core\vl53l1_api.o
 .rodata.CSWTCH.47
                0x08007994        0x6 VL53L1X_API\core\vl53l1_api_core.o
 .rodata.VL53L1_WaitValueMaskEx.str1.1
                0x0800799a        0xd VL53L1X_API\platform\vl53l1_platform.o
                                  0x1 (size before relaxing)
 .rodata._svfprintf_r.str1.1
                0x0800799a       0x11 c:/program files (x86)/atollic/truestudio for stm32 9.0.1/armtools/bin/../lib/gcc/arm-atollic-eabi/6.3.1/../../../../arm-atollic-eabi/lib/armv7e-m/fpu\libc_nano.a(lib_a-nano-svfprintf.o)
 .rodata._printf_i.str1.1
                0x080079ab       0x22 c:/program files (x86)/atollic/truestudio for stm32 9.0.1/armtools/bin/../lib/gcc/arm-atollic-eabi/6.3.1/../../../../arm-atollic-eabi/lib/armv7e-m/fpu\libc_nano.a(lib_a-nano-vfprintf_i.o)
                0x080079d0                . = ALIGN (0x4)
 *fill*         0x080079cd        0x3 

.ARM.extab
 *(.ARM.extab* .gnu.linkonce.armextab.*)

.ARM            0x080079d0        0x8
                0x080079d0                __exidx_start = .
 *(.ARM.exidx*)
 .ARM.exidx     0x080079d0        0x8 c:/program files (x86)/atollic/truestudio for stm32 9.0.1/armtools/bin/../lib/gcc/arm-atollic-eabi/6.3.1/armv7e-m/fpu\libgcc.a(_udivmoddi4.o)
                0x080079d8                __exidx_end = .

.rel.dyn        0x080079d8        0x0
 .rel.iplt      0x080079d8        0x0 c:/program files (x86)/atollic/truestudio for stm32 9.0.1/armtools/bin/../lib/gcc/arm-atollic-eabi/6.3.1/armv7e-m/fpu/crtbegin.o

.preinit_array  0x080079d8        0x0
                0x080079d8                PROVIDE (__preinit_array_start, .)
 *(.preinit_array*)
                0x080079d8                PROVIDE (__preinit_array_end, .)

.init_array     0x080079d8        0x4
                0x080079d8                PROVIDE (__init_array_start, .)
 *(SORT(.init_array.*))
 *(.init_array*)
 .init_array    0x080079d8        0x4 c:/program files (x86)/atollic/truestudio for stm32 9.0.1/armtools/bin/../lib/gcc/arm-atollic-eabi/6.3.1/armv7e-m/fpu/crtbegin.o
                0x080079dc                PROVIDE (__init_array_end, .)

.fini_array     0x080079dc        0x4
                [!provide]                PROVIDE (__fini_array_start, .)
 *(SORT(.fini_array.*))
 *(.fini_array*)
 .fini_array    0x080079dc        0x4 c:/program files (x86)/atollic/truestudio for stm32 9.0.1/armtools/bin/../lib/gcc/arm-atollic-eabi/6.3.1/armv7e-m/fpu/crtbegin.o
                [!provide]                PROVIDE (__fini_array_end, .)
                0x080079e0                _sidata = LOADADDR (.data)

.data           0x20000000      0x224 load address 0x080079e0
                0x20000000                . = ALIGN (0x4)
                0x20000000                _sdata = .
 *(.data)
 *(.data*)
 .data.uwTickFreq
                0x20000000        0x1 Drivers\STM32F4xx_HAL_Driver\Src\stm32f4xx_hal.o
                0x20000000                uwTickFreq
 *fill*         0x20000001        0x3 
 .data.uwTickPrio
                0x20000004        0x4 Drivers\STM32F4xx_HAL_Driver\Src\stm32f4xx_hal.o
                0x20000004                uwTickPrio
 .data.USBD_CDC
                0x20000008       0x38 Middlewares\ST\STM32_USB_Device_Library\Class\CDC\Src\usbd_cdc.o
                0x20000008                USBD_CDC
 .data.USBD_CDC_CfgFSDesc
                0x20000040       0x43 Middlewares\ST\STM32_USB_Device_Library\Class\CDC\Src\usbd_cdc.o
                0x20000040                USBD_CDC_CfgFSDesc
 *fill*         0x20000083        0x1 
 .data.USBD_CDC_CfgHSDesc
                0x20000084       0x43 Middlewares\ST\STM32_USB_Device_Library\Class\CDC\Src\usbd_cdc.o
                0x20000084                USBD_CDC_CfgHSDesc
 *fill*         0x200000c7        0x1 
 .data.USBD_CDC_DeviceQualifierDesc
                0x200000c8        0xa Middlewares\ST\STM32_USB_Device_Library\Class\CDC\Src\usbd_cdc.o
 *fill*         0x200000d2        0x2 
 .data.USBD_CDC_OtherSpeedCfgDesc
                0x200000d4       0x43 Middlewares\ST\STM32_USB_Device_Library\Class\CDC\Src\usbd_cdc.o
                0x200000d4                USBD_CDC_OtherSpeedCfgDesc
 *fill*         0x20000117        0x1 
 .data.xshut    0x20000118       0x40 Src\main.o
                0x20000118                xshut
 .data.SystemCoreClock
                0x20000158        0x4 Src\system_stm32f4xx.o
                0x20000158                SystemCoreClock
 .data.USBD_Interface_fops_FS
                0x2000015c       0x10 Src\usbd_cdc_if.o
                0x2000015c                USBD_Interface_fops_FS
 .data.FS_Desc  0x2000016c       0x1c Src\usbd_desc.o
                0x2000016c                FS_Desc
 .data.USBD_FS_DeviceDesc
                0x20000188       0x12 Src\usbd_desc.o
                0x20000188                USBD_FS_DeviceDesc
 *fill*         0x2000019a        0x2 
 .data.USBD_LangIDDesc
                0x2000019c        0x4 Src\usbd_desc.o
                0x2000019c                USBD_LangIDDesc
 .data.BDTable  0x200001a0       0x20 VL53L1X_API\core\vl53l1_api.o
 .data._impure_ptr
                0x200001c0        0x4 c:/program files (x86)/atollic/truestudio for stm32 9.0.1/armtools/bin/../lib/gcc/arm-atollic-eabi/6.3.1/../../../../arm-atollic-eabi/lib/armv7e-m/fpu\libc_nano.a(lib_a-impure.o)
                0x200001c0                _impure_ptr
 .data.impure_data
                0x200001c4       0x60 c:/program files (x86)/atollic/truestudio for stm32 9.0.1/armtools/bin/../lib/gcc/arm-atollic-eabi/6.3.1/../../../../arm-atollic-eabi/lib/armv7e-m/fpu\libc_nano.a(lib_a-impure.o)
                0x20000224                . = ALIGN (0x4)
                0x20000224                _edata = .

.igot.plt       0x20000224        0x0 load address 0x08007c04
 .igot.plt      0x20000224        0x0 c:/program files (x86)/atollic/truestudio for stm32 9.0.1/armtools/bin/../lib/gcc/arm-atollic-eabi/6.3.1/armv7e-m/fpu/crtbegin.o
                0x20000224                . = ALIGN (0x4)

.bss            0x20000224     0x559c load address 0x08007c04
                0x20000224                _sbss = .
                0x20000224                __bss_start__ = _sbss
 *(.bss)
 .bss           0x20000224       0x1c c:/program files (x86)/atollic/truestudio for stm32 9.0.1/armtools/bin/../lib/gcc/arm-atollic-eabi/6.3.1/armv7e-m/fpu/crtbegin.o
 *(.bss*)
 .bss.ifalt.9671
                0x20000240        0x1 Middlewares\ST\STM32_USB_Device_Library\Class\CDC\Src\usbd_cdc.o
 .bss.cfgidx.9676
                0x20000241        0x1 Middlewares\ST\STM32_USB_Device_Library\Core\Src\usbd_ctlreq.o
 *fill*         0x20000242        0x2 
 .bss.__malloc_free_list
                0x20000244        0x4 c:/program files (x86)/atollic/truestudio for stm32 9.0.1/armtools/bin/../lib/gcc/arm-atollic-eabi/6.3.1/../../../../arm-atollic-eabi/lib/armv7e-m/fpu\libc_nano.a(lib_a-nano-mallocr.o)
                0x20000244                __malloc_free_list
 .bss.__malloc_sbrk_start
                0x20000248        0x4 c:/program files (x86)/atollic/truestudio for stm32 9.0.1/armtools/bin/../lib/gcc/arm-atollic-eabi/6.3.1/../../../../arm-atollic-eabi/lib/armv7e-m/fpu\libc_nano.a(lib_a-nano-mallocr.o)
                0x20000248                __malloc_sbrk_start
 .bss.heap_end.5239
                0x2000024c        0x4 c:/program files (x86)/atollic/truestudio for stm32 9.0.1/armtools/bin/../lib/gcc/arm-atollic-eabi/6.3.1/../../../../arm-atollic-eabi/lib/armv7e-m/fpu\libnosys.a(sbrk.o)
 *(COMMON)
 COMMON         0x20000250        0x4 Drivers\STM32F4xx_HAL_Driver\Src\stm32f4xx_hal.o
                0x20000250                uwTick
 COMMON         0x20000254     0x3c54 Src\main.o
                0x20000254                hi2c3
                0x200002a8                hi2c1
                0x200002fc                hi2c2
                0x20000350                hspi3
                0x200003a8                huart1
                0x200003e8                huart2
                0x20000428                sensors
 COMMON         0x20003ea8      0x224 Src\usb_device.o
                0x20003ea8                hUsbDeviceFS
 COMMON         0x200040cc     0x1000 Src\usbd_cdc_if.o
                0x200040cc                UserRxBufferFS
                0x200048cc                UserTxBufferFS
 COMMON         0x200050cc      0x3f0 Src\usbd_conf.o
                0x200050cc                hpcd_USB_OTG_FS
 COMMON         0x200054bc      0x200 Src\usbd_desc.o
                0x200054bc                USBD_StrDesc
 COMMON         0x200056bc      0x100 VL53L1X_API\platform\vl53l1_platform.o
                0x200056bc                _I2CBuffer
 COMMON         0x200057bc        0x4 c:/program files (x86)/atollic/truestudio for stm32 9.0.1/armtools/bin/../lib/gcc/arm-atollic-eabi/6.3.1/../../../../arm-atollic-eabi/lib/armv7e-m/fpu\libc_nano.a(lib_a-reent.o)
                0x200057bc                errno
                0x200057c0                . = ALIGN (0x4)
                0x200057c0                _ebss = .
                0x200057c0                __bss_end__ = _ebss

._user_heap_stack
                0x200057c0      0x600 load address 0x08007c04
                0x200057c0                . = ALIGN (0x4)
                0x200057c0                PROVIDE (end, .)
                [!provide]                PROVIDE (_end, .)
                0x200059c0                . = (. + _Min_Heap_Size)
 *fill*         0x200057c0      0x200 
                0x20005dc0                . = (. + _Min_Stack_Size)
 *fill*         0x200059c0      0x400 
                0x20005dc0                . = ALIGN (0x4)

/DISCARD/
 libc.a(*)
 libm.a(*)
 libgcc.a(*)

.ARM.attributes
                0x00000000       0x30
 *(.ARM.attributes)
 .ARM.attributes
                0x00000000       0x22 c:/program files (x86)/atollic/truestudio for stm32 9.0.1/armtools/bin/../lib/gcc/arm-atollic-eabi/6.3.1/armv7e-m/fpu/crti.o
 .ARM.attributes
                0x00000022       0x34 c:/program files (x86)/atollic/truestudio for stm32 9.0.1/armtools/bin/../lib/gcc/arm-atollic-eabi/6.3.1/armv7e-m/fpu/crtbegin.o
 .ARM.attributes
                0x00000056       0x39 Drivers\STM32F4xx_HAL_Driver\Src\stm32f4xx_hal.o
 .ARM.attributes
                0x0000008f       0x39 Drivers\STM32F4xx_HAL_Driver\Src\stm32f4xx_hal_cortex.o
 .ARM.attributes
                0x000000c8       0x39 Drivers\STM32F4xx_HAL_Driver\Src\stm32f4xx_hal_dma.o
 .ARM.attributes
                0x00000101       0x39 Drivers\STM32F4xx_HAL_Driver\Src\stm32f4xx_hal_gpio.o
 .ARM.attributes
                0x0000013a       0x39 Drivers\STM32F4xx_HAL_Driver\Src\stm32f4xx_hal_i2c.o
 .ARM.attributes
                0x00000173       0x39 Drivers\STM32F4xx_HAL_Driver\Src\stm32f4xx_hal_pcd.o
 .ARM.attributes
                0x000001ac       0x39 Drivers\STM32F4xx_HAL_Driver\Src\stm32f4xx_hal_pcd_ex.o
 .ARM.attributes
                0x000001e5       0x39 Drivers\STM32F4xx_HAL_Driver\Src\stm32f4xx_hal_rcc.o
 .ARM.attributes
                0x0000021e       0x39 Drivers\STM32F4xx_HAL_Driver\Src\stm32f4xx_hal_uart.o
 .ARM.attributes
                0x00000257       0x39 Drivers\STM32F4xx_HAL_Driver\Src\stm32f4xx_ll_usb.o
 .ARM.attributes
                0x00000290       0x39 Middlewares\ST\STM32_USB_Device_Library\Class\CDC\Src\usbd_cdc.o
 .ARM.attributes
                0x000002c9       0x39 Middlewares\ST\STM32_USB_Device_Library\Core\Src\usbd_core.o
 .ARM.attributes
                0x00000302       0x39 Middlewares\ST\STM32_USB_Device_Library\Core\Src\usbd_ctlreq.o
 .ARM.attributes
                0x0000033b       0x39 Middlewares\ST\STM32_USB_Device_Library\Core\Src\usbd_ioreq.o
 .ARM.attributes
                0x00000374       0x39 Src\main.o
 .ARM.attributes
                0x000003ad       0x39 Src\stm32f4xx_hal_msp.o
 .ARM.attributes
                0x000003e6       0x39 Src\stm32f4xx_it.o
 .ARM.attributes
                0x0000041f       0x39 Src\system_stm32f4xx.o
 .ARM.attributes
                0x00000458       0x39 Src\usb_device.o
 .ARM.attributes
                0x00000491       0x39 Src\usbd_cdc_if.o
 .ARM.attributes
                0x000004ca       0x39 Src\usbd_conf.o
 .ARM.attributes
                0x00000503       0x39 Src\usbd_desc.o
 .ARM.attributes
                0x0000053c       0x39 VL53L1X_API\core\vl53l1_api.o
 .ARM.attributes
                0x00000575       0x39 VL53L1X_API\core\vl53l1_api_core.o
 .ARM.attributes
                0x000005ae       0x39 VL53L1X_API\core\vl53l1_api_preset_modes.o
 .ARM.attributes
                0x000005e7       0x39 VL53L1X_API\core\vl53l1_core.o
 .ARM.attributes
                0x00000620       0x39 VL53L1X_API\core\vl53l1_core_support.o
 .ARM.attributes
                0x00000659       0x39 VL53L1X_API\core\vl53l1_register_funcs.o
 .ARM.attributes
                0x00000692       0x39 VL53L1X_API\core\vl53l1_wait.o
 .ARM.attributes
                0x000006cb       0x39 VL53L1X_API\platform\vl53l1_platform.o
 .ARM.attributes
                0x00000704       0x21 startup\startup_stm32f411xe.o
 .ARM.attributes
                0x00000725       0x34 c:/program files (x86)/atollic/truestudio for stm32 9.0.1/armtools/bin/../lib/gcc/arm-atollic-eabi/6.3.1/../../../../arm-atollic-eabi/lib/armv7e-m/fpu\libc_nano.a(lib_a-init.o)
 .ARM.attributes
                0x00000759       0x34 c:/program files (x86)/atollic/truestudio for stm32 9.0.1/armtools/bin/../lib/gcc/arm-atollic-eabi/6.3.1/../../../../arm-atollic-eabi/lib/armv7e-m/fpu\libc_nano.a(lib_a-malloc.o)
 .ARM.attributes
                0x0000078d       0x34 c:/program files (x86)/atollic/truestudio for stm32 9.0.1/armtools/bin/../lib/gcc/arm-atollic-eabi/6.3.1/../../../../arm-atollic-eabi/lib/armv7e-m/fpu\libc_nano.a(lib_a-memcpy-stub.o)
 .ARM.attributes
                0x000007c1       0x34 c:/program files (x86)/atollic/truestudio for stm32 9.0.1/armtools/bin/../lib/gcc/arm-atollic-eabi/6.3.1/../../../../arm-atollic-eabi/lib/armv7e-m/fpu\libc_nano.a(lib_a-memset.o)
 .ARM.attributes
                0x000007f5       0x34 c:/program files (x86)/atollic/truestudio for stm32 9.0.1/armtools/bin/../lib/gcc/arm-atollic-eabi/6.3.1/../../../../arm-atollic-eabi/lib/armv7e-m/fpu\libc_nano.a(lib_a-nano-freer.o)
 .ARM.attributes
                0x00000829       0x34 c:/program files (x86)/atollic/truestudio for stm32 9.0.1/armtools/bin/../lib/gcc/arm-atollic-eabi/6.3.1/../../../../arm-atollic-eabi/lib/armv7e-m/fpu\libc_nano.a(lib_a-nano-mallocr.o)
 .ARM.attributes
                0x0000085d       0x34 c:/program files (x86)/atollic/truestudio for stm32 9.0.1/armtools/bin/../lib/gcc/arm-atollic-eabi/6.3.1/../../../../arm-atollic-eabi/lib/armv7e-m/fpu\libc_nano.a(lib_a-sbrkr.o)
 .ARM.attributes
                0x00000891       0x34 c:/program files (x86)/atollic/truestudio for stm32 9.0.1/armtools/bin/../lib/gcc/arm-atollic-eabi/6.3.1/../../../../arm-atollic-eabi/lib/armv7e-m/fpu\libc_nano.a(lib_a-sprintf.o)
 .ARM.attributes
                0x000008c5       0x1b c:/program files (x86)/atollic/truestudio for stm32 9.0.1/armtools/bin/../lib/gcc/arm-atollic-eabi/6.3.1/../../../../arm-atollic-eabi/lib/armv7e-m/fpu\libc_nano.a(lib_a-strlen.o)
 .ARM.attributes
                0x000008e0       0x34 c:/program files (x86)/atollic/truestudio for stm32 9.0.1/armtools/bin/../lib/gcc/arm-atollic-eabi/6.3.1/../../../../arm-atollic-eabi/lib/armv7e-m/fpu\libc_nano.a(lib_a-strncpy.o)
 .ARM.attributes
                0x00000914       0x34 c:/program files (x86)/atollic/truestudio for stm32 9.0.1/armtools/bin/../lib/gcc/arm-atollic-eabi/6.3.1/../../../../arm-atollic-eabi/lib/armv7e-m/fpu\libc_nano.a(lib_a-impure.o)
 .ARM.attributes
                0x00000948       0x34 c:/program files (x86)/atollic/truestudio for stm32 9.0.1/armtools/bin/../lib/gcc/arm-atollic-eabi/6.3.1/../../../../arm-atollic-eabi/lib/armv7e-m/fpu\libc_nano.a(lib_a-mlock.o)
 .ARM.attributes
                0x0000097c       0x34 c:/program files (x86)/atollic/truestudio for stm32 9.0.1/armtools/bin/../lib/gcc/arm-atollic-eabi/6.3.1/../../../../arm-atollic-eabi/lib/armv7e-m/fpu\libc_nano.a(lib_a-nano-svfprintf.o)
 .ARM.attributes
                0x000009b0       0x34 c:/program files (x86)/atollic/truestudio for stm32 9.0.1/armtools/bin/../lib/gcc/arm-atollic-eabi/6.3.1/../../../../arm-atollic-eabi/lib/armv7e-m/fpu\libc_nano.a(lib_a-nano-vfprintf_i.o)
 .ARM.attributes
                0x000009e4       0x34 c:/program files (x86)/atollic/truestudio for stm32 9.0.1/armtools/bin/../lib/gcc/arm-atollic-eabi/6.3.1/../../../../arm-atollic-eabi/lib/armv7e-m/fpu\libc_nano.a(lib_a-reent.o)
 .ARM.attributes
                0x00000a18       0x20 c:/program files (x86)/atollic/truestudio for stm32 9.0.1/armtools/bin/../lib/gcc/arm-atollic-eabi/6.3.1/../../../../arm-atollic-eabi/lib/armv7e-m/fpu\libc_nano.a(lib_a-memchr.o)
 .ARM.attributes
                0x00000a38       0x34 c:/program files (x86)/atollic/truestudio for stm32 9.0.1/armtools/bin/../lib/gcc/arm-atollic-eabi/6.3.1/../../../../arm-atollic-eabi/lib/armv7e-m/fpu\libc_nano.a(lib_a-memmove.o)
 .ARM.attributes
                0x00000a6c       0x34 c:/program files (x86)/atollic/truestudio for stm32 9.0.1/armtools/bin/../lib/gcc/arm-atollic-eabi/6.3.1/../../../../arm-atollic-eabi/lib/armv7e-m/fpu\libc_nano.a(lib_a-nano-reallocr.o)
 .ARM.attributes
                0x00000aa0       0x34 c:/program files (x86)/atollic/truestudio for stm32 9.0.1/armtools/bin/../lib/gcc/arm-atollic-eabi/6.3.1/../../../../arm-atollic-eabi/lib/armv7e-m/fpu\libc_nano.a(lib_a-nano-msizer.o)
 .ARM.attributes
                0x00000ad4       0x22 c:/program files (x86)/atollic/truestudio for stm32 9.0.1/armtools/bin/../lib/gcc/arm-atollic-eabi/6.3.1/armv7e-m/fpu\libgcc.a(_aeabi_uldivmod.o)
 .ARM.attributes
                0x00000af6       0x34 c:/program files (x86)/atollic/truestudio for stm32 9.0.1/armtools/bin/../lib/gcc/arm-atollic-eabi/6.3.1/armv7e-m/fpu\libgcc.a(_udivmoddi4.o)
 .ARM.attributes
                0x00000b2a       0x22 c:/program files (x86)/atollic/truestudio for stm32 9.0.1/armtools/bin/../lib/gcc/arm-atollic-eabi/6.3.1/armv7e-m/fpu\libgcc.a(_dvmd_tls.o)
 .ARM.attributes
                0x00000b4c       0x34 c:/program files (x86)/atollic/truestudio for stm32 9.0.1/armtools/bin/../lib/gcc/arm-atollic-eabi/6.3.1/../../../../arm-atollic-eabi/lib/armv7e-m/fpu\libnosys.a(sbrk.o)
 .ARM.attributes
                0x00000b80       0x22 c:/program files (x86)/atollic/truestudio for stm32 9.0.1/armtools/bin/../lib/gcc/arm-atollic-eabi/6.3.1/armv7e-m/fpu/crtn.o
OUTPUT(53xLidar.elf elf32-littlearm)

.debug_info     0x00000000    0x3d8d2
 .debug_info    0x00000000     0x1180 Drivers\STM32F4xx_HAL_Driver\Src\stm32f4xx_hal.o
 .debug_info    0x00001180     0x16b4 Drivers\STM32F4xx_HAL_Driver\Src\stm32f4xx_hal_cortex.o
 .debug_info    0x00002834     0x1254 Drivers\STM32F4xx_HAL_Driver\Src\stm32f4xx_hal_dma.o
 .debug_info    0x00003a88      0xfb0 Drivers\STM32F4xx_HAL_Driver\Src\stm32f4xx_hal_gpio.o
 .debug_info    0x00004a38     0x3791 Drivers\STM32F4xx_HAL_Driver\Src\stm32f4xx_hal_i2c.o
 .debug_info    0x000081c9     0x1c57 Drivers\STM32F4xx_HAL_Driver\Src\stm32f4xx_hal_pcd.o
 .debug_info    0x00009e20      0xdc5 Drivers\STM32F4xx_HAL_Driver\Src\stm32f4xx_hal_pcd_ex.o
 .debug_info    0x0000abe5     0x1293 Drivers\STM32F4xx_HAL_Driver\Src\stm32f4xx_hal_rcc.o
 .debug_info    0x0000be78     0x1e9b Drivers\STM32F4xx_HAL_Driver\Src\stm32f4xx_hal_uart.o
 .debug_info    0x0000dd13     0x1f59 Drivers\STM32F4xx_HAL_Driver\Src\stm32f4xx_ll_usb.o
 .debug_info    0x0000fc6c     0x14f6 Middlewares\ST\STM32_USB_Device_Library\Class\CDC\Src\usbd_cdc.o
 .debug_info    0x00011162     0x1466 Middlewares\ST\STM32_USB_Device_Library\Core\Src\usbd_core.o
 .debug_info    0x000125c8     0x1499 Middlewares\ST\STM32_USB_Device_Library\Core\Src\usbd_ctlreq.o
 .debug_info    0x00013a61      0xfc5 Middlewares\ST\STM32_USB_Device_Library\Core\Src\usbd_ioreq.o
 .debug_info    0x00014a26     0x4984 Src\main.o
 .debug_info    0x000193aa     0x1ba2 Src\stm32f4xx_hal_msp.o
 .debug_info    0x0001af4c     0x1225 Src\stm32f4xx_it.o
 .debug_info    0x0001c171      0xd46 Src\system_stm32f4xx.o
 .debug_info    0x0001ceb7      0xe80 Src\usb_device.o
 .debug_info    0x0001dd37     0x1090 Src\usbd_cdc_if.o
 .debug_info    0x0001edc7     0x221d Src\usbd_conf.o
 .debug_info    0x00020fe4      0xd81 Src\usbd_desc.o
 .debug_info    0x00021d65     0x5e9b VL53L1X_API\core\vl53l1_api.o
 .debug_info    0x00027c00     0x4cc1 VL53L1X_API\core\vl53l1_api_core.o
 .debug_info    0x0002c8c1     0x218b VL53L1X_API\core\vl53l1_api_preset_modes.o
 .debug_info    0x0002ea4c     0x45d2 VL53L1X_API\core\vl53l1_core.o
 .debug_info    0x0003301e      0xa08 VL53L1X_API\core\vl53l1_core_support.o
 .debug_info    0x00033a26     0x3b83 VL53L1X_API\core\vl53l1_register_funcs.o
 .debug_info    0x000375a9     0x2f9b VL53L1X_API\core\vl53l1_wait.o
 .debug_info    0x0003a544     0x3322 VL53L1X_API\platform\vl53l1_platform.o
 .debug_info    0x0003d866       0x6c startup\startup_stm32f411xe.o

.debug_abbrev   0x00000000     0x5970
 .debug_abbrev  0x00000000      0x308 Drivers\STM32F4xx_HAL_Driver\Src\stm32f4xx_hal.o
 .debug_abbrev  0x00000308      0x399 Drivers\STM32F4xx_HAL_Driver\Src\stm32f4xx_hal_cortex.o
 .debug_abbrev  0x000006a1      0x33d Drivers\STM32F4xx_HAL_Driver\Src\stm32f4xx_hal_dma.o
 .debug_abbrev  0x000009de      0x268 Drivers\STM32F4xx_HAL_Driver\Src\stm32f4xx_hal_gpio.o
 .debug_abbrev  0x00000c46      0x3b4 Drivers\STM32F4xx_HAL_Driver\Src\stm32f4xx_hal_i2c.o
 .debug_abbrev  0x00000ffa      0x397 Drivers\STM32F4xx_HAL_Driver\Src\stm32f4xx_hal_pcd.o
 .debug_abbrev  0x00001391      0x213 Drivers\STM32F4xx_HAL_Driver\Src\stm32f4xx_hal_pcd_ex.o
 .debug_abbrev  0x000015a4      0x353 Drivers\STM32F4xx_HAL_Driver\Src\stm32f4xx_hal_rcc.o