Archive member included to satisfy reference by file (symbol)

/opt/stm32cubeide/plugins/com.st.stm32cube.ide.mcu.externaltools.gnu-tools-for-stm32.7-2018-q2-update.linux64_1.0.0.201904181610/tools/bin/../lib/gcc/arm-none-eabi/7.3.1/../../../../arm-none-eabi/lib/thumb/v7e-m/fpv4-sp/hard/libc_nano.a(lib_a-errno.o)
                              Core/Src/syscalls.o (__errno)
/opt/stm32cubeide/plugins/com.st.stm32cube.ide.mcu.externaltools.gnu-tools-for-stm32.7-2018-q2-update.linux64_1.0.0.201904181610/tools/bin/../lib/gcc/arm-none-eabi/7.3.1/../../../../arm-none-eabi/lib/thumb/v7e-m/fpv4-sp/hard/libc_nano.a(lib_a-exit.o)
                              /opt/stm32cubeide/plugins/com.st.stm32cube.ide.mcu.externaltools.gnu-tools-for-stm32.7-2018-q2-update.linux64_1.0.0.201904181610/tools/bin/../lib/gcc/arm-none-eabi/7.3.1/../../../../arm-none-eabi/lib/thumb/v7e-m/fpv4-sp/hard/crt0.o (exit)
/opt/stm32cubeide/plugins/com.st.stm32cube.ide.mcu.externaltools.gnu-tools-for-stm32.7-2018-q2-update.linux64_1.0.0.201904181610/tools/bin/../lib/gcc/arm-none-eabi/7.3.1/../../../../arm-none-eabi/lib/thumb/v7e-m/fpv4-sp/hard/libc_nano.a(lib_a-impure.o)
                              /opt/stm32cubeide/plugins/com.st.stm32cube.ide.mcu.externaltools.gnu-tools-for-stm32.7-2018-q2-update.linux64_1.0.0.201904181610/tools/bin/../lib/gcc/arm-none-eabi/7.3.1/../../../../arm-none-eabi/lib/thumb/v7e-m/fpv4-sp/hard/libc_nano.a(lib_a-exit.o) (_global_impure_ptr)
/opt/stm32cubeide/plugins/com.st.stm32cube.ide.mcu.externaltools.gnu-tools-for-stm32.7-2018-q2-update.linux64_1.0.0.201904181610/tools/bin/../lib/gcc/arm-none-eabi/7.3.1/../../../../arm-none-eabi/lib/thumb/v7e-m/fpv4-sp/hard/libc_nano.a(lib_a-init.o)
                              /opt/stm32cubeide/plugins/com.st.stm32cube.ide.mcu.externaltools.gnu-tools-for-stm32.7-2018-q2-update.linux64_1.0.0.201904181610/tools/bin/../lib/gcc/arm-none-eabi/7.3.1/../../../../arm-none-eabi/lib/thumb/v7e-m/fpv4-sp/hard/crt0.o (__libc_init_array)
/opt/stm32cubeide/plugins/com.st.stm32cube.ide.mcu.externaltools.gnu-tools-for-stm32.7-2018-q2-update.linux64_1.0.0.201904181610/tools/bin/../lib/gcc/arm-none-eabi/7.3.1/../../../../arm-none-eabi/lib/thumb/v7e-m/fpv4-sp/hard/libc_nano.a(lib_a-malloc.o)
                              Middlewares/ST/STM32_USB_Device_Library/Class/CDC/Src/usbd_cdc.o (malloc)
/opt/stm32cubeide/plugins/com.st.stm32cube.ide.mcu.externaltools.gnu-tools-for-stm32.7-2018-q2-update.linux64_1.0.0.201904181610/tools/bin/../lib/gcc/arm-none-eabi/7.3.1/../../../../arm-none-eabi/lib/thumb/v7e-m/fpv4-sp/hard/libc_nano.a(lib_a-memcpy-stub.o)
                              Core/VL53L1X_API/platform/vl53l1_platform.o (memcpy)
/opt/stm32cubeide/plugins/com.st.stm32cube.ide.mcu.externaltools.gnu-tools-for-stm32.7-2018-q2-update.linux64_1.0.0.201904181610/tools/bin/../lib/gcc/arm-none-eabi/7.3.1/../../../../arm-none-eabi/lib/thumb/v7e-m/fpv4-sp/hard/libc_nano.a(lib_a-memset.o)
                              /opt/stm32cubeide/plugins/com.st.stm32cube.ide.mcu.externaltools.gnu-tools-for-stm32.7-2018-q2-update.linux64_1.0.0.201904181610/tools/bin/../lib/gcc/arm-none-eabi/7.3.1/../../../../arm-none-eabi/lib/thumb/v7e-m/fpv4-sp/hard/crt0.o (memset)
/opt/stm32cubeide/plugins/com.st.stm32cube.ide.mcu.externaltools.gnu-tools-for-stm32.7-2018-q2-update.linux64_1.0.0.201904181610/tools/bin/../lib/gcc/arm-none-eabi/7.3.1/../../../../arm-none-eabi/lib/thumb/v7e-m/fpv4-sp/hard/libc_nano.a(lib_a-nano-freer.o)
                              /opt/stm32cubeide/plugins/com.st.stm32cube.ide.mcu.externaltools.gnu-tools-for-stm32.7-2018-q2-update.linux64_1.0.0.201904181610/tools/bin/../lib/gcc/arm-none-eabi/7.3.1/../../../../arm-none-eabi/lib/thumb/v7e-m/fpv4-sp/hard/libc_nano.a(lib_a-malloc.o) (_free_r)
/opt/stm32cubeide/plugins/com.st.stm32cube.ide.mcu.externaltools.gnu-tools-for-stm32.7-2018-q2-update.linux64_1.0.0.201904181610/tools/bin/../lib/gcc/arm-none-eabi/7.3.1/../../../../arm-none-eabi/lib/thumb/v7e-m/fpv4-sp/hard/libc_nano.a(lib_a-nano-mallocr.o)
                              /opt/stm32cubeide/plugins/com.st.stm32cube.ide.mcu.externaltools.gnu-tools-for-stm32.7-2018-q2-update.linux64_1.0.0.201904181610/tools/bin/../lib/gcc/arm-none-eabi/7.3.1/../../../../arm-none-eabi/lib/thumb/v7e-m/fpv4-sp/hard/libc_nano.a(lib_a-malloc.o) (_malloc_r)
/opt/stm32cubeide/plugins/com.st.stm32cube.ide.mcu.externaltools.gnu-tools-for-stm32.7-2018-q2-update.linux64_1.0.0.201904181610/tools/bin/../lib/gcc/arm-none-eabi/7.3.1/../../../../arm-none-eabi/lib/thumb/v7e-m/fpv4-sp/hard/libc_nano.a(lib_a-sbrkr.o)
                              /opt/stm32cubeide/plugins/com.st.stm32cube.ide.mcu.externaltools.gnu-tools-for-stm32.7-2018-q2-update.linux64_1.0.0.201904181610/tools/bin/../lib/gcc/arm-none-eabi/7.3.1/../../../../arm-none-eabi/lib/thumb/v7e-m/fpv4-sp/hard/libc_nano.a(lib_a-nano-mallocr.o) (_sbrk_r)
[...]
Memory Configuration

Name             Origin             Length             Attributes
RAM              0x0000000020000000 0x0000000000020000 xrw
FLASH            0x0000000008000000 0x0000000000080000 xr
*default*        0x0000000000000000 0xffffffffffffffff

Linker script and memory map

LOAD /opt/stm32cubeide/plugins/com.st.stm32cube.ide.mcu.externaltools.gnu-tools-for-stm32.7-2018-q2-update.linux64_1.0.0.201904181610/tools/bin/../lib/gcc/arm-none-eabi/7.3.1/thumb/v7e-m/fpv4-sp/hard/crti.o
LOAD /opt/stm32cubeide/plugins/com.st.stm32cube.ide.mcu.externaltools.gnu-tools-for-stm32.7-2018-q2-update.linux64_1.0.0.201904181610/tools/bin/../lib/gcc/arm-none-eabi/7.3.1/thumb/v7e-m/fpv4-sp/hard/crtbegin.o
LOAD /opt/stm32cubeide/plugins/com.st.stm32cube.ide.mcu.externaltools.gnu-tools-for-stm32.7-2018-q2-update.linux64_1.0.0.201904181610/tools/bin/../lib/gcc/arm-none-eabi/7.3.1/../../../../arm-none-eabi/lib/thumb/v7e-m/fpv4-sp/hard/crt0.o
LOAD Core/Src/WS2812.o
LOAD Core/Src/main.o
LOAD Core/Src/stm32f4xx_hal_msp.o
LOAD Core/Src/stm32f4xx_it.o
LOAD Core/Src/syscalls.o
LOAD Core/Src/sysmem.o
LOAD Core/Src/system_stm32f4xx.o
LOAD Core/Startup/startup_stm32f411retx.o
LOAD Core/VL53L1X_API/core/VL53L1X_api.o
LOAD Core/VL53L1X_API/core/VL53L1X_calibration.o
LOAD Core/VL53L1X_API/platform/vl53l1_platform.o
LOAD Drivers/STM32F4xx_HAL_Driver/Src/stm32f4xx_hal.o
LOAD Drivers/STM32F4xx_HAL_Driver/Src/stm32f4xx_hal_cortex.o
LOAD Drivers/STM32F4xx_HAL_Driver/Src/stm32f4xx_hal_dma.o
LOAD Drivers/STM32F4xx_HAL_Driver/Src/stm32f4xx_hal_dma_ex.o
LOAD Drivers/STM32F4xx_HAL_Driver/Src/stm32f4xx_hal_exti.o
LOAD Drivers/STM32F4xx_HAL_Driver/Src/stm32f4xx_hal_flash.o
LOAD Drivers/STM32F4xx_HAL_Driver/Src/stm32f4xx_hal_flash_ex.o
LOAD Drivers/STM32F4xx_HAL_Driver/Src/stm32f4xx_hal_flash_ramfunc.o
LOAD Drivers/STM32F4xx_HAL_Driver/Src/stm32f4xx_hal_gpio.o
LOAD Drivers/STM32F4xx_HAL_Driver/Src/stm32f4xx_hal_i2c.o
LOAD Drivers/STM32F4xx_HAL_Driver/Src/stm32f4xx_hal_i2c_ex.o
LOAD Drivers/STM32F4xx_HAL_Driver/Src/stm32f4xx_hal_pcd.o
LOAD Drivers/STM32F4xx_HAL_Driver/Src/stm32f4xx_hal_pcd_ex.o
LOAD Drivers/STM32F4xx_HAL_Driver/Src/stm32f4xx_hal_pwr.o
LOAD Drivers/STM32F4xx_HAL_Driver/Src/stm32f4xx_hal_pwr_ex.o
LOAD Drivers/STM32F4xx_HAL_Driver/Src/stm32f4xx_hal_rcc.o
LOAD Drivers/STM32F4xx_HAL_Driver/Src/stm32f4xx_hal_rcc_ex.o
LOAD Drivers/STM32F4xx_HAL_Driver/Src/stm32f4xx_hal_spi.o
LOAD Drivers/STM32F4xx_HAL_Driver/Src/stm32f4xx_hal_tim.o
LOAD Drivers/STM32F4xx_HAL_Driver/Src/stm32f4xx_hal_tim_ex.o
LOAD Drivers/STM32F4xx_HAL_Driver/Src/stm32f4xx_hal_uart.o
LOAD Drivers/STM32F4xx_HAL_Driver/Src/stm32f4xx_ll_usb.o
LOAD Middlewares/ST/STM32_USB_Device_Library/Class/CDC/Src/usbd_cdc.o
LOAD Middlewares/ST/STM32_USB_Device_Library/Core/Src/usbd_core.o
LOAD Middlewares/ST/STM32_USB_Device_Library/Core/Src/usbd_ctlreq.o
LOAD Middlewares/ST/STM32_USB_Device_Library/Core/Src/usbd_ioreq.o
LOAD USB_DEVICE/App/usb_device.o
LOAD USB_DEVICE/App/usbd_cdc_if.o
LOAD USB_DEVICE/App/usbd_desc.o
LOAD USB_DEVICE/Target/usbd_conf.o
START GROUP
LOAD /opt/stm32cubeide/plugins/com.st.stm32cube.ide.mcu.externaltools.gnu-tools-for-stm32.7-2018-q2-update.linux64_1.0.0.201904181610/tools/bin/../lib/gcc/arm-none-eabi/7.3.1/../../../../arm-none-eabi/lib/thumb/v7e-m/fpv4-sp/hard/libc_nano.a
LOAD /opt/stm32cubeide/plugins/com.st.stm32cube.ide.mcu.externaltools.gnu-tools-for-stm32.7-2018-q2-update.linux64_1.0.0.201904181610/tools/bin/../lib/gcc/arm-none-eabi/7.3.1/../../../../arm-none-eabi/lib/thumb/v7e-m/fpv4-sp/hard/libm.a
END GROUP
START GROUP
LOAD /opt/stm32cubeide/plugins/com.st.stm32cube.ide.mcu.externaltools.gnu-tools-for-stm32.7-2018-q2-update.linux64_1.0.0.201904181610/tools/bin/../lib/gcc/arm-none-eabi/7.3.1/thumb/v7e-m/fpv4-sp/hard/libgcc.a
LOAD /opt/stm32cubeide/plugins/com.st.stm32cube.ide.mcu.externaltools.gnu-tools-for-stm32.7-2018-q2-update.linux64_1.0.0.201904181610/tools/bin/../lib/gcc/arm-none-eabi/7.3.1/../../../../arm-none-eabi/lib/thumb/v7e-m/fpv4-sp/hard/libc_nano.a
END GROUP
START GROUP
LOAD /opt/stm32cubeide/plugins/com.st.stm32cube.ide.mcu.externaltools.gnu-tools-for-stm32.7-2018-q2-update.linux64_1.0.0.201904181610/tools/bin/../lib/gcc/arm-none-eabi/7.3.1/thumb/v7e-m/fpv4-sp/hard/libgcc.a
LOAD /opt/stm32cubeide/plugins/com.st.stm32cube.ide.mcu.externaltools.gnu-tools-for-stm32.7-2018-q2-update.linux64_1.0.0.201904181610/tools/bin/../lib/gcc/arm-none-eabi/7.3.1/../../../../arm-none-eabi/lib/thumb/v7e-m/fpv4-sp/hard/libc_nano.a
LOAD /opt/stm32cubeide/plugins/com.st.stm32cube.ide.mcu.externaltools.gnu-tools-for-stm32.7-2018-q2-update.linux64_1.0.0.201904181610/tools/bin/../lib/gcc/arm-none-eabi/7.3.1/../../../../arm-none-eabi/lib/thumb/v7e-m/fpv4-sp/hard/libnosys.a
END GROUP
START GROUP
LOAD /opt/stm32cubeide/plugins/com.st.stm32cube.ide.mcu.externaltools.gnu-tools-for-stm32.7-2018-q2-update.linux64_1.0.0.201904181610/tools/bin/../lib/gcc/arm-none-eabi/7.3.1/thumb/v7e-m/fpv4-sp/hard/libgcc.a
LOAD /opt/stm32cubeide/plugins/com.st.stm32cube.ide.mcu.externaltools.gnu-tools-for-stm32.7-2018-q2-update.linux64_1.0.0.201904181610/tools/bin/../lib/gcc/arm-none-eabi/7.3.1/../../../../arm-none-eabi/lib/thumb/v7e-m/fpv4-sp/hard/libc_nano.a
LOAD /opt/stm32cubeide/plugins/com.st.stm32cube.ide.mcu.externaltools.gnu-tools-for-stm32.7-2018-q2-update.linux64_1.0.0.201904181610/tools/bin/../lib/gcc/arm-none-eabi/7.3.1/../../../../arm-none-eabi/lib/thumb/v7e-m/fpv4-sp/hard/libnosys.a
END GROUP
LOAD /opt/stm32cubeide/plugins/com.st.stm32cube.ide.mcu.externaltools.gnu-tools-for-stm32.7-2018-q2-update.linux64_1.0.0.201904181610/tools/bin/../lib/gcc/arm-none-eabi/7.3.1/thumb/v7e-m/fpv4-sp/hard/crtend.o
LOAD /opt/stm32cubeide/plugins/com.st.stm32cube.ide.mcu.externaltools.gnu-tools-for-stm32.7-2018-q2-update.linux64_1.0.0.201904181610/tools/bin/../lib/gcc/arm-none-eabi/7.3.1/thumb/v7e-m/fpv4-sp/hard/crtn.o
                0x0000000020020000                _estack = (ORIGIN (RAM) + LENGTH (RAM))
                0x0000000000000200                _Min_Heap_Size = 0x200
                0x0000000000000400                _Min_Stack_Size = 0x400

.isr_vector     0x0000000008000000      0x198
                0x0000000008000000                . = ALIGN (0x4)
 *(.isr_vector)
 .isr_vector    0x0000000008000000      0x198 Core/Startup/startup_stm32f411retx.o
                0x0000000008000000                g_pfnVectors
                0x0000000008000198                . = ALIGN (0x4)

.text           0x00000000080001a0     0xb98c
                0x00000000080001a0                . = ALIGN (0x4)
 *(.text)
 .text          0x00000000080001a0       0x40 /opt/stm32cubeide/plugins/com.st.stm32cube.ide.mcu.externaltools.gnu-tools-for-stm32.7-2018-q2-update.linux64_1.0.0.201904181610/tools/bin/../lib/gcc/arm-none-eabi/7.3.1/thumb/v7e-m/fpv4-sp/hard/crtbegin.o
 .text          0x00000000080001e0       0x10 /opt/stm32cubeide/plugins/com.st.stm32cube.ide.mcu.externaltools.gnu-tools-for-stm32.7-2018-q2-update.linux64_1.0.0.201904181610/tools/bin/../lib/gcc/arm-none-eabi/7.3.1/../../../../arm-none-eabi/lib/thumb/v7e-m/fpv4-sp/hard/libc_nano.a(lib_a-strlen.o)
                0x00000000080001e0                strlen
 .text          0x00000000080001f0       0xa0 /opt/stm32cubeide/plugins/com.st.stm32cube.ide.mcu.externaltools.gnu-tools-for-stm32.7-2018-q2-update.linux64_1.0.0.201904181610/tools/bin/../lib/gcc/arm-none-eabi/7.3.1/../../../../arm-none-eabi/lib/thumb/v7e-m/fpv4-sp/hard/libc_nano.a(lib_a-memchr.o)
                0x00000000080001f0                memchr
 .text          0x0000000008000290      0x378 /opt/stm32cubeide/plugins/com.st.stm32cube.ide.mcu.externaltools.gnu-tools-for-stm32.7-2018-q2-update.linux64_1.0.0.201904181610/tools/bin/../lib/gcc/arm-none-eabi/7.3.1/thumb/v7e-m/fpv4-sp/hard/libgcc.a(_arm_addsubdf3.o)
                0x0000000008000290                __aeabi_drsub
                0x0000000008000298                __aeabi_dsub
                0x0000000008000298                __subdf3
                0x000000000800029c                __adddf3
                0x000000000800029c                __aeabi_dadd
                0x0000000008000514                __aeabi_ui2d
                0x0000000008000514                __floatunsidf
                0x0000000008000534                __floatsidf
                0x0000000008000534                __aeabi_i2d
                0x0000000008000558                __extendsfdf2
                0x0000000008000558                __aeabi_f2d
                0x000000000800059c                __aeabi_ul2d
                0x000000000800059c                __floatundidf
                0x00000000080005ac                __floatdidf
                0x00000000080005ac                __aeabi_l2d
 .text          0x0000000008000608      0x424 /opt/stm32cubeide/plugins/com.st.stm32cube.ide.mcu.externaltools.gnu-tools-for-stm32.7-2018-q2-update.linux64_1.0.0.201904181610/tools/bin/../lib/gcc/arm-none-eabi/7.3.1/thumb/v7e-m/fpv4-sp/hard/libgcc.a(_arm_muldivdf3.o)
                0x0000000008000608                __aeabi_dmul
                0x0000000008000608                __muldf3
                0x000000000800085c                __aeabi_ddiv
                0x000000000800085c                __divdf3
 .text          0x0000000008000a2c       0x40 /opt/stm32cubeide/plugins/com.st.stm32cube.ide.mcu.externaltools.gnu-tools-for-stm32.7-2018-q2-update.linux64_1.0.0.201904181610/tools/bin/../lib/gcc/arm-none-eabi/7.3.1/thumb/v7e-m/fpv4-sp/hard/libgcc.a(_arm_fixunsdfsi.o)
                0x0000000008000a2c                __fixunsdfsi
                0x0000000008000a2c                __aeabi_d2uiz
 .text          0x0000000008000a6c       0x30 /opt/stm32cubeide/plugins/com.st.stm32cube.ide.mcu.externaltools.gnu-tools-for-stm32.7-2018-q2-update.linux64_1.0.0.201904181610/tools/bin/../lib/gcc/arm-none-eabi/7.3.1/thumb/v7e-m/fpv4-sp/hard/libgcc.a(_aeabi_uldivmod.o)
                0x0000000008000a6c                __aeabi_uldivmod
 .text          0x0000000008000a9c      0x2cc /opt/stm32cubeide/plugins/com.st.stm32cube.ide.mcu.externaltools.gnu-tools-for-stm32.7-2018-q2-update.linux64_1.0.0.201904181610/tools/bin/../lib/gcc/arm-none-eabi/7.3.1/thumb/v7e-m/fpv4-sp/hard/libgcc.a(_udivmoddi4.o)
                0x0000000008000a9c                __udivmoddi4
 .text          0x0000000008000d68        0x4 /opt/stm32cubeide/plugins/com.st.stm32cube.ide.mcu.externaltools.gnu-tools-for-stm32.7-2018-q2-update.linux64_1.0.0.201904181610/tools/bin/../lib/gcc/arm-none-eabi/7.3.1/thumb/v7e-m/fpv4-sp/hard/libgcc.a(_dvmd_tls.o)
                0x0000000008000d68                __aeabi_ldiv0
                0x0000000008000d68                __aeabi_idiv0
 *(.text*)
 .text.sendReset
                0x0000000008000d6c       0x18 Core/Src/WS2812.o
                0x0000000008000d6c                sendReset
 .text.send0    0x0000000008000d84       0x9c Core/Src/WS2812.o
                0x0000000008000d84                send0
 .text.send1    0x0000000008000e20       0xbc Core/Src/WS2812.o
                0x0000000008000e20                send1
 .text.writeByte
                0x0000000008000edc       0x3e Core/Src/WS2812.o
                0x0000000008000edc                writeByte
 .text.writeColor
                0x0000000008000f1a       0x32 Core/Src/WS2812.o
                0x0000000008000f1a                writeColor
 .text.sendColors
                0x0000000008000f4c       0x3a Core/Src/WS2812.o
                0x0000000008000f4c                sendColors
 *fill*         0x0000000008000f86        0x2 
 .text.enableSensor
                0x0000000008000f88      0x644 Core/Src/main.o
                0x0000000008000f88                enableSensor
 .text.scan     0x00000000080015cc       0xbc Core/Src/main.o
                0x00000000080015cc                scan
 .text.updateLed
                0x0000000008001688       0x88 Core/Src/main.o
                0x0000000008001688                updateLed
 .text.main     0x0000000008001710      0x3a4 Core/Src/main.o
                0x0000000008001710                main
 .text.SystemClock_Config
                0x0000000008001ab4       0xd0 Core/Src/main.o
                0x0000000008001ab4                SystemClock_Config
 .text.MX_I2C1_Init
                0x0000000008001b84       0x5c Core/Src/main.o
 .text.MX_I2C2_Init
                0x0000000008001be0       0x5c Core/Src/main.o
 .text.MX_I2C3_Init
                0x0000000008001c3c       0x5c Core/Src/main.o
 .text.MX_SPI3_Init
                0x0000000008001c98       0x6c Core/Src/main.o
 .text.MX_USART1_UART_Init
                0x0000000008001d04       0x54 Core/Src/main.o
 .text.MX_USART2_UART_Init
                0x0000000008001d58       0x54 Core/Src/main.o
 .text.MX_GPIO_Init
                0x0000000008001dac      0x1a0 Core/Src/main.o
 .text.Error_Handler
                0x0000000008001f4c        0xe Core/Src/main.o
                0x0000000008001f4c                Error_Handler
 .text.assert_failed
                0x0000000008001f5a       0x16 Core/Src/main.o
                0x0000000008001f5a                assert_failed
 .text.HAL_MspInit
                0x0000000008001f70       0x50 Core/Src/stm32f4xx_hal_msp.o
                0x0000000008001f70                HAL_MspInit
 .text.HAL_I2C_MspInit
                0x0000000008001fc0      0x1c8 Core/Src/stm32f4xx_hal_msp.o
                0x0000000008001fc0                HAL_I2C_MspInit
 .text.HAL_SPI_MspInit
                0x0000000008002188       0xb0 Core/Src/stm32f4xx_hal_msp.o
                0x0000000008002188                HAL_SPI_MspInit
 .text.HAL_UART_MspInit
                0x0000000008002238      0x108 Core/Src/stm32f4xx_hal_msp.o
                0x0000000008002238                HAL_UART_MspInit
 .text.NMI_Handler
                0x0000000008002340        0xe Core/Src/stm32f4xx_it.o
                0x0000000008002340                NMI_Handler
 .text.HardFault_Handler
                0x000000000800234e        0x6 Core/Src/stm32f4xx_it.o
                0x000000000800234e                HardFault_Handler
 .text.MemManage_Handler
                0x0000000008002354        0x6 Core/Src/stm32f4xx_it.o
                0x0000000008002354                MemManage_Handler
 .text.BusFault_Handler
                0x000000000800235a        0x6 Core/Src/stm32f4xx_it.o
                0x000000000800235a                BusFault_Handler
 .text.UsageFault_Handler
                0x0000000008002360        0x6 Core/Src/stm32f4xx_it.o
                0x0000000008002360                UsageFault_Handler
 .text.SVC_Handler
                0x0000000008002366        0xe Core/Src/stm32f4xx_it.o
                0x0000000008002366                SVC_Handler
 .text.DebugMon_Handler
                0x0000000008002374        0xe Core/Src/stm32f4xx_it.o
                0x0000000008002374                DebugMon_Handler
 .text.PendSV_Handler
                0x0000000008002382        0xe Core/Src/stm32f4xx_it.o
                0x0000000008002382                PendSV_Handler
 .text.SysTick_Handler
                0x0000000008002390        0xc Core/Src/stm32f4xx_it.o
                0x0000000008002390                SysTick_Handler
 .text.USART1_IRQHandler
                0x000000000800239c       0x14 Core/Src/stm32f4xx_it.o
                0x000000000800239c                USART1_IRQHandler
 .text.OTG_FS_IRQHandler
                0x00000000080023b0       0x14 Core/Src/stm32f4xx_it.o
                0x00000000080023b0                OTG_FS_IRQHandler
 .text._sbrk    0x00000000080023c4       0x58 Core/Src/sysmem.o
                0x00000000080023c4                _sbrk
 .text.SystemInit
                0x000000000800241c       0x2c Core/Src/system_stm32f4xx.o
                0x000000000800241c                SystemInit
 .text.Reset_Handler
                0x0000000008002448       0x50 Core/Startup/startup_stm32f411retx.o
                0x0000000008002448                Reset_Handler
 .text.Default_Handler
                0x0000000008002498        0x2 Core/Startup/startup_stm32f411retx.o
                0x0000000008002498                RTC_Alarm_IRQHandler
                0x0000000008002498                EXTI2_IRQHandler
                0x0000000008002498                SPI4_IRQHandler
                0x0000000008002498                TIM1_CC_IRQHandler
                0x0000000008002498                DMA2_Stream5_IRQHandler
                0x0000000008002498                DMA1_Stream5_IRQHandler
                0x0000000008002498                PVD_IRQHandler
                0x0000000008002498                SDIO_IRQHandler
                0x0000000008002498                TAMP_STAMP_IRQHandler
                0x0000000008002498                EXTI3_IRQHandler
                0x0000000008002498                TIM1_UP_TIM10_IRQHandler
                0x0000000008002498                I2C3_ER_IRQHandler
                0x0000000008002498                EXTI0_IRQHandler
                0x0000000008002498                I2C2_EV_IRQHandler
                0x0000000008002498                DMA1_Stream2_IRQHandler
                0x0000000008002498                FPU_IRQHandler
                0x0000000008002498                DMA2_Stream2_IRQHandler
                0x0000000008002498                SPI1_IRQHandler
                0x0000000008002498                TIM1_BRK_TIM9_IRQHandler
                0x0000000008002498                DMA2_Stream3_IRQHandler
                0x0000000008002498                USART6_IRQHandler
                0x0000000008002498                DMA2_Stream0_IRQHandler
                0x0000000008002498                TIM4_IRQHandler
                0x0000000008002498                I2C1_EV_IRQHandler
                0x0000000008002498                DMA1_Stream6_IRQHandler
                0x0000000008002498                DMA1_Stream1_IRQHandler
                0x0000000008002498                TIM3_IRQHandler
                0x0000000008002498                RCC_IRQHandler
                0x0000000008002498                Default_Handler
                0x0000000008002498                EXTI15_10_IRQHandler
                0x0000000008002498                ADC_IRQHandler
                0x0000000008002498                DMA1_Stream7_IRQHandler
                0x0000000008002498                SPI5_IRQHandler
                0x0000000008002498                TIM5_IRQHandler
                0x0000000008002498                DMA2_Stream7_IRQHandler
                0x0000000008002498                I2C3_EV_IRQHandler
                0x0000000008002498                EXTI9_5_IRQHandler
                0x0000000008002498                RTC_WKUP_IRQHandler
                0x0000000008002498                SPI2_IRQHandler
                0x0000000008002498                DMA1_Stream0_IRQHandler
                0x0000000008002498                EXTI4_IRQHandler
                0x0000000008002498                WWDG_IRQHandler
                0x0000000008002498                TIM2_IRQHandler
                0x0000000008002498                OTG_FS_WKUP_IRQHandler
                0x0000000008002498                TIM1_TRG_COM_TIM11_IRQHandler
                0x0000000008002498                EXTI1_IRQHandler
                0x0000000008002498                USART2_IRQHandler
                0x0000000008002498                I2C2_ER_IRQHandler
                0x0000000008002498                DMA2_Stream1_IRQHandler
                0x0000000008002498                FLASH_IRQHandler
                0x0000000008002498                DMA2_Stream4_IRQHandler
                0x0000000008002498                SPI3_IRQHandler
                0x0000000008002498                DMA1_Stream4_IRQHandler
                0x0000000008002498                I2C1_ER_IRQHandler
                0x0000000008002498                DMA2_Stream6_IRQHandler
                0x0000000008002498                DMA1_Stream3_IRQHandler
 .text.VL53L1X_SetI2CAddress
                0x000000000800249a       0x34 Core/VL53L1X_API/core/VL53L1X_api.o
                0x000000000800249a                VL53L1X_SetI2CAddress
 *fill*         0x00000000080024ce        0x2 
 .text.VL53L1X_SensorInit
                0x00000000080024d0       0xb0 Core/VL53L1X_API/core/VL53L1X_api.o
                0x00000000080024d0                VL53L1X_SensorInit
 .text.VL53L1X_ClearInterrupt
                0x0000000008002580       0x2a Core/VL53L1X_API/core/VL53L1X_api.o
                0x0000000008002580                VL53L1X_ClearInterrupt
 .text.VL53L1X_GetInterruptPolarity
                0x00000000080025aa       0x4e Core/VL53L1X_API/core/VL53L1X_api.o
                0x00000000080025aa                VL53L1X_GetInterruptPolarity
 .text.VL53L1X_StartRanging
                0x00000000080025f8       0x2a Core/VL53L1X_API/core/VL53L1X_api.o
                0x00000000080025f8                VL53L1X_StartRanging
 .text.VL53L1X_StopRanging
                0x0000000008002622       0x2a Core/VL53L1X_API/core/VL53L1X_api.o
                0x0000000008002622                VL53L1X_StopRanging
 .text.VL53L1X_CheckForDataReady
                0x000000000800264c       0x62 Core/VL53L1X_API/core/VL53L1X_api.o
                0x000000000800264c                VL53L1X_CheckForDataReady
 .text.VL53L1X_SetTimingBudgetInMs
                0x00000000080026ae      0x20a Core/VL53L1X_API/core/VL53L1X_api.o
                0x00000000080026ae                VL53L1X_SetTimingBudgetInMs
 .text.VL53L1X_GetTimingBudgetInMs
                0x00000000080028b8       0xda Core/VL53L1X_API/core/VL53L1X_api.o
                0x00000000080028b8                VL53L1X_GetTimingBudgetInMs
 .text.VL53L1X_SetDistanceMode
                0x0000000008002992      0x134 Core/VL53L1X_API/core/VL53L1X_api.o
                0x0000000008002992                VL53L1X_SetDistanceMode
 .text.VL53L1X_GetDistanceMode
                0x0000000008002ac6       0x46 Core/VL53L1X_API/core/VL53L1X_api.o
                0x0000000008002ac6                VL53L1X_GetDistanceMode
 *fill*         0x0000000008002b0c        0x4 
 .text.VL53L1X_SetInterMeasurementInMs
                0x0000000008002b10       0x78 Core/VL53L1X_API/core/VL53L1X_api.o
                0x0000000008002b10                VL53L1X_SetInterMeasurementInMs
 .text.VL53L1X_BootState
                0x0000000008002b88       0x38 Core/VL53L1X_API/core/VL53L1X_api.o
                0x0000000008002b88                VL53L1X_BootState
 .text.VL53L1X_GetDistance
                0x0000000008002bc0       0x34 Core/VL53L1X_API/core/VL53L1X_api.o
                0x0000000008002bc0                VL53L1X_GetDistance
 .text.VL53L1X_GetRangeStatus
                0x0000000008002bf4       0x54 Core/VL53L1X_API/core/VL53L1X_api.o
                0x0000000008002bf4                VL53L1X_GetRangeStatus
 .text._I2CWrite
                0x0000000008002c48       0x4c Core/VL53L1X_API/platform/vl53l1_platform.o
                0x0000000008002c48                _I2CWrite
 .text._I2CRead
                0x0000000008002c94       0x54 Core/VL53L1X_API/platform/vl53l1_platform.o
                0x0000000008002c94                _I2CRead
 .text.VL53L1_WrByte
                0x0000000008002ce8       0x58 Core/VL53L1X_API/platform/vl53l1_platform.o
                0x0000000008002ce8                VL53L1_WrByte
 .text.VL53L1_WrWord
                0x0000000008002d40       0x68 Core/VL53L1X_API/platform/vl53l1_platform.o
                0x0000000008002d40                VL53L1_WrWord
 .text.VL53L1_WrDWord
                0x0000000008002da8       0x78 Core/VL53L1X_API/platform/vl53l1_platform.o
                0x0000000008002da8                VL53L1_WrDWord
 .text.VL53L1_RdByte
                0x0000000008002e20       0x70 Core/VL53L1X_API/platform/vl53l1_platform.o
                0x0000000008002e20                VL53L1_RdByte
 .text.VL53L1_RdWord
                0x0000000008002e90       0x84 Core/VL53L1X_API/platform/vl53l1_platform.o
                0x0000000008002e90                VL53L1_RdWord
 .text.HAL_Init
                0x0000000008002f14       0x44 Drivers/STM32F4xx_HAL_Driver/Src/stm32f4xx_hal.o
                0x0000000008002f14                HAL_Init
 .text.HAL_InitTick
                0x0000000008002f58       0x60 Drivers/STM32F4xx_HAL_Driver/Src/stm32f4xx_hal.o
                0x0000000008002f58                HAL_InitTick
 .text.HAL_IncTick
                0x0000000008002fb8       0x28 Drivers/STM32F4xx_HAL_Driver/Src/stm32f4xx_hal.o
                0x0000000008002fb8                HAL_IncTick
 .text.HAL_GetTick
                0x0000000008002fe0       0x18 Drivers/STM32F4xx_HAL_Driver/Src/stm32f4xx_hal.o
                0x0000000008002fe0                HAL_GetTick
 .text.HAL_Delay
                0x0000000008002ff8       0x44 Drivers/STM32F4xx_HAL_Driver/Src/stm32f4xx_hal.o
                0x0000000008002ff8                HAL_Delay
 .text.__NVIC_SetPriorityGrouping
                0x000000000800303c       0x48 Drivers/STM32F4xx_HAL_Driver/Src/stm32f4xx_hal_cortex.o
 .text.__NVIC_GetPriorityGrouping
                0x0000000008003084       0x1c Drivers/STM32F4xx_HAL_Driver/Src/stm32f4xx_hal_cortex.o
 .text.__NVIC_EnableIRQ
                0x00000000080030a0       0x3c Drivers/STM32F4xx_HAL_Driver/Src/stm32f4xx_hal_cortex.o
 .text.__NVIC_SetPriority
                0x00000000080030dc       0x54 Drivers/STM32F4xx_HAL_Driver/Src/stm32f4xx_hal_cortex.o
 .text.NVIC_EncodePriority
                0x0000000008003130       0x66 Drivers/STM32F4xx_HAL_Driver/Src/stm32f4xx_hal_cortex.o
 *fill*         0x0000000008003196        0x2 
 .text.SysTick_Config
                0x0000000008003198       0x44 Drivers/STM32F4xx_HAL_Driver/Src/stm32f4xx_hal_cortex.o
 .text.HAL_NVIC_SetPriorityGrouping
                0x00000000080031dc       0x40 Drivers/STM32F4xx_HAL_Driver/Src/stm32f4xx_hal_cortex.o
                0x00000000080031dc                HAL_NVIC_SetPriorityGrouping
 .text.HAL_NVIC_SetPriority
                0x000000000800321c       0x58 Drivers/STM32F4xx_HAL_Driver/Src/stm32f4xx_hal_cortex.o
                0x000000000800321c                HAL_NVIC_SetPriority
 .text.HAL_NVIC_EnableIRQ
                0x0000000008003274       0x30 Drivers/STM32F4xx_HAL_Driver/Src/stm32f4xx_hal_cortex.o
                0x0000000008003274                HAL_NVIC_EnableIRQ
 .text.HAL_SYSTICK_Config
                0x00000000080032a4       0x18 Drivers/STM32F4xx_HAL_Driver/Src/stm32f4xx_hal_cortex.o
                0x00000000080032a4                HAL_SYSTICK_Config
 .text.HAL_DMA_Abort_IT
                0x00000000080032bc       0x44 Drivers/STM32F4xx_HAL_Driver/Src/stm32f4xx_hal_dma.o
                0x00000000080032bc                HAL_DMA_Abort_IT
 .text.HAL_GPIO_Init
                0x0000000008003300      0x550 Drivers/STM32F4xx_HAL_Driver/Src/stm32f4xx_hal_gpio.o
                0x0000000008003300                HAL_GPIO_Init
 .text.HAL_GPIO_WritePin
                0x0000000008003850       0x64 Drivers/STM32F4xx_HAL_Driver/Src/stm32f4xx_hal_gpio.o
                0x0000000008003850                HAL_GPIO_WritePin
 .text.HAL_I2C_Init
                0x00000000080038b4      0x380 Drivers/STM32F4xx_HAL_Driver/Src/stm32f4xx_hal_i2c.o
                0x00000000080038b4                HAL_I2C_Init
 .text.HAL_I2C_Master_Transmit
                0x0000000008003c34      0x1fc Drivers/STM32F4xx_HAL_Driver/Src/stm32f4xx_hal_i2c.o
                0x0000000008003c34                HAL_I2C_Master_Transmit
 .text.HAL_I2C_Master_Receive
                0x0000000008003e30      0x44c Drivers/STM32F4xx_HAL_Driver/Src/stm32f4xx_hal_i2c.o
                0x0000000008003e30                HAL_I2C_Master_Receive
 .text.HAL_I2C_IsDeviceReady
                0x000000000800427c      0x25c Drivers/STM32F4xx_HAL_Driver/Src/stm32f4xx_hal_i2c.o
                0x000000000800427c                HAL_I2C_IsDeviceReady
 .text.I2C_MasterRequestWrite
                0x00000000080044d8      0x104 Drivers/STM32F4xx_HAL_Driver/Src/stm32f4xx_hal_i2c.o
 .text.I2C_MasterRequestRead
                0x00000000080045dc      0x198 Drivers/STM32F4xx_HAL_Driver/Src/stm32f4xx_hal_i2c.o
 .text.I2C_WaitOnFlagUntilTimeout
                0x0000000008004774       0xae Drivers/STM32F4xx_HAL_Driver/Src/stm32f4xx_hal_i2c.o
 .text.I2C_WaitOnMasterAddressFlagUntilTimeout
                0x0000000008004822       0xfe Drivers/STM32F4xx_HAL_Driver/Src/stm32f4xx_hal_i2c.o
 .text.I2C_WaitOnTXEFlagUntilTimeout
                0x0000000008004920       0x82 Drivers/STM32F4xx_HAL_Driver/Src/stm32f4xx_hal_i2c.o
 .text.I2C_WaitOnBTFFlagUntilTimeout
                0x00000000080049a2       0x82 Drivers/STM32F4xx_HAL_Driver/Src/stm32f4xx_hal_i2c.o
 .text.I2C_WaitOnRXNEFlagUntilTimeout
                0x0000000008004a24       0xac Drivers/STM32F4xx_HAL_Driver/Src/stm32f4xx_hal_i2c.o
 .text.I2C_IsAcknowledgeFailed
                0x0000000008004ad0       0x5e Drivers/STM32F4xx_HAL_Driver/Src/stm32f4xx_hal_i2c.o
 *fill*         0x0000000008004b2e        0x2 
 .text.HAL_PCD_Init
                0x0000000008004b30      0x250 Drivers/STM32F4xx_HAL_Driver/Src/stm32f4xx_hal_pcd.o
                0x0000000008004b30                HAL_PCD_Init
 .text.HAL_PCD_Start
                0x0000000008004d80       0x66 Drivers/STM32F4xx_HAL_Driver/Src/stm32f4xx_hal_pcd.o
                0x0000000008004d80                HAL_PCD_Start
 .text.HAL_PCD_IRQHandler
                0x0000000008004de6      0x764 Drivers/STM32F4xx_HAL_Driver/Src/stm32f4xx_hal_pcd.o
                0x0000000008004de6                HAL_PCD_IRQHandler
 .text.HAL_PCD_SetAddress
                0x000000000800554a       0x4a Drivers/STM32F4xx_HAL_Driver/Src/stm32f4xx_hal_pcd.o
                0x000000000800554a                HAL_PCD_SetAddress
 .text.HAL_PCD_EP_Open
                0x0000000008005594       0xd0 Drivers/STM32F4xx_HAL_Driver/Src/stm32f4xx_hal_pcd.o
                0x0000000008005594                HAL_PCD_EP_Open
 .text.HAL_PCD_EP_Close
                0x0000000008005664       0x94 Drivers/STM32F4xx_HAL_Driver/Src/stm32f4xx_hal_pcd.o
                0x0000000008005664                HAL_PCD_EP_Close
 .text.HAL_PCD_EP_Receive
                0x00000000080056f8       0x96 Drivers/STM32F4xx_HAL_Driver/Src/stm32f4xx_hal_pcd.o
                0x00000000080056f8                HAL_PCD_EP_Receive
 .text.HAL_PCD_EP_GetRxCount
                0x000000000800578e       0x30 Drivers/STM32F4xx_HAL_Driver/Src/stm32f4xx_hal_pcd.o
                0x000000000800578e                HAL_PCD_EP_GetRxCount
 .text.HAL_PCD_EP_Transmit
                0x00000000080057be       0x94 Drivers/STM32F4xx_HAL_Driver/Src/stm32f4xx_hal_pcd.o
                0x00000000080057be                HAL_PCD_EP_Transmit
 .text.HAL_PCD_EP_SetStall
                0x0000000008005852       0xc8 Drivers/STM32F4xx_HAL_Driver/Src/stm32f4xx_hal_pcd.o
                0x0000000008005852                HAL_PCD_EP_SetStall
 .text.HAL_PCD_EP_ClrStall
                0x000000000800591a       0xac Drivers/STM32F4xx_HAL_Driver/Src/stm32f4xx_hal_pcd.o
                0x000000000800591a                HAL_PCD_EP_ClrStall
 .text.PCD_WriteEmptyTxFifo
                0x00000000080059c6      0x11a Drivers/STM32F4xx_HAL_Driver/Src/stm32f4xx_hal_pcd.o
 .text.PCD_EP_OutXfrComplete_int
                0x0000000008005ae0      0x218 Drivers/STM32F4xx_HAL_Driver/Src/stm32f4xx_hal_pcd.o
 .text.PCD_EP_OutSetupPacket_int
                0x0000000008005cf8       0x8c Drivers/STM32F4xx_HAL_Driver/Src/stm32f4xx_hal_pcd.o
 .text.HAL_PCDEx_SetTxFiFo
                0x0000000008005d84       0x8e Drivers/STM32F4xx_HAL_Driver/Src/stm32f4xx_hal_pcd_ex.o
                0x0000000008005d84                HAL_PCDEx_SetTxFiFo
 .text.HAL_PCDEx_SetRxFiFo
                0x0000000008005e12       0x22 Drivers/STM32F4xx_HAL_Driver/Src/stm32f4xx_hal_pcd_ex.o
                0x0000000008005e12                HAL_PCDEx_SetRxFiFo
 .text.HAL_PCDEx_LPM_Callback
                0x0000000008005e34       0x18 Drivers/STM32F4xx_HAL_Driver/Src/stm32f4xx_hal_pcd_ex.o
                0x0000000008005e34                HAL_PCDEx_LPM_Callback
 .text.HAL_RCC_OscConfig
                0x0000000008005e4c      0x640 Drivers/STM32F4xx_HAL_Driver/Src/stm32f4xx_hal_rcc.o
                0x0000000008005e4c                HAL_RCC_OscConfig
 .text.HAL_RCC_ClockConfig
                0x000000000800648c      0x31c Drivers/STM32F4xx_HAL_Driver/Src/stm32f4xx_hal_rcc.o
                0x000000000800648c                HAL_RCC_ClockConfig
 .text.HAL_RCC_GetSysClockFreq
                0x00000000080067a8      0x164 Drivers/STM32F4xx_HAL_Driver/Src/stm32f4xx_hal_rcc.o
                0x00000000080067a8                HAL_RCC_GetSysClockFreq
 .text.HAL_RCC_GetHCLKFreq
                0x000000000800690c       0x18 Drivers/STM32F4xx_HAL_Driver/Src/stm32f4xx_hal_rcc.o
                0x000000000800690c                HAL_RCC_GetHCLKFreq
 .text.HAL_RCC_GetPCLK1Freq
                0x0000000008006924       0x28 Drivers/STM32F4xx_HAL_Driver/Src/stm32f4xx_hal_rcc.o
                0x0000000008006924                HAL_RCC_GetPCLK1Freq
 .text.HAL_RCC_GetPCLK2Freq
                0x000000000800694c       0x28 Drivers/STM32F4xx_HAL_Driver/Src/stm32f4xx_hal_rcc.o
                0x000000000800694c                HAL_RCC_GetPCLK2Freq
 .text.HAL_SPI_Init
                0x0000000008006974      0x25c Drivers/STM32F4xx_HAL_Driver/Src/stm32f4xx_hal_spi.o
                0x0000000008006974                HAL_SPI_Init
 .text.HAL_UART_Init
                0x0000000008006bd0      0x16c Drivers/STM32F4xx_HAL_Driver/Src/stm32f4xx_hal_uart.o
                0x0000000008006bd0                HAL_UART_Init
 .text.HAL_UART_Transmit
                0x0000000008006d3c      0x132 Drivers/STM32F4xx_HAL_Driver/Src/stm32f4xx_hal_uart.o
                0x0000000008006d3c                HAL_UART_Transmit
 *fill*         0x0000000008006e6e        0x2 
 .text.HAL_UART_IRQHandler
                0x0000000008006e70      0x200 Drivers/STM32F4xx_HAL_Driver/Src/stm32f4xx_hal_uart.o
                0x0000000008006e70                HAL_UART_IRQHandler
 .text.HAL_UART_TxCpltCallback
                0x0000000008007070       0x14 Drivers/STM32F4xx_HAL_Driver/Src/stm32f4xx_hal_uart.o
                0x0000000008007070                HAL_UART_TxCpltCallback
 .text.HAL_UART_RxCpltCallback
                0x0000000008007084       0x14 Drivers/STM32F4xx_HAL_Driver/Src/stm32f4xx_hal_uart.o
                0x0000000008007084                HAL_UART_RxCpltCallback
 .text.HAL_UART_ErrorCallback
                0x0000000008007098       0x14 Drivers/STM32F4xx_HAL_Driver/Src/stm32f4xx_hal_uart.o
                0x0000000008007098                HAL_UART_ErrorCallback
 .text.UART_WaitOnFlagUntilTimeout
                0x00000000080070ac       0x94 Drivers/STM32F4xx_HAL_Driver/Src/stm32f4xx_hal_uart.o
 .text.UART_EndRxTransfer
                0x0000000008007140       0x3c Drivers/STM32F4xx_HAL_Driver/Src/stm32f4xx_hal_uart.o
 .text.UART_DMAAbortOnError
                0x000000000800717c       0x28 Drivers/STM32F4xx_HAL_Driver/Src/stm32f4xx_hal_uart.o
 .text.UART_Transmit_IT
                0x00000000080071a4       0xac Drivers/STM32F4xx_HAL_Driver/Src/stm32f4xx_hal_uart.o
 .text.UART_EndTransmit_IT
                0x0000000008007250       0x30 Drivers/STM32F4xx_HAL_Driver/Src/stm32f4xx_hal_uart.o
 .text.UART_Receive_IT
                0x0000000008007280      0x102 Drivers/STM32F4xx_HAL_Driver/Src/stm32f4xx_hal_uart.o
 *fill*         0x0000000008007382        0x2 
 .text.UART_SetConfig
                0x0000000008007384      0x77c Drivers/STM32F4xx_HAL_Driver/Src/stm32f4xx_hal_uart.o
 .text.USB_CoreInit
                0x0000000008007b00       0xc2 Drivers/STM32F4xx_HAL_Driver/Src/stm32f4xx_ll_usb.o
                0x0000000008007b00                USB_CoreInit
 *fill*         0x0000000008007bc2        0x2 
 .text.USB_SetTurnaroundTime
                0x0000000008007bc4      0x144 Drivers/STM32F4xx_HAL_Driver/Src/stm32f4xx_ll_usb.o
                0x0000000008007bc4                USB_SetTurnaroundTime
 .text.USB_EnableGlobalInt
                0x0000000008007d08       0x22 Drivers/STM32F4xx_HAL_Driver/Src/stm32f4xx_ll_usb.o
                0x0000000008007d08                USB_EnableGlobalInt
 .text.USB_DisableGlobalInt
                0x0000000008007d2a       0x22 Drivers/STM32F4xx_HAL_Driver/Src/stm32f4xx_ll_usb.o
                0x0000000008007d2a                USB_DisableGlobalInt
 .text.USB_SetCurrentMode
                0x0000000008007d4c       0x54 Drivers/STM32F4xx_HAL_Driver/Src/stm32f4xx_ll_usb.o
                0x0000000008007d4c                USB_SetCurrentMode
 .text.USB_DevInit
                0x0000000008007da0      0x2c8 Drivers/STM32F4xx_HAL_Driver/Src/stm32f4xx_ll_usb.o
                0x0000000008007da0                USB_DevInit
 .text.USB_FlushTxFifo
                0x0000000008008068       0x4c Drivers/STM32F4xx_HAL_Driver/Src/stm32f4xx_ll_usb.o
                0x0000000008008068                USB_FlushTxFifo
 .text.USB_FlushRxFifo
                0x00000000080080b4       0x44 Drivers/STM32F4xx_HAL_Driver/Src/stm32f4xx_ll_usb.o
                0x00000000080080b4                USB_FlushRxFifo
 .text.USB_SetDevSpeed
                0x00000000080080f8       0x32 Drivers/STM32F4xx_HAL_Driver/Src/stm32f4xx_ll_usb.o
                0x00000000080080f8                USB_SetDevSpeed
 .text.USB_GetDevSpeed
                0x000000000800812a       0x4a Drivers/STM32F4xx_HAL_Driver/Src/stm32f4xx_ll_usb.o
                0x000000000800812a                USB_GetDevSpeed
 .text.USB_ActivateEndpoint
                0x0000000008008174      0x10e Drivers/STM32F4xx_HAL_Driver/Src/stm32f4xx_ll_usb.o
                0x0000000008008174                USB_ActivateEndpoint
 *fill*         0x0000000008008282        0x2 
 .text.USB_DeactivateEndpoint
                0x0000000008008284      0x1b8 Drivers/STM32F4xx_HAL_Driver/Src/stm32f4xx_ll_usb.o
                0x0000000008008284                USB_DeactivateEndpoint
 .text.USB_EPStartXfer
                0x000000000800843c      0x488 Drivers/STM32F4xx_HAL_Driver/Src/stm32f4xx_ll_usb.o
                0x000000000800843c                USB_EPStartXfer
 .text.USB_EP0StartXfer
                0x00000000080088c4      0x2a6 Drivers/STM32F4xx_HAL_Driver/Src/stm32f4xx_ll_usb.o
                0x00000000080088c4                USB_EP0StartXfer
 .text.USB_WritePacket
                0x0000000008008b6a       0x6a Drivers/STM32F4xx_HAL_Driver/Src/stm32f4xx_ll_usb.o
                0x0000000008008b6a                USB_WritePacket
 .text.USB_ReadPacket
                0x0000000008008bd4       0x52 Drivers/STM32F4xx_HAL_Driver/Src/stm32f4xx_ll_usb.o
                0x0000000008008bd4                USB_ReadPacket
 .text.USB_EPSetStall
                0x0000000008008c26       0xdc Drivers/STM32F4xx_HAL_Driver/Src/stm32f4xx_ll_usb.o
                0x0000000008008c26                USB_EPSetStall
 .text.USB_EPClearStall
                0x0000000008008d02       0xcc Drivers/STM32F4xx_HAL_Driver/Src/stm32f4xx_ll_usb.o
                0x0000000008008d02                USB_EPClearStall
 .text.USB_SetDevAddress
                0x0000000008008dce       0x4c Drivers/STM32F4xx_HAL_Driver/Src/stm32f4xx_ll_usb.o
                0x0000000008008dce                USB_SetDevAddress
 .text.USB_DevConnect
                0x0000000008008e1a       0x30 Drivers/STM32F4xx_HAL_Driver/Src/stm32f4xx_ll_usb.o
                0x0000000008008e1a                USB_DevConnect
 .text.USB_DevDisconnect
                0x0000000008008e4a       0x30 Drivers/STM32F4xx_HAL_Driver/Src/stm32f4xx_ll_usb.o
                0x0000000008008e4a                USB_DevDisconnect
 .text.USB_ReadInterrupts
                0x0000000008008e7a       0x26 Drivers/STM32F4xx_HAL_Driver/Src/stm32f4xx_ll_usb.o
                0x0000000008008e7a                USB_ReadInterrupts
 .text.USB_ReadDevAllOutEpInterrupt
                0x0000000008008ea0       0x34 Drivers/STM32F4xx_HAL_Driver/Src/stm32f4xx_ll_usb.o
                0x0000000008008ea0                USB_ReadDevAllOutEpInterrupt
 .text.USB_ReadDevAllInEpInterrupt
                0x0000000008008ed4       0x34 Drivers/STM32F4xx_HAL_Driver/Src/stm32f4xx_ll_usb.o
                0x0000000008008ed4                USB_ReadDevAllInEpInterrupt
 .text.USB_ReadDevOutEPInterrupt
                0x0000000008008f08       0x3c Drivers/STM32F4xx_HAL_Driver/Src/stm32f4xx_ll_usb.o
                0x0000000008008f08                USB_ReadDevOutEPInterrupt
 .text.USB_ReadDevInEPInterrupt
                0x0000000008008f44       0x5c Drivers/STM32F4xx_HAL_Driver/Src/stm32f4xx_ll_usb.o
                0x0000000008008f44                USB_ReadDevInEPInterrupt
 .text.USB_GetMode
                0x0000000008008fa0       0x1c Drivers/STM32F4xx_HAL_Driver/Src/stm32f4xx_ll_usb.o
                0x0000000008008fa0                USB_GetMode
 .text.USB_ActivateSetup
                0x0000000008008fbc       0x46 Drivers/STM32F4xx_HAL_Driver/Src/stm32f4xx_ll_usb.o
                0x0000000008008fbc                USB_ActivateSetup
 *fill*         0x0000000008009002        0x2 
 .text.USB_EP0_OutStart
                0x0000000008009004       0xbc Drivers/STM32F4xx_HAL_Driver/Src/stm32f4xx_ll_usb.o
                0x0000000008009004                USB_EP0_OutStart
 .text.USB_CoreReset
                0x00000000080090c0       0x68 Drivers/STM32F4xx_HAL_Driver/Src/stm32f4xx_ll_usb.o
 .text.USBD_CDC_Init
                0x0000000008009128      0x100 Middlewares/ST/STM32_USB_Device_Library/Class/CDC/Src/usbd_cdc.o
 .text.USBD_CDC_DeInit
                0x0000000008009228       0x78 Middlewares/ST/STM32_USB_Device_Library/Class/CDC/Src/usbd_cdc.o
 .text.USBD_CDC_Setup
                0x00000000080092a0      0x178 Middlewares/ST/STM32_USB_Device_Library/Class/CDC/Src/usbd_cdc.o
 .text.USBD_CDC_DataIn
                0x0000000008009418       0xbe Middlewares/ST/STM32_USB_Device_Library/Class/CDC/Src/usbd_cdc.o
 .text.USBD_CDC_DataOut
                0x00000000080094d6       0x56 Middlewares/ST/STM32_USB_Device_Library/Class/CDC/Src/usbd_cdc.o
 .text.USBD_CDC_EP0_RxReady
                0x000000000800952c       0x50 Middlewares/ST/STM32_USB_Device_Library/Class/CDC/Src/usbd_cdc.o
 .text.USBD_CDC_GetFSCfgDesc
                0x000000000800957c       0x20 Middlewares/ST/STM32_USB_Device_Library/Class/CDC/Src/usbd_cdc.o
 .text.USBD_CDC_GetHSCfgDesc
                0x000000000800959c       0x20 Middlewares/ST/STM32_USB_Device_Library/Class/CDC/Src/usbd_cdc.o
 .text.USBD_CDC_GetOtherSpeedCfgDesc
                0x00000000080095bc       0x20 Middlewares/ST/STM32_USB_Device_Library/Class/CDC/Src/usbd_cdc.o
 .text.USBD_CDC_GetDeviceQualifierDescriptor
                0x00000000080095dc       0x20 Middlewares/ST/STM32_USB_Device_Library/Class/CDC/Src/usbd_cdc.o
                0x00000000080095dc                USBD_CDC_GetDeviceQualifierDescriptor
 .text.USBD_CDC_RegisterInterface
                0x00000000080095fc       0x2a Middlewares/ST/STM32_USB_Device_Library/Class/CDC/Src/usbd_cdc.o
                0x00000000080095fc                USBD_CDC_RegisterInterface
 .text.USBD_CDC_SetTxBuffer
                0x0000000008009626       0x32 Middlewares/ST/STM32_USB_Device_Library/Class/CDC/Src/usbd_cdc.o
                0x0000000008009626                USBD_CDC_SetTxBuffer
 .text.USBD_CDC_SetRxBuffer
                0x0000000008009658       0x28 Middlewares/ST/STM32_USB_Device_Library/Class/CDC/Src/usbd_cdc.o
                0x0000000008009658                USBD_CDC_SetRxBuffer
 .text.USBD_CDC_ReceivePacket
                0x0000000008009680       0x54 Middlewares/ST/STM32_USB_Device_Library/Class/CDC/Src/usbd_cdc.o
                0x0000000008009680                USBD_CDC_ReceivePacket
 .text.USBD_Init
                0x00000000080096d4       0x6c Middlewares/ST/STM32_USB_Device_Library/Core/Src/usbd_core.o
                0x00000000080096d4                USBD_Init
 .text.USBD_RegisterClass
                0x0000000008009740       0x42 Middlewares/ST/STM32_USB_Device_Library/Core/Src/usbd_core.o
                0x0000000008009740                USBD_RegisterClass
 .text.USBD_Start
                0x0000000008009782       0x18 Middlewares/ST/STM32_USB_Device_Library/Core/Src/usbd_core.o
                0x0000000008009782                USBD_Start
 .text.USBD_RunTestMode
                0x000000000800979a       0x16 Middlewares/ST/STM32_USB_Device_Library/Core/Src/usbd_core.o
                0x000000000800979a                USBD_RunTestMode
 .text.USBD_SetClassConfig
                0x00000000080097b0       0x38 Middlewares/ST/STM32_USB_Device_Library/Core/Src/usbd_core.o
                0x00000000080097b0                USBD_SetClassConfig
 .text.USBD_ClrClassConfig
                0x00000000080097e8       0x30 Middlewares/ST/STM32_USB_Device_Library/Core/Src/usbd_core.o
                0x00000000080097e8                USBD_ClrClassConfig
 .text.USBD_LL_SetupStage
                0x0000000008009818       0xa6 Middlewares/ST/STM32_USB_Device_Library/Core/Src/usbd_core.o
                0x0000000008009818                USBD_LL_SetupStage
 .text.USBD_LL_DataOutStage
                0x00000000080098be       0xc6 Middlewares/ST/STM32_USB_Device_Library/Core/Src/usbd_core.o
                0x00000000080098be                USBD_LL_DataOutStage
 .text.USBD_LL_DataInStage
                0x0000000008009984      0x12c Middlewares/ST/STM32_USB_Device_Library/Core/Src/usbd_core.o
                0x0000000008009984                USBD_LL_DataInStage
 .text.USBD_LL_Reset
                0x0000000008009ab0       0x82 Middlewares/ST/STM32_USB_Device_Library/Core/Src/usbd_core.o
                0x0000000008009ab0                USBD_LL_Reset
 .text.USBD_LL_SetSpeed
                0x0000000008009b32       0x20 Middlewares/ST/STM32_USB_Device_Library/Core/Src/usbd_core.o
                0x0000000008009b32                USBD_LL_SetSpeed
 .text.USBD_LL_Suspend
                0x0000000008009b52       0x2a Middlewares/ST/STM32_USB_Device_Library/Core/Src/usbd_core.o
                0x0000000008009b52                USBD_LL_Suspend
 .text.USBD_LL_Resume
                0x0000000008009b7c       0x2c Middlewares/ST/STM32_USB_Device_Library/Core/Src/usbd_core.o
                0x0000000008009b7c                USBD_LL_Resume
 .text.USBD_LL_SOF
                0x0000000008009ba8       0x34 Middlewares/ST/STM32_USB_Device_Library/Core/Src/usbd_core.o
                0x0000000008009ba8                USBD_LL_SOF
 .text.USBD_LL_IsoINIncomplete
                0x0000000008009bdc       0x1a Middlewares/ST/STM32_USB_Device_Library/Core/Src/usbd_core.o
                0x0000000008009bdc                USBD_LL_IsoINIncomplete
 .text.USBD_LL_IsoOUTIncomplete
                0x0000000008009bf6       0x1a Middlewares/ST/STM32_USB_Device_Library/Core/Src/usbd_core.o
                0x0000000008009bf6                USBD_LL_IsoOUTIncomplete
 .text.USBD_LL_DevConnected
                0x0000000008009c10       0x16 Middlewares/ST/STM32_USB_Device_Library/Core/Src/usbd_core.o
                0x0000000008009c10                USBD_LL_DevConnected
 .text.USBD_LL_DevDisconnected
                0x0000000008009c26       0x38 Middlewares/ST/STM32_USB_Device_Library/Core/Src/usbd_core.o
                0x0000000008009c26                USBD_LL_DevDisconnected
 .text.SWAPBYTE
                0x0000000008009c5e       0x3c Middlewares/ST/STM32_USB_Device_Library/Core/Src/usbd_ctlreq.o
 *fill*         0x0000000008009c9a        0x2 
 .text.USBD_StdDevReq
                0x0000000008009c9c       0xdc Middlewares/ST/STM32_USB_Device_Library/Core/Src/usbd_ctlreq.o
                0x0000000008009c9c                USBD_StdDevReq
 .text.USBD_StdItfReq
                0x0000000008009d78       0x8c Middlewares/ST/STM32_USB_Device_Library/Core/Src/usbd_ctlreq.o
                0x0000000008009d78                USBD_StdItfReq
 .text.USBD_StdEPReq
                0x0000000008009e04      0x2aa Middlewares/ST/STM32_USB_Device_Library/Core/Src/usbd_ctlreq.o
                0x0000000008009e04                USBD_StdEPReq
 *fill*         0x000000000800a0ae        0x2 
 .text.USBD_GetDescriptor
                0x000000000800a0b0      0x2d4 Middlewares/ST/STM32_USB_Device_Library/Core/Src/usbd_ctlreq.o
 .text.USBD_SetAddress
                0x000000000800a384       0x84 Middlewares/ST/STM32_USB_Device_Library/Core/Src/usbd_ctlreq.o
 .text.USBD_SetConfig
                0x000000000800a408      0x148 Middlewares/ST/STM32_USB_Device_Library/Core/Src/usbd_ctlreq.o
 .text.USBD_GetConfig
                0x000000000800a550       0x68 Middlewares/ST/STM32_USB_Device_Library/Core/Src/usbd_ctlreq.o
 .text.USBD_GetStatus
                0x000000000800a5b8       0x66 Middlewares/ST/STM32_USB_Device_Library/Core/Src/usbd_ctlreq.o
 .text.USBD_SetFeature
                0x000000000800a61e       0x28 Middlewares/ST/STM32_USB_Device_Library/Core/Src/usbd_ctlreq.o
 .text.USBD_ClrFeature
                0x000000000800a646       0x42 Middlewares/ST/STM32_USB_Device_Library/Core/Src/usbd_ctlreq.o
 .text.USBD_ParseSetupRequest
                0x000000000800a688       0x74 Middlewares/ST/STM32_USB_Device_Library/Core/Src/usbd_ctlreq.o
                0x000000000800a688                USBD_ParseSetupRequest
 .text.USBD_CtlError
                0x000000000800a6fc       0x22 Middlewares/ST/STM32_USB_Device_Library/Core/Src/usbd_ctlreq.o
                0x000000000800a6fc                USBD_CtlError
 .text.USBD_GetString
                0x000000000800a71e       0x8c Middlewares/ST/STM32_USB_Device_Library/Core/Src/usbd_ctlreq.o
                0x000000000800a71e                USBD_GetString
 .text.USBD_GetLen
                0x000000000800a7aa       0x34 Middlewares/ST/STM32_USB_Device_Library/Core/Src/usbd_ctlreq.o
 .text.USBD_CtlSendData
                0x000000000800a7de       0x36 Middlewares/ST/STM32_USB_Device_Library/Core/Src/usbd_ioreq.o
                0x000000000800a7de                USBD_CtlSendData
 .text.USBD_CtlContinueSendData
                0x000000000800a814       0x22 Middlewares/ST/STM32_USB_Device_Library/Core/Src/usbd_ioreq.o
                0x000000000800a814                USBD_CtlContinueSendData
 .text.USBD_CtlPrepareRx
                0x000000000800a836       0x3a Middlewares/ST/STM32_USB_Device_Library/Core/Src/usbd_ioreq.o
                0x000000000800a836                USBD_CtlPrepareRx
 .text.USBD_CtlContinueRx
                0x000000000800a870       0x22 Middlewares/ST/STM32_USB_Device_Library/Core/Src/usbd_ioreq.o
                0x000000000800a870                USBD_CtlContinueRx
 .text.USBD_CtlSendStatus
                0x000000000800a892       0x26 Middlewares/ST/STM32_USB_Device_Library/Core/Src/usbd_ioreq.o
                0x000000000800a892                USBD_CtlSendStatus
 .text.USBD_CtlReceiveStatus
                0x000000000800a8b8       0x26 Middlewares/ST/STM32_USB_Device_Library/Core/Src/usbd_ioreq.o
                0x000000000800a8b8                USBD_CtlReceiveStatus
 *fill*         0x000000000800a8de        0x2 
 .text.MX_USB_DEVICE_Init
                0x000000000800a8e0       0x60 USB_DEVICE/App/usb_device.o
                0x000000000800a8e0                MX_USB_DEVICE_Init
 .text.CDC_Init_FS
                0x000000000800a940       0x28 USB_DEVICE/App/usbd_cdc_if.o
 .text.CDC_DeInit_FS
                0x000000000800a968       0x10 USB_DEVICE/App/usbd_cdc_if.o
 .text.CDC_Control_FS
                0x000000000800a978       0xbc USB_DEVICE/App/usbd_cdc_if.o
 .text.CDC_Receive_FS
                0x000000000800aa34       0x28 USB_DEVICE/App/usbd_cdc_if.o
 .text.CDC_TransmitCplt_FS
                0x000000000800aa5c       0x22 USB_DEVICE/App/usbd_cdc_if.o
 *fill*         0x000000000800aa7e        0x2 
 .text.USBD_FS_DeviceDescriptor
                0x000000000800aa80       0x24 USB_DEVICE/App/usbd_desc.o
                0x000000000800aa80                USBD_FS_DeviceDescriptor
 .text.USBD_FS_LangIDStrDescriptor
                0x000000000800aaa4       0x24 USB_DEVICE/App/usbd_desc.o
                0x000000000800aaa4                USBD_FS_LangIDStrDescriptor
 .text.USBD_FS_ProductStrDescriptor
                0x000000000800aac8       0x3c USB_DEVICE/App/usbd_desc.o
                0x000000000800aac8                USBD_FS_ProductStrDescriptor
 .text.USBD_FS_ManufacturerStrDescriptor
                0x000000000800ab04       0x28 USB_DEVICE/App/usbd_desc.o
                0x000000000800ab04                USBD_FS_ManufacturerStrDescriptor
 .text.USBD_FS_SerialStrDescriptor
                0x000000000800ab2c       0x24 USB_DEVICE/App/usbd_desc.o
                0x000000000800ab2c                USBD_FS_SerialStrDescriptor
 .text.USBD_FS_ConfigStrDescriptor
                0x000000000800ab50       0x3c USB_DEVICE/App/usbd_desc.o
                0x000000000800ab50                USBD_FS_ConfigStrDescriptor
 .text.USBD_FS_InterfaceStrDescriptor
                0x000000000800ab8c       0x3c USB_DEVICE/App/usbd_desc.o
                0x000000000800ab8c                USBD_FS_InterfaceStrDescriptor
 .text.Get_SerialNum
                0x000000000800abc8       0x58 USB_DEVICE/App/usbd_desc.o
 .text.IntToUnicode
                0x000000000800ac20       0x7c USB_DEVICE/App/usbd_desc.o
 .text.HAL_PCD_MspInit
                0x000000000800ac9c       0xa8 USB_DEVICE/Target/usbd_conf.o
                0x000000000800ac9c                HAL_PCD_MspInit
 .text.HAL_PCD_SetupStageCallback
                0x000000000800ad44       0x24 USB_DEVICE/Target/usbd_conf.o
                0x000000000800ad44                HAL_PCD_SetupStageCallback
 .text.HAL_PCD_DataOutStageCallback
                0x000000000800ad68       0x36 USB_DEVICE/Target/usbd_conf.o
                0x000000000800ad68                HAL_PCD_DataOutStageCallback
 .text.HAL_PCD_DataInStageCallback
                0x000000000800ad9e       0x34 USB_DEVICE/Target/usbd_conf.o
                0x000000000800ad9e                HAL_PCD_DataInStageCallback
 .text.HAL_PCD_SOFCallback
                0x000000000800add2       0x1c USB_DEVICE/Target/usbd_conf.o
                0x000000000800add2                HAL_PCD_SOFCallback
 .text.HAL_PCD_ResetCallback
                0x000000000800adee       0x3c USB_DEVICE/Target/usbd_conf.o
                0x000000000800adee                HAL_PCD_ResetCallback
 *fill*         0x000000000800ae2a        0x2 
 .text.HAL_PCD_SuspendCallback
                0x000000000800ae2c       0x4c USB_DEVICE/Target/usbd_conf.o
                0x000000000800ae2c                HAL_PCD_SuspendCallback
 .text.HAL_PCD_ResumeCallback
                0x000000000800ae78       0x1c USB_DEVICE/Target/usbd_conf.o
                0x000000000800ae78                HAL_PCD_ResumeCallback
 .text.HAL_PCD_ISOOUTIncompleteCallback
                0x000000000800ae94       0x24 USB_DEVICE/Target/usbd_conf.o
                0x000000000800ae94                HAL_PCD_ISOOUTIncompleteCallback
 .text.HAL_PCD_ISOINIncompleteCallback
                0x000000000800aeb8       0x24 USB_DEVICE/Target/usbd_conf.o
                0x000000000800aeb8                HAL_PCD_ISOINIncompleteCallback
 .text.HAL_PCD_ConnectCallback
                0x000000000800aedc       0x1c USB_DEVICE/Target/usbd_conf.o
                0x000000000800aedc                HAL_PCD_ConnectCallback
 .text.HAL_PCD_DisconnectCallback
                0x000000000800aef8       0x1c USB_DEVICE/Target/usbd_conf.o
                0x000000000800aef8                HAL_PCD_DisconnectCallback
 .text.USBD_LL_Init
                0x000000000800af14       0x98 USB_DEVICE/Target/usbd_conf.o
                0x000000000800af14                USBD_LL_Init
 .text.USBD_LL_Start
                0x000000000800afac       0x36 USB_DEVICE/Target/usbd_conf.o
                0x000000000800afac                USBD_LL_Start
 .text.USBD_LL_OpenEP
                0x000000000800afe2       0x4c USB_DEVICE/Target/usbd_conf.o
                0x000000000800afe2                USBD_LL_OpenEP
 .text.USBD_LL_CloseEP
                0x000000000800b02e       0x3e USB_DEVICE/Target/usbd_conf.o
                0x000000000800b02e                USBD_LL_CloseEP
 .text.USBD_LL_StallEP
                0x000000000800b06c       0x3e USB_DEVICE/Target/usbd_conf.o
                0x000000000800b06c                USBD_LL_StallEP
 .text.USBD_LL_ClearStallEP
                0x000000000800b0aa       0x3e USB_DEVICE/Target/usbd_conf.o
                0x000000000800b0aa                USBD_LL_ClearStallEP
 .text.USBD_LL_IsStallEP
                0x000000000800b0e8       0x58 USB_DEVICE/Target/usbd_conf.o
                0x000000000800b0e8                USBD_LL_IsStallEP
 .text.USBD_LL_SetUSBAddress
                0x000000000800b140       0x3e USB_DEVICE/Target/usbd_conf.o
                0x000000000800b140                USBD_LL_SetUSBAddress
 .text.USBD_LL_Transmit
                0x000000000800b17e       0x42 USB_DEVICE/Target/usbd_conf.o
                0x000000000800b17e                USBD_LL_Transmit
 .text.USBD_LL_PrepareReceive
                0x000000000800b1c0       0x42 USB_DEVICE/Target/usbd_conf.o
                0x000000000800b1c0                USBD_LL_PrepareReceive
 .text.USBD_LL_GetRxDataSize
                0x000000000800b202       0x26 USB_DEVICE/Target/usbd_conf.o
                0x000000000800b202                USBD_LL_GetRxDataSize
 .text.USBD_Get_USB_Status
                0x000000000800b228       0x58 USB_DEVICE/Target/usbd_conf.o
                0x000000000800b228                USBD_Get_USB_Status
 .text.__errno  0x000000000800b280        0xc /opt/stm32cubeide/plugins/com.st.stm32cube.ide.mcu.externaltools.gnu-tools-for-stm32.7-2018-q2-update.linux64_1.0.0.201904181610/tools/bin/../lib/gcc/arm-none-eabi/7.3.1/../../../../arm-none-eabi/lib/thumb/v7e-m/fpv4-sp/hard/libc_nano.a(lib_a-errno.o)
                0x000000000800b280                __errno
 .text.__libc_init_array
                0x000000000800b28c       0x48 /opt/stm32cubeide/plugins/com.st.stm32cube.ide.mcu.externaltools.gnu-tools-for-stm32.7-2018-q2-update.linux64_1.0.0.201904181610/tools/bin/../lib/gcc/arm-none-eabi/7.3.1/../../../../arm-none-eabi/lib/thumb/v7e-m/fpv4-sp/hard/libc_nano.a(lib_a-init.o)
                0x000000000800b28c                __libc_init_array
 .text.malloc   0x000000000800b2d4       0x10 /opt/stm32cubeide/plugins/com.st.stm32cube.ide.mcu.externaltools.gnu-tools-for-stm32.7-2018-q2-update.linux64_1.0.0.201904181610/tools/bin/../lib/gcc/arm-none-eabi/7.3.1/../../../../arm-none-eabi/lib/thumb/v7e-m/fpv4-sp/hard/libc_nano.a(lib_a-malloc.o)
                0x000000000800b2d4                malloc
 .text.free     0x000000000800b2e4       0x10 /opt/stm32cubeide/plugins/com.st.stm32cube.ide.mcu.externaltools.gnu-tools-for-stm32.7-2018-q2-update.linux64_1.0.0.201904181610/tools/bin/../lib/gcc/arm-none-eabi/7.3.1/../../../../arm-none-eabi/lib/thumb/v7e-m/fpv4-sp/hard/libc_nano.a(lib_a-malloc.o)
                0x000000000800b2e4                free
 .text.memcpy   0x000000000800b2f4       0x16 /opt/stm32cubeide/plugins/com.st.stm32cube.ide.mcu.externaltools.gnu-tools-for-stm32.7-2018-q2-update.linux64_1.0.0.201904181610/tools/bin/../lib/gcc/arm-none-eabi/7.3.1/../../../../arm-none-eabi/lib/thumb/v7e-m/fpv4-sp/hard/libc_nano.a(lib_a-memcpy-stub.o)
                0x000000000800b2f4                memcpy
 .text.memset   0x000000000800b30a       0x10 /opt/stm32cubeide/plugins/com.st.stm32cube.ide.mcu.externaltools.gnu-tools-for-stm32.7-2018-q2-update.linux64_1.0.0.201904181610/tools/bin/../lib/gcc/arm-none-eabi/7.3.1/../../../../arm-none-eabi/lib/thumb/v7e-m/fpv4-sp/hard/libc_nano.a(lib_a-memset.o)
                0x000000000800b30a                memset
 *fill*         0x000000000800b31a        0x2 
 .text._free_r  0x000000000800b31c       0x9c /opt/stm32cubeide/plugins/com.st.stm32cube.ide.mcu.externaltools.gnu-tools-for-stm32.7-2018-q2-update.linux64_1.0.0.201904181610/tools/bin/../lib/gcc/arm-none-eabi/7.3.1/../../../../arm-none-eabi/lib/thumb/v7e-m/fpv4-sp/hard/libc_nano.a(lib_a-nano-freer.o)
                0x000000000800b31c                _free_r
 .text._malloc_r
                0x000000000800b3b8       0xb4 /opt/stm32cubeide/plugins/com.st.stm32cube.ide.mcu.externaltools.gnu-tools-for-stm32.7-2018-q2-update.linux64_1.0.0.201904181610/tools/bin/../lib/gcc/arm-none-eabi/7.3.1/../../../../arm-none-eabi/lib/thumb/v7e-m/fpv4-sp/hard/libc_nano.a(lib_a-nano-mallocr.o)
                0x000000000800b3b8                _malloc_r
 .text._sbrk_r  0x000000000800b46c       0x20 /opt/stm32cubeide/plugins/com.st.stm32cube.ide.mcu.externaltools.gnu-tools-for-stm32.7-2018-q2-update.linux64_1.0.0.201904181610/tools/bin/../lib/gcc/arm-none-eabi/7.3.1/../../../../arm-none-eabi/lib/thumb/v7e-m/fpv4-sp/hard/libc_nano.a(lib_a-sbrkr.o)
                0x000000000800b46c                _sbrk_r
 .text.sprintf  0x000000000800b48c       0x40 /opt/stm32cubeide/plugins/com.st.stm32cube.ide.mcu.externaltools.gnu-tools-for-stm32.7-2018-q2-update.linux64_1.0.0.201904181610/tools/bin/../lib/gcc/arm-none-eabi/7.3.1/../../../../arm-none-eabi/lib/thumb/v7e-m/fpv4-sp/hard/libc_nano.a(lib_a-sprintf.o)
                0x000000000800b48c                sprintf
                0x000000000800b48c                siprintf
 .text.__malloc_lock
                0x000000000800b4cc        0x2 /opt/stm32cubeide/plugins/com.st.stm32cube.ide.mcu.externaltools.gnu-tools-for-stm32.7-2018-q2-update.linux64_1.0.0.201904181610/tools/bin/../lib/gcc/arm-none-eabi/7.3.1/../../../../arm-none-eabi/lib/thumb/v7e-m/fpv4-sp/hard/libc_nano.a(lib_a-mlock.o)
                0x000000000800b4cc                __malloc_lock
 .text.__malloc_unlock
                0x000000000800b4ce        0x2 /opt/stm32cubeide/plugins/com.st.stm32cube.ide.mcu.externaltools.gnu-tools-for-stm32.7-2018-q2-update.linux64_1.0.0.201904181610/tools/bin/../lib/gcc/arm-none-eabi/7.3.1/../../../../arm-none-eabi/lib/thumb/v7e-m/fpv4-sp/hard/libc_nano.a(lib_a-mlock.o)
                0x000000000800b4ce                __malloc_unlock
 .text.__ssputs_r
                0x000000000800b4d0       0xb4 /opt/stm32cubeide/plugins/com.st.stm32cube.ide.mcu.externaltools.gnu-tools-for-stm32.7-2018-q2-update.linux64_1.0.0.201904181610/tools/bin/../lib/gcc/arm-none-eabi/7.3.1/../../../../arm-none-eabi/lib/thumb/v7e-m/fpv4-sp/hard/libc_nano.a(lib_a-nano-svfprintf.o)
                0x000000000800b4d0                __ssputs_r
 .text._svfprintf_r
                0x000000000800b584      0x1f0 /opt/stm32cubeide/plugins/com.st.stm32cube.ide.mcu.externaltools.gnu-tools-for-stm32.7-2018-q2-update.linux64_1.0.0.201904181610/tools/bin/../lib/gcc/arm-none-eabi/7.3.1/../../../../arm-none-eabi/lib/thumb/v7e-m/fpv4-sp/hard/libc_nano.a(lib_a-nano-svfprintf.o)
                0x000000000800b584                _svfprintf_r
                0x000000000800b584                _svfiprintf_r
 .text._printf_common
                0x000000000800b774       0xea /opt/stm32cubeide/plugins/com.st.stm32cube.ide.mcu.externaltools.gnu-tools-for-stm32.7-2018-q2-update.linux64_1.0.0.201904181610/tools/bin/../lib/gcc/arm-none-eabi/7.3.1/../../../../arm-none-eabi/lib/thumb/v7e-m/fpv4-sp/hard/libc_nano.a(lib_a-nano-vfprintf_i.o)
                0x000000000800b774                _printf_common
 *fill*         0x000000000800b85e        0x2 
 .text._printf_i
                0x000000000800b860      0x224 /opt/stm32cubeide/plugins/com.st.stm32cube.ide.mcu.externaltools.gnu-tools-for-stm32.7-2018-q2-update.linux64_1.0.0.201904181610/tools/bin/../lib/gcc/arm-none-eabi/7.3.1/../../../../arm-none-eabi/lib/thumb/v7e-m/fpv4-sp/hard/libc_nano.a(lib_a-nano-vfprintf_i.o)
                0x000000000800b860                _printf_i
 .text.memmove  0x000000000800ba84       0x32 /opt/stm32cubeide/plugins/com.st.stm32cube.ide.mcu.externaltools.gnu-tools-for-stm32.7-2018-q2-update.linux64_1.0.0.201904181610/tools/bin/../lib/gcc/arm-none-eabi/7.3.1/../../../../arm-none-eabi/lib/thumb/v7e-m/fpv4-sp/hard/libc_nano.a(lib_a-memmove.o)
                0x000000000800ba84                memmove
 .text._realloc_r
                0x000000000800bab6       0x4c /opt/stm32cubeide/plugins/com.st.stm32cube.ide.mcu.externaltools.gnu-tools-for-stm32.7-2018-q2-update.linux64_1.0.0.201904181610/tools/bin/../lib/gcc/arm-none-eabi/7.3.1/../../../../arm-none-eabi/lib/thumb/v7e-m/fpv4-sp/hard/libc_nano.a(lib_a-nano-reallocr.o)
                0x000000000800bab6                _realloc_r
 .text._malloc_usable_size_r
                0x000000000800bb02       0x10 /opt/stm32cubeide/plugins/com.st.stm32cube.ide.mcu.externaltools.gnu-tools-for-stm32.7-2018-q2-update.linux64_1.0.0.201904181610/tools/bin/../lib/gcc/arm-none-eabi/7.3.1/../../../../arm-none-eabi/lib/thumb/v7e-m/fpv4-sp/hard/libc_nano.a(lib_a-nano-msizer.o)
                0x000000000800bb02                _malloc_usable_size_r
 *(.glue_7)
 .glue_7        0x000000000800bb12        0x0 linker stubs
 *(.glue_7t)
 .glue_7t       0x000000000800bb12        0x0 linker stubs
 *(.eh_frame)
 *fill*         0x000000000800bb12        0x2 
 .eh_frame      0x000000000800bb14        0x0 /opt/stm32cubeide/plugins/com.st.stm32cube.ide.mcu.externaltools.gnu-tools-for-stm32.7-2018-q2-update.linux64_1.0.0.201904181610/tools/bin/../lib/gcc/arm-none-eabi/7.3.1/thumb/v7e-m/fpv4-sp/hard/crtbegin.o
 *(.init)
 .init          0x000000000800bb14        0x4 /opt/stm32cubeide/plugins/com.st.stm32cube.ide.mcu.externaltools.gnu-tools-for-stm32.7-2018-q2-update.linux64_1.0.0.201904181610/tools/bin/../lib/gcc/arm-none-eabi/7.3.1/thumb/v7e-m/fpv4-sp/hard/crti.o
                0x000000000800bb14                _init
 .init          0x000000000800bb18        0x8 /opt/stm32cubeide/plugins/com.st.stm32cube.ide.mcu.externaltools.gnu-tools-for-stm32.7-2018-q2-update.linux64_1.0.0.201904181610/tools/bin/../lib/gcc/arm-none-eabi/7.3.1/thumb/v7e-m/fpv4-sp/hard/crtn.o
 *(.fini)
 .fini          0x000000000800bb20        0x4 /opt/stm32cubeide/plugins/com.st.stm32cube.ide.mcu.externaltools.gnu-tools-for-stm32.7-2018-q2-update.linux64_1.0.0.201904181610/tools/bin/../lib/gcc/arm-none-eabi/7.3.1/thumb/v7e-m/fpv4-sp/hard/crti.o
                0x000000000800bb20                _fini
 .fini          0x000000000800bb24        0x8 /opt/stm32cubeide/plugins/com.st.stm32cube.ide.mcu.externaltools.gnu-tools-for-stm32.7-2018-q2-update.linux64_1.0.0.201904181610/tools/bin/../lib/gcc/arm-none-eabi/7.3.1/thumb/v7e-m/fpv4-sp/hard/crtn.o
                0x000000000800bb2c                . = ALIGN (0x4)
                0x000000000800bb2c                _etext = .

.vfp11_veneer   0x000000000800bb2c        0x0
 .vfp11_veneer  0x000000000800bb2c        0x0 linker stubs

.v4_bx          0x000000000800bb2c        0x0
 .v4_bx         0x000000000800bb2c        0x0 linker stubs

.iplt           0x000000000800bb2c        0x0
 .iplt          0x000000000800bb2c        0x0 /opt/stm32cubeide/plugins/com.st.stm32cube.ide.mcu.externaltools.gnu-tools-for-stm32.7-2018-q2-update.linux64_1.0.0.201904181610/tools/bin/../lib/gcc/arm-none-eabi/7.3.1/thumb/v7e-m/fpv4-sp/hard/crtbegin.o

.rodata         0x000000000800bb2c      0x564
                0x000000000800bb2c                . = ALIGN (0x4)
 *(.rodata)
 .rodata        0x000000000800bb2c      0x2c5 Core/Src/main.o
 *fill*         0x000000000800bdf1        0x3 
 .rodata        0x000000000800bdf4       0x3b Drivers/STM32F4xx_HAL_Driver/Src/stm32f4xx_hal_cortex.o
 *fill*         0x000000000800be2f        0x1 
 .rodata        0x000000000800be30       0x39 Drivers/STM32F4xx_HAL_Driver/Src/stm32f4xx_hal_gpio.o
 *fill*         0x000000000800be69        0x3 
 .rodata        0x000000000800be6c       0x38 Drivers/STM32F4xx_HAL_Driver/Src/stm32f4xx_hal_i2c.o
 .rodata        0x000000000800bea4       0x38 Drivers/STM32F4xx_HAL_Driver/Src/stm32f4xx_hal_pcd.o
 .rodata        0x000000000800bedc       0x38 Drivers/STM32F4xx_HAL_Driver/Src/stm32f4xx_hal_rcc.o
 .rodata        0x000000000800bf14       0x38 Drivers/STM32F4xx_HAL_Driver/Src/stm32f4xx_hal_spi.o
 .rodata        0x000000000800bf4c       0x39 Drivers/STM32F4xx_HAL_Driver/Src/stm32f4xx_hal_uart.o
 *fill*         0x000000000800bf85        0x3 
 .rodata        0x000000000800bf88       0x46 USB_DEVICE/App/usbd_desc.o
 *(.rodata*)
 *fill*         0x000000000800bfce        0x2 
 .rodata.AHBPrescTable
                0x000000000800bfd0       0x10 Core/Src/system_stm32f4xx.o
                0x000000000800bfd0                AHBPrescTable
 .rodata.APBPrescTable
                0x000000000800bfe0        0x8 Core/Src/system_stm32f4xx.o
                0x000000000800bfe0                APBPrescTable
 .rodata.VL51L1X_DEFAULT_CONFIGURATION
                0x000000000800bfe8       0x5b Core/VL53L1X_API/core/VL53L1X_api.o
                0x000000000800bfe8                VL51L1X_DEFAULT_CONFIGURATION
 *fill*         0x000000000800c043        0x1 
 .rodata.status_rtn
                0x000000000800c044       0x18 Core/VL53L1X_API/core/VL53L1X_api.o
 .rodata._svfprintf_r.str1.1
                0x000000000800c05c       0x11 /opt/stm32cubeide/plugins/com.st.stm32cube.ide.mcu.externaltools.gnu-tools-for-stm32.7-2018-q2-update.linux64_1.0.0.201904181610/tools/bin/../lib/gcc/arm-none-eabi/7.3.1/../../../../arm-none-eabi/lib/thumb/v7e-m/fpv4-sp/hard/libc_nano.a(lib_a-nano-svfprintf.o)
 .rodata._printf_i.str1.1
                0x000000000800c06d       0x22 /opt/stm32cubeide/plugins/com.st.stm32cube.ide.mcu.externaltools.gnu-tools-for-stm32.7-2018-q2-update.linux64_1.0.0.201904181610/tools/bin/../lib/gcc/arm-none-eabi/7.3.1/../../../../arm-none-eabi/lib/thumb/v7e-m/fpv4-sp/hard/libc_nano.a(lib_a-nano-vfprintf_i.o)
                0x000000000800c090                . = ALIGN (0x4)
 *fill*         0x000000000800c08f        0x1 

.ARM.extab      0x000000000800c090        0x0
                0x000000000800c090                . = ALIGN (0x4)
 *(.ARM.extab* .gnu.linkonce.armextab.*)
                0x000000000800c090                . = ALIGN (0x4)

.ARM            0x000000000800c090        0x8
                0x000000000800c090                . = ALIGN (0x4)
                0x000000000800c090                __exidx_start = .
 *(.ARM.exidx*)
 .ARM.exidx     0x000000000800c090        0x8 /opt/stm32cubeide/plugins/com.st.stm32cube.ide.mcu.externaltools.gnu-tools-for-stm32.7-2018-q2-update.linux64_1.0.0.201904181610/tools/bin/../lib/gcc/arm-none-eabi/7.3.1/thumb/v7e-m/fpv4-sp/hard/libgcc.a(_udivmoddi4.o)
                0x000000000800c098                __exidx_end = .
                0x000000000800c098                . = ALIGN (0x4)

.rel.dyn        0x000000000800c098        0x0
 .rel.iplt      0x000000000800c098        0x0 /opt/stm32cubeide/plugins/com.st.stm32cube.ide.mcu.externaltools.gnu-tools-for-stm32.7-2018-q2-update.linux64_1.0.0.201904181610/tools/bin/../lib/gcc/arm-none-eabi/7.3.1/thumb/v7e-m/fpv4-sp/hard/crtbegin.o

.preinit_array  0x000000000800c098        0x0
                0x000000000800c098                . = ALIGN (0x4)
                0x000000000800c098                PROVIDE (__preinit_array_start = .)
 *(.preinit_array*)
                0x000000000800c098                PROVIDE (__preinit_array_end = .)
                0x000000000800c098                . = ALIGN (0x4)

.init_array     0x000000000800c098        0x4
                0x000000000800c098                . = ALIGN (0x4)
                0x000000000800c098                PROVIDE (__init_array_start = .)
 *(SORT_BY_NAME(.init_array.*))
 *(.init_array*)
 .init_array    0x000000000800c098        0x4 /opt/stm32cubeide/plugins/com.st.stm32cube.ide.mcu.externaltools.gnu-tools-for-stm32.7-2018-q2-update.linux64_1.0.0.201904181610/tools/bin/../lib/gcc/arm-none-eabi/7.3.1/thumb/v7e-m/fpv4-sp/hard/crtbegin.o
                0x000000000800c09c                PROVIDE (__init_array_end = .)
                0x000000000800c09c                . = ALIGN (0x4)

.fini_array     0x000000000800c09c        0x4
                0x000000000800c09c                . = ALIGN (0x4)
                [!provide]                        PROVIDE (__fini_array_start = .)
 *(SORT_BY_NAME(.fini_array.*))
 *(.fini_array*)
 .fini_array    0x000000000800c09c        0x4 /opt/stm32cubeide/plugins/com.st.stm32cube.ide.mcu.externaltools.gnu-tools-for-stm32.7-2018-q2-update.linux64_1.0.0.201904181610/tools/bin/../lib/gcc/arm-none-eabi/7.3.1/thumb/v7e-m/fpv4-sp/hard/crtbegin.o
                [!provide]                        PROVIDE (__fini_array_end = .)
                0x000000000800c0a0                . = ALIGN (0x4)
                0x000000000800c0a0                _sidata = LOADADDR (.data)

.data           0x0000000020000000      0x230 load address 0x000000000800c0a0
                0x0000000020000000                . = ALIGN (0x4)
                0x0000000020000000                _sdata = .
 *(.data)
 *(.data*)
 .data.xshut    0x0000000020000000       0x40 Core/Src/main.o
                0x0000000020000000                xshut
 .data.first.10101
                0x0000000020000040        0x1 Core/Src/main.o
 *fill*         0x0000000020000041        0x3 
 .data.SystemCoreClock
                0x0000000020000044        0x4 Core/Src/system_stm32f4xx.o
                0x0000000020000044                SystemCoreClock
 .data.hw       0x0000000020000048        0x8 Core/VL53L1X_API/platform/vl53l1_platform.o
                0x0000000020000048                hw
 .data.uwTickPrio
                0x0000000020000050        0x4 Drivers/STM32F4xx_HAL_Driver/Src/stm32f4xx_hal.o
                0x0000000020000050                uwTickPrio
 .data.uwTickFreq
                0x0000000020000054        0x1 Drivers/STM32F4xx_HAL_Driver/Src/stm32f4xx_hal.o
                0x0000000020000054                uwTickFreq
 *fill*         0x0000000020000055        0x3 
 .data.USBD_CDC_DeviceQualifierDesc
                0x0000000020000058        0xa Middlewares/ST/STM32_USB_Device_Library/Class/CDC/Src/usbd_cdc.o
 *fill*         0x0000000020000062        0x2 
 .data.USBD_CDC
                0x0000000020000064       0x38 Middlewares/ST/STM32_USB_Device_Library/Class/CDC/Src/usbd_cdc.o
                0x0000000020000064                USBD_CDC
 .data.USBD_CDC_CfgHSDesc
                0x000000002000009c       0x43 Middlewares/ST/STM32_USB_Device_Library/Class/CDC/Src/usbd_cdc.o
 *fill*         0x00000000200000df        0x1 
 .data.USBD_CDC_CfgFSDesc
                0x00000000200000e0       0x43 Middlewares/ST/STM32_USB_Device_Library/Class/CDC/Src/usbd_cdc.o
 *fill*         0x0000000020000123        0x1 
 .data.USBD_CDC_OtherSpeedCfgDesc
                0x0000000020000124       0x43 Middlewares/ST/STM32_USB_Device_Library/Class/CDC/Src/usbd_cdc.o
 *fill*         0x0000000020000167        0x1 
 .data.USBD_Interface_fops_FS
                0x0000000020000168       0x14 USB_DEVICE/App/usbd_cdc_if.o
                0x0000000020000168                USBD_Interface_fops_FS
 .data.FS_Desc  0x000000002000017c       0x1c USB_DEVICE/App/usbd_desc.o
                0x000000002000017c                FS_Desc
 .data.USBD_FS_DeviceDesc
                0x0000000020000198       0x12 USB_DEVICE/App/usbd_desc.o
                0x0000000020000198                USBD_FS_DeviceDesc
 *fill*         0x00000000200001aa        0x2 
 .data.USBD_LangIDDesc
                0x00000000200001ac        0x4 USB_DEVICE/App/usbd_desc.o
                0x00000000200001ac                USBD_LangIDDesc
 .data.USBD_StringSerial
                0x00000000200001b0       0x1a USB_DEVICE/App/usbd_desc.o
                0x00000000200001b0                USBD_StringSerial
 *fill*         0x00000000200001ca        0x2 
 .data._impure_ptr
                0x00000000200001cc        0x4 /opt/stm32cubeide/plugins/com.st.stm32cube.ide.mcu.externaltools.gnu-tools-for-stm32.7-2018-q2-update.linux64_1.0.0.201904181610/tools/bin/../lib/gcc/arm-none-eabi/7.3.1/../../../../arm-none-eabi/lib/thumb/v7e-m/fpv4-sp/hard/libc_nano.a(lib_a-impure.o)
                0x00000000200001cc                _impure_ptr
 .data.impure_data
                0x00000000200001d0       0x60 /opt/stm32cubeide/plugins/com.st.stm32cube.ide.mcu.externaltools.gnu-tools-for-stm32.7-2018-q2-update.linux64_1.0.0.201904181610/tools/bin/../lib/gcc/arm-none-eabi/7.3.1/../../../../arm-none-eabi/lib/thumb/v7e-m/fpv4-sp/hard/libc_nano.a(lib_a-impure.o)
                0x0000000020000230                . = ALIGN (0x4)
                0x0000000020000230                _edata = .

.igot.plt       0x0000000020000230        0x0 load address 0x000000000800c2d0
 .igot.plt      0x0000000020000230        0x0 /opt/stm32cubeide/plugins/com.st.stm32cube.ide.mcu.externaltools.gnu-tools-for-stm32.7-2018-q2-update.linux64_1.0.0.201904181610/tools/bin/../lib/gcc/arm-none-eabi/7.3.1/thumb/v7e-m/fpv4-sp/hard/crtbegin.o
                0x0000000020000230                . = ALIGN (0x4)

.bss            0x0000000020000230     0x1c3c load address 0x000000000800c2d0
                0x0000000020000230                _sbss = .
                0x0000000020000230                __bss_start__ = _sbss
 *(.bss)
 .bss           0x0000000020000230       0x1c /opt/stm32cubeide/plugins/com.st.stm32cube.ide.mcu.externaltools.gnu-tools-for-stm32.7-2018-q2-update.linux64_1.0.0.201904181610/tools/bin/../lib/gcc/arm-none-eabi/7.3.1/thumb/v7e-m/fpv4-sp/hard/crtbegin.o
 *(.bss*)
 .bss.lastGreen.10100
                0x000000002000024c        0x4 Core/Src/main.o
 .bss.last.10102
                0x0000000020000250        0x4 Core/Src/main.o
 .bss.startLedSpin.10128
                0x0000000020000254        0x4 Core/Src/main.o
 .bss.heap_end.6424
                0x0000000020000258        0x4 Core/Src/sysmem.o
 .bss.cfgidx.10090
                0x000000002000025c        0x1 Middlewares/ST/STM32_USB_Device_Library/Core/Src/usbd_ctlreq.o
 *fill*         0x000000002000025d        0x3 
 .bss.__malloc_free_list
                0x0000000020000260        0x4 /opt/stm32cubeide/plugins/com.st.stm32cube.ide.mcu.externaltools.gnu-tools-for-stm32.7-2018-q2-update.linux64_1.0.0.201904181610/tools/bin/../lib/gcc/arm-none-eabi/7.3.1/../../../../arm-none-eabi/lib/thumb/v7e-m/fpv4-sp/hard/libc_nano.a(lib_a-nano-mallocr.o)
                0x0000000020000260                __malloc_free_list
 .bss.__malloc_sbrk_start
                0x0000000020000264        0x4 /opt/stm32cubeide/plugins/com.st.stm32cube.ide.mcu.externaltools.gnu-tools-for-stm32.7-2018-q2-update.linux64_1.0.0.201904181610/tools/bin/../lib/gcc/arm-none-eabi/7.3.1/../../../../arm-none-eabi/lib/thumb/v7e-m/fpv4-sp/hard/libc_nano.a(lib_a-nano-mallocr.o)
                0x0000000020000264                __malloc_sbrk_start
 *(COMMON)
 COMMON         0x0000000020000268      0x224 Core/Src/main.o
                0x0000000020000268                hi2c3
                0x00000000200002bc                hi2c1
                0x0000000020000310                hi2c2
                0x0000000020000364                hspi3
                0x00000000200003bc                ledColor
                0x00000000200003cc                huart1
                0x000000002000040c                huart2
                0x000000002000044c                sensors
 COMMON         0x000000002000048c      0x100 Core/VL53L1X_API/platform/vl53l1_platform.o
                0x000000002000048c                _I2CBuffer
 COMMON         0x000000002000058c        0x4 Drivers/STM32F4xx_HAL_Driver/Src/stm32f4xx_hal.o
                0x000000002000058c                uwTick
 COMMON         0x0000000020000590      0x2d0 USB_DEVICE/App/usb_device.o
                0x0000000020000590                hUsbDeviceFS
 COMMON         0x0000000020000860     0x1000 USB_DEVICE/App/usbd_cdc_if.o
                0x0000000020000860                UserRxBufferFS
                0x0000000020001060                UserTxBufferFS
 COMMON         0x0000000020001860      0x200 USB_DEVICE/App/usbd_desc.o
                0x0000000020001860                USBD_StrDesc
 COMMON         0x0000000020001a60      0x408 USB_DEVICE/Target/usbd_conf.o
                0x0000000020001a60                hpcd_USB_OTG_FS
 COMMON         0x0000000020001e68        0x4 /opt/stm32cubeide/plugins/com.st.stm32cube.ide.mcu.externaltools.gnu-tools-for-stm32.7-2018-q2-update.linux64_1.0.0.201904181610/tools/bin/../lib/gcc/arm-none-eabi/7.3.1/../../../../arm-none-eabi/lib/thumb/v7e-m/fpv4-sp/hard/libc_nano.a(lib_a-reent.o)
                0x0000000020001e68                errno
                0x0000000020001e6c                . = ALIGN (0x4)
                0x0000000020001e6c                _ebss = .
                0x0000000020001e6c                __bss_end__ = _ebss

._user_heap_stack
                0x0000000020001e6c      0x604 load address 0x000000000800c2d0
                0x0000000020001e70                . = ALIGN (0x8)
 *fill*         0x0000000020001e6c        0x4 
                0x0000000020001e70                PROVIDE (end = .)
                [!provide]                        PROVIDE (_end = .)
                0x0000000020002070                . = (. + _Min_Heap_Size)
 *fill*         0x0000000020001e70      0x200 
                0x0000000020002470                . = (. + _Min_Stack_Size)
 *fill*         0x0000000020002070      0x400 
                0x0000000020002470                . = ALIGN (0x8)

/DISCARD/
 libc.a(*)
 libm.a(*)
 libgcc.a(*)

.ARM.attributes
                0x0000000000000000       0x30
 *(.ARM.attributes)
 .ARM.attributes
                0x0000000000000000       0x22 /opt/stm32cubeide/plugins/com.st.stm32cube.ide.mcu.externaltools.gnu-tools-for-stm32.7-2018-q2-update.linux64_1.0.0.201904181610/tools/bin/../lib/gcc/arm-none-eabi/7.3.1/thumb/v7e-m/fpv4-sp/hard/crti.o
 .ARM.attributes
                0x0000000000000022       0x34 /opt/stm32cubeide/plugins/com.st.stm32cube.ide.mcu.externaltools.gnu-tools-for-stm32.7-2018-q2-update.linux64_1.0.0.201904181610/tools/bin/../lib/gcc/arm-none-eabi/7.3.1/thumb/v7e-m/fpv4-sp/hard/crtbegin.o
 .ARM.attributes
                0x0000000000000056       0x39 Core/Src/WS2812.o
 .ARM.attributes
                0x000000000000008f       0x39 Core/Src/main.o
 .ARM.attributes
                0x00000000000000c8       0x39 Core/Src/stm32f4xx_hal_msp.o
 .ARM.attributes
                0x0000000000000101       0x39 Core/Src/stm32f4xx_it.o
 .ARM.attributes
                0x000000000000013a       0x39 Core/Src/sysmem.o
 .ARM.attributes
                0x0000000000000173       0x39 Core/Src/system_stm32f4xx.o
 .ARM.attributes
                0x00000000000001ac       0x21 Core/Startup/startup_stm32f411retx.o
 .ARM.attributes
                0x00000000000001cd       0x39 Core/VL53L1X_API/core/VL53L1X_api.o
 .ARM.attributes
                0x0000000000000206       0x39 Core/VL53L1X_API/platform/vl53l1_platform.o
 .ARM.attributes
                0x000000000000023f       0x39 Drivers/STM32F4xx_HAL_Driver/Src/stm32f4xx_hal.o
 .ARM.attributes
                0x0000000000000278       0x39 Drivers/STM32F4xx_HAL_Driver/Src/stm32f4xx_hal_cortex.o
 .ARM.attributes
                0x00000000000002b1       0x39 Drivers/STM32F4xx_HAL_Driver/Src/stm32f4xx_hal_dma.o
 .ARM.attributes
                0x00000000000002ea       0x39 Drivers/STM32F4xx_HAL_Driver/Src/stm32f4xx_hal_gpio.o
 .ARM.attributes
                0x0000000000000323       0x39 Drivers/STM32F4xx_HAL_Driver/Src/stm32f4xx_hal_i2c.o
 .ARM.attributes
                0x000000000000035c       0x39 Drivers/STM32F4xx_HAL_Driver/Src/stm32f4xx_hal_pcd.o
 .ARM.attributes
                0x0000000000000395       0x39 Drivers/STM32F4xx_HAL_Driver/Src/stm32f4xx_hal_pcd_ex.o
 .ARM.attributes
                0x00000000000003ce       0x39 Drivers/STM32F4xx_HAL_Driver/Src/stm32f4xx_hal_rcc.o
 .ARM.attributes
                0x0000000000000407       0x39 Drivers/STM32F4xx_HAL_Driver/Src/stm32f4xx_hal_spi.o
 .ARM.attributes
                0x0000000000000440       0x39 Drivers/STM32F4xx_HAL_Driver/Src/stm32f4xx_hal_uart.o
 .ARM.attributes
                0x0000000000000479       0x39 Drivers/STM32F4xx_HAL_Driver/Src/stm32f4xx_ll_usb.o
 .ARM.attributes
                0x00000000000004b2       0x39 Middlewares/ST/STM32_USB_Device_Library/Class/CDC/Src/usbd_cdc.o
 .ARM.attributes
                0x00000000000004eb       0x39 Middlewares/ST/STM32_USB_Device_Library/Core/Src/usbd_core.o
 .ARM.attributes
                0x0000000000000524       0x39 Middlewares/ST/STM32_USB_Device_Library/Core/Src/usbd_ctlreq.o
 .ARM.attributes
                0x000000000000055d       0x39 Middlewares/ST/STM32_USB_Device_Library/Core/Src/usbd_ioreq.o
 .ARM.attributes
                0x0000000000000596       0x39 USB_DEVICE/App/usb_device.o
 .ARM.attributes
                0x00000000000005cf       0x39 USB_DEVICE/App/usbd_cdc_if.o
 .ARM.attributes
                0x0000000000000608       0x39 USB_DEVICE/App/usbd_desc.o
 .ARM.attributes
                0x0000000000000641       0x39 USB_DEVICE/Target/usbd_conf.o
 .ARM.attributes
                0x000000000000067a       0x34 /opt/stm32cubeide/plugins/com.st.stm32cube.ide.mcu.externaltools.gnu-tools-for-stm32.7-2018-q2-update.linux64_1.0.0.201904181610/tools/bin/../lib/gcc/arm-none-eabi/7.3.1/../../../../arm-none-eabi/lib/thumb/v7e-m/fpv4-sp/hard/libc_nano.a(lib_a-errno.o)
 .ARM.attributes
                0x00000000000006ae       0x34 /opt/stm32cubeide/plugins/com.st.stm32cube.ide.mcu.externaltools.gnu-tools-for-stm32.7-2018-q2-update.linux64_1.0.0.201904181610/tools/bin/../lib/gcc/arm-none-eabi/7.3.1/../../../../arm-none-eabi/lib/thumb/v7e-m/fpv4-sp/hard/libc_nano.a(lib_a-impure.o)
 .ARM.attributes
                0x00000000000006e2       0x34 /opt/stm32cubeide/plugins/com.st.stm32cube.ide.mcu.externaltools.gnu-tools-for-stm32.7-2018-q2-update.linux64_1.0.0.201904181610/tools/bin/../lib/gcc/arm-none-eabi/7.3.1/../../../../arm-none-eabi/lib/thumb/v7e-m/fpv4-sp/hard/libc_nano.a(lib_a-init.o)
 .ARM.attributes
                0x0000000000000716       0x34 /opt/stm32cubeide/plugins/com.st.stm32cube.ide.mcu.externaltools.gnu-tools-for-stm32.7-2018-q2-update.linux64_1.0.0.201904181610/tools/bin/../lib/gcc/arm-none-eabi/7.3.1/../../../../arm-none-eabi/lib/thumb/v7e-m/fpv4-sp/hard/libc_nano.a(lib_a-malloc.o)
 .ARM.attributes
                0x000000000000074a       0x34 /opt/stm32cubeide/plugins/com.st.stm32cube.ide.mcu.externaltools.gnu-tools-for-stm32.7-2018-q2-update.linux64_1.0.0.201904181610/tools/bin/../lib/gcc/arm-none-eabi/7.3.1/../../../../arm-none-eabi/lib/thumb/v7e-m/fpv4-sp/hard/libc_nano.a(lib_a-memcpy-stub.o)
 .ARM.attributes
                0x000000000000077e       0x34 /opt/stm32cubeide/plugins/com.st.stm32cube.ide.mcu.externaltools.gnu-tools-for-stm32.7-2018-q2-update.linux64_1.0.0.201904181610/tools/bin/../lib/gcc/arm-none-eabi/7.3.1/../../../../arm-none-eabi/lib/thumb/v7e-m/fpv4-sp/hard/libc_nano.a(lib_a-memset.o)
 .ARM.attributes
                0x00000000000007b2       0x34 /opt/stm32cubeide/plugins/com.st.stm32cube.ide.mcu.externaltools.gnu-tools-for-stm32.7-2018-q2-update.linux64_1.0.0.201904181610/tools/bin/../lib/gcc/arm-none-eabi/7.3.1/../../../../arm-none-eabi/lib/thumb/v7e-m/fpv4-sp/hard/libc_nano.a(lib_a-nano-freer.o)
 .ARM.attributes
                0x00000000000007e6       0x34 /opt/stm32cubeide/plugins/com.st.stm32cube.ide.mcu.externaltools.gnu-tools-for-stm32.7-2018-q2-update.linux64_1.0.0.201904181610/tools/bin/../lib/gcc/arm-none-eabi/7.3.1/../../../../arm-none-eabi/lib/thumb/v7e-m/fpv4-sp/hard/libc_nano.a(lib_a-nano-mallocr.o)
 .ARM.attributes
                0x000000000000081a       0x34 /opt/stm32cubeide/plugins/com.st.stm32cube.ide.mcu.externaltools.gnu-tools-for-stm32.7-2018-q2-update.linux64_1.0.0.201904181610/tools/bin/../lib/gcc/arm-none-eabi/7.3.1/../../../../arm-none-eabi/lib/thumb/v7e-m/fpv4-sp/hard/libc_nano.a(lib_a-sbrkr.o)
 .ARM.attributes
                0x000000000000084e       0x34 /opt/stm32cubeide/plugins/com.st.stm32cube.ide.mcu.externaltools.gnu-tools-for-stm32.7-2018-q2-update.linux64_1.0.0.201904181610/tools/bin/../lib/gcc/arm-none-eabi/7.3.1/../../../../arm-none-eabi/lib/thumb/v7e-m/fpv4-sp/hard/libc_nano.a(lib_a-sprintf.o)
 .ARM.attributes
                0x0000000000000882       0x1b /opt/stm32cubeide/plugins/com.st.stm32cube.ide.mcu.externaltools.gnu-tools-for-stm32.7-2018-q2-update.linux64_1.0.0.201904181610/tools/bin/../lib/gcc/arm-none-eabi/7.3.1/../../../../arm-none-eabi/lib/thumb/v7e-m/fpv4-sp/hard/libc_nano.a(lib_a-strlen.o)
 .ARM.attributes
                0x000000000000089d       0x34 /opt/stm32cubeide/plugins/com.st.stm32cube.ide.mcu.externaltools.gnu-tools-for-stm32.7-2018-q2-update.linux64_1.0.0.201904181610/tools/bin/../lib/gcc/arm-none-eabi/7.3.1/../../../../arm-none-eabi/lib/thumb/v7e-m/fpv4-sp/hard/libc_nano.a(lib_a-mlock.o)
 .ARM.attributes
                0x00000000000008d1       0x34 /opt/stm32cubeide/plugins/com.st.stm32cube.ide.mcu.externaltools.gnu-tools-for-stm32.7-2018-q2-update.linux64_1.0.0.201904181610/tools/bin/../lib/gcc/arm-none-eabi/7.3.1/../../../../arm-none-eabi/lib/thumb/v7e-m/fpv4-sp/hard/libc_nano.a(lib_a-nano-svfprintf.o)
 .ARM.attributes
                0x0000000000000905       0x34 /opt/stm32cubeide/plugins/com.st.stm32cube.ide.mcu.externaltools.gnu-tools-for-stm32.7-2018-q2-update.linux64_1.0.0.201904181610/tools/bin/../lib/gcc/arm-none-eabi/7.3.1/../../../../arm-none-eabi/lib/thumb/v7e-m/fpv4-sp/hard/libc_nano.a(lib_a-nano-vfprintf_i.o)
 .ARM.attributes
                0x0000000000000939       0x34 /opt/stm32cubeide/plugins/com.st.stm32cube.ide.mcu.externaltools.gnu-tools-for-stm32.7-2018-q2-update.linux64_1.0.0.201904181610/tools/bin/../lib/gcc/arm-none-eabi/7.3.1/../../../../arm-none-eabi/lib/thumb/v7e-m/fpv4-sp/hard/libc_nano.a(lib_a-reent.o)
 .ARM.attributes
                0x000000000000096d       0x20 /opt/stm32cubeide/plugins/com.st.stm32cube.ide.mcu.externaltools.gnu-tools-for-stm32.7-2018-q2-update.linux64_1.0.0.201904181610/tools/bin/../lib/gcc/arm-none-eabi/7.3.1/../../../../arm-none-eabi/lib/thumb/v7e-m/fpv4-sp/hard/libc_nano.a(lib_a-memchr.o)
 .ARM.attributes
                0x000000000000098d       0x34 /opt/stm32cubeide/plugins/com.st.stm32cube.ide.mcu.externaltools.gnu-tools-for-stm32.7-2018-q2-update.linux64_1.0.0.201904181610/tools/bin/../lib/gcc/arm-none-eabi/7.3.1/../../../../arm-none-eabi/lib/thumb/v7e-m/fpv4-sp/hard/libc_nano.a(lib_a-memmove.o)
 .ARM.attributes
                0x00000000000009c1       0x34 /opt/stm32cubeide/plugins/com.st.stm32cube.ide.mcu.externaltools.gnu-tools-for-stm32.7-2018-q2-update.linux64_1.0.0.201904181610/tools/bin/../lib/gcc/arm-none-eabi/7.3.1/../../../../arm-none-eabi/lib/thumb/v7e-m/fpv4-sp/hard/libc_nano.a(lib_a-nano-reallocr.o)
 .ARM.attributes
                0x00000000000009f5       0x34 /opt/stm32cubeide/plugins/com.st.stm32cube.ide.mcu.externaltools.gnu-tools-for-stm32.7-2018-q2-update.linux64_1.0.0.201904181610/tools/bin/../lib/gcc/arm-none-eabi/7.3.1/../../../../arm-none-eabi/lib/thumb/v7e-m/fpv4-sp/hard/libc_nano.a(lib_a-nano-msizer.o)
 .ARM.attributes
                0x0000000000000a29       0x22 /opt/stm32cubeide/plugins/com.st.stm32cube.ide.mcu.externaltools.gnu-tools-for-stm32.7-2018-q2-update.linux64_1.0.0.201904181610/tools/bin/../lib/gcc/arm-none-eabi/7.3.1/thumb/v7e-m/fpv4-sp/hard/libgcc.a(_arm_addsubdf3.o)
 .ARM.attributes
                0x0000000000000a4b       0x22 /opt/stm32cubeide/plugins/com.st.stm32cube.ide.mcu.externaltools.gnu-tools-for-stm32.7-2018-q2-update.linux64_1.0.0.201904181610/tools/bin/../lib/gcc/arm-none-eabi/7.3.1/thumb/v7e-m/fpv4-sp/hard/libgcc.a(_arm_muldivdf3.o)
 .ARM.attributes
                0x0000000000000a6d       0x22 /opt/stm32cubeide/plugins/com.st.stm32cube.ide.mcu.externaltools.gnu-tools-for-stm32.7-2018-q2-update.linux64_1.0.0.201904181610/tools/bin/../lib/gcc/arm-none-eabi/7.3.1/thumb/v7e-m/fpv4-sp/hard/libgcc.a(_arm_fixunsdfsi.o)
 .ARM.attributes
                0x0000000000000a8f       0x22 /opt/stm32cubeide/plugins/com.st.stm32cube.ide.mcu.externaltools.gnu-tools-for-stm32.7-2018-q2-update.linux64_1.0.0.201904181610/tools/bin/../lib/gcc/arm-none-eabi/7.3.1/thumb/v7e-m/fpv4-sp/hard/libgcc.a(_aeabi_uldivmod.o)
 .ARM.attributes
                0x0000000000000ab1       0x34 /opt/stm32cubeide/plugins/com.st.stm32cube.ide.mcu.externaltools.gnu-tools-for-stm32.7-2018-q2-update.linux64_1.0.0.201904181610/tools/bin/../lib/gcc/arm-none-eabi/7.3.1/thumb/v7e-m/fpv4-sp/hard/libgcc.a(_udivmoddi4.o)
 .ARM.attributes
                0x0000000000000ae5       0x22 /opt/stm32cubeide/plugins/com.st.stm32cube.ide.mcu.externaltools.gnu-tools-for-stm32.7-2018-q2-update.linux64_1.0.0.201904181610/tools/bin/../lib/gcc/arm-none-eabi/7.3.1/thumb/v7e-m/fpv4-sp/hard/libgcc.a(_dvmd_tls.o)
 .ARM.attributes
                0x0000000000000b07       0x22 /opt/stm32cubeide/plugins/com.st.stm32cube.ide.mcu.externaltools.gnu-tools-for-stm32.7-2018-q2-update.linux64_1.0.0.201904181610/tools/bin/../lib/gcc/arm-none-eabi/7.3.1/thumb/v7e-m/fpv4-sp/hard/crtn.o
OUTPUT(53xLidar.elf elf32-littlearm)

.debug_info     0x0000000000000000    0x1c201
 .debug_info    0x0000000000000000      0x354 Core/Src/WS2812.o
 .debug_info    0x0000000000000354     0x2004 Core/Src/main.o
 .debug_info    0x0000000000002358     0x11cb Core/Src/stm32f4xx_hal_msp.o
 .debug_info    0x0000000000003523      0xaa5 Core/Src/stm32f4xx_it.o
 .debug_info    0x0000000000003fc8      0x91c Core/Src/sysmem.o
 .debug_info    0x00000000000048e4      0x57e Core/Src/system_stm32f4xx.o
 .debug_info    0x0000000000004e62       0x22 Core/Startup/startup_stm32f411retx.o
 .debug_info    0x0000000000004e84     0x180f Core/VL53L1X_API/core/VL53L1X_api.o
 .debug_info    0x0000000000006693     0x13dd Core/VL53L1X_API/platform/vl53l1_platform.o
 .debug_info    0x0000000000007a70      0x8d5 Drivers/STM32F4xx_HAL_Driver/Src/stm32f4xx_hal.o
 .debug_info    0x0000000000008345      0xdae Drivers/STM32F4xx_HAL_Driver/Src/stm32f4xx_hal_cortex.o
 .debug_info    0x00000000000090f3      0x960 Drivers/STM32F4xx_HAL_Driver/Src/stm32f4xx_hal_dma.o
 .debug_info    0x0000000000009a53      0x7d7 Drivers/STM32F4xx_HAL_Driver/Src/stm32f4xx_hal_gpio.o
 .debug_info    0x000000000000a22a     0x23ba Drivers/STM32F4xx_HAL_Driver/Src/stm32f4xx_hal_i2c.o
 .debug_info    0x000000000000c5e4     0x1114 Drivers/STM32F4xx_HAL_Driver/Src/stm32f4xx_hal_pcd.o
 .debug_info    0x000000000000d6f8      0x753 Drivers/STM32F4xx_HAL_Driver/Src/stm32f4xx_hal_pcd_ex.o
 .debug_info    0x000000000000de4b      0x92a Drivers/STM32F4xx_HAL_Driver/Src/stm32f4xx_hal_rcc.o
 .debug_info    0x000000000000e775     0x1632 Drivers/STM32F4xx_HAL_Driver/Src/stm32f4xx_hal_spi.o
 .debug_info    0x000000000000fda7     0x1244 Drivers/STM32F4xx_HAL_Driver/Src/stm32f4xx_hal_uart.o
 .debug_info    0x0000000000010feb     0x18dd Drivers/STM32F4xx_HAL_Driver/Src/stm32f4xx_ll_usb.o