Archive member included to satisfy reference by file (symbol)

/opt/truestudio/ARMTools/bin/../lib/gcc/arm-atollic-eabi/6.3.1/../../../../arm-atollic-eabi/lib/armv7e-m/fpu/libc_nano.a(lib_a-init.o)
                              startup/startup_stm32f411xe.o (__libc_init_array)
/opt/truestudio/ARMTools/bin/../lib/gcc/arm-atollic-eabi/6.3.1/../../../../arm-atollic-eabi/lib/armv7e-m/fpu/libc_nano.a(lib_a-malloc.o)
                              Middlewares/ST/STM32_USB_Device_Library/Class/CDC/Src/usbd_cdc.o (malloc)
/opt/truestudio/ARMTools/bin/../lib/gcc/arm-atollic-eabi/6.3.1/../../../../arm-atollic-eabi/lib/armv7e-m/fpu/libc_nano.a(lib_a-memcpy-stub.o)
                              VL53L1X_API/core/vl53l1_api_core.o (memcpy)
/opt/truestudio/ARMTools/bin/../lib/gcc/arm-atollic-eabi/6.3.1/../../../../arm-atollic-eabi/lib/armv7e-m/fpu/libc_nano.a(lib_a-memset.o)
                              VL53L1X_API/core/vl53l1_api.o (memset)
/opt/truestudio/ARMTools/bin/../lib/gcc/arm-atollic-eabi/6.3.1/../../../../arm-atollic-eabi/lib/armv7e-m/fpu/libc_nano.a(lib_a-nano-freer.o)
                              /opt/truestudio/ARMTools/bin/../lib/gcc/arm-atollic-eabi/6.3.1/../../../../arm-atollic-eabi/lib/armv7e-m/fpu/libc_nano.a(lib_a-malloc.o) (_free_r)
/opt/truestudio/ARMTools/bin/../lib/gcc/arm-atollic-eabi/6.3.1/../../../../arm-atollic-eabi/lib/armv7e-m/fpu/libc_nano.a(lib_a-nano-mallocr.o)
                              /opt/truestudio/ARMTools/bin/../lib/gcc/arm-atollic-eabi/6.3.1/../../../../arm-atollic-eabi/lib/armv7e-m/fpu/libc_nano.a(lib_a-malloc.o) (_malloc_r)
/opt/truestudio/ARMTools/bin/../lib/gcc/arm-atollic-eabi/6.3.1/../../../../arm-atollic-eabi/lib/armv7e-m/fpu/libc_nano.a(lib_a-sbrkr.o)
                              /opt/truestudio/ARMTools/bin/../lib/gcc/arm-atollic-eabi/6.3.1/../../../../arm-atollic-eabi/lib/armv7e-m/fpu/libc_nano.a(lib_a-nano-mallocr.o) (_sbrk_r)
/opt/truestudio/ARMTools/bin/../lib/gcc/arm-atollic-eabi/6.3.1/../../../../arm-atollic-eabi/lib/armv7e-m/fpu/libc_nano.a(lib_a-sprintf.o)
                              Src/main.o (sprintf)
/opt/truestudio/ARMTools/bin/../lib/gcc/arm-atollic-eabi/6.3.1/../../../../arm-atollic-eabi/lib/armv7e-m/fpu/libc_nano.a(lib_a-strlen.o)
                              Src/main.o (strlen)
/opt/truestudio/ARMTools/bin/../lib/gcc/arm-atollic-eabi/6.3.1/../../../../arm-atollic-eabi/lib/armv7e-m/fpu/libc_nano.a(lib_a-strncpy.o)
                              VL53L1X_API/core/vl53l1_api.o (strncpy)
/opt/truestudio/ARMTools/bin/../lib/gcc/arm-atollic-eabi/6.3.1/../../../../arm-atollic-eabi/lib/armv7e-m/fpu/libc_nano.a(lib_a-impure.o)
                              /opt/truestudio/ARMTools/bin/../lib/gcc/arm-atollic-eabi/6.3.1/../../../../arm-atollic-eabi/lib/armv7e-m/fpu/libc_nano.a(lib_a-malloc.o) (_impure_ptr)
/opt/truestudio/ARMTools/bin/../lib/gcc/arm-atollic-eabi/6.3.1/../../../../arm-atollic-eabi/lib/armv7e-m/fpu/libc_nano.a(lib_a-mlock.o)
                              /opt/truestudio/ARMTools/bin/../lib/gcc/arm-atollic-eabi/6.3.1/../../../../arm-atollic-eabi/lib/armv7e-m/fpu/libc_nano.a(lib_a-nano-freer.o) (__malloc_lock)
/opt/truestudio/ARMTools/bin/../lib/gcc/arm-atollic-eabi/6.3.1/../../../../arm-atollic-eabi/lib/armv7e-m/fpu/libc_nano.a(lib_a-nano-svfprintf.o)
                              /opt/truestudio/ARMTools/bin/../lib/gcc/arm-atollic-eabi/6.3.1/../../../../arm-atollic-eabi/lib/armv7e-m/fpu/libc_nano.a(lib_a-sprintf.o) (_svfprintf_r)
/opt/truestudio/ARMTools/bin/../lib/gcc/arm-atollic-eabi/6.3.1/../../../../arm-atollic-eabi/lib/armv7e-m/fpu/libc_nano.a(lib_a-nano-vfprintf_i.o)
                              /opt/truestudio/ARMTools/bin/../lib/gcc/arm-atollic-eabi/6.3.1/../../../../arm-atollic-eabi/lib/armv7e-m/fpu/libc_nano.a(lib_a-nano-svfprintf.o) (_printf_i)
/opt/truestudio/ARMTools/bin/../lib/gcc/arm-atollic-eabi/6.3.1/../../../../arm-atollic-eabi/lib/armv7e-m/fpu/libc_nano.a(lib_a-reent.o)
                              /opt/truestudio/ARMTools/bin/../lib/gcc/arm-atollic-eabi/6.3.1/../../../../arm-atollic-eabi/lib/armv7e-m/fpu/libc_nano.a(lib_a-sbrkr.o) (errno)
/opt/truestudio/ARMTools/bin/../lib/gcc/arm-atollic-eabi/6.3.1/../../../../arm-atollic-eabi/lib/armv7e-m/fpu/libc_nano.a(lib_a-memchr.o)
                              /opt/truestudio/ARMTools/bin/../lib/gcc/arm-atollic-eabi/6.3.1/../../../../arm-atollic-eabi/lib/armv7e-m/fpu/libc_nano.a(lib_a-nano-svfprintf.o) (memchr)
/opt/truestudio/ARMTools/bin/../lib/gcc/arm-atollic-eabi/6.3.1/../../../../arm-atollic-eabi/lib/armv7e-m/fpu/libc_nano.a(lib_a-memmove.o)
                              /opt/truestudio/ARMTools/bin/../lib/gcc/arm-atollic-eabi/6.3.1/../../../../arm-atollic-eabi/lib/armv7e-m/fpu/libc_nano.a(lib_a-nano-svfprintf.o) (memmove)
/opt/truestudio/ARMTools/bin/../lib/gcc/arm-atollic-eabi/6.3.1/../../../../arm-atollic-eabi/lib/armv7e-m/fpu/libc_nano.a(lib_a-nano-reallocr.o)
[...]
Memory Configuration

Name             Origin             Length             Attributes
RAM              0x0000000020000000 0x0000000000020000 xrw
FLASH            0x0000000008000000 0x0000000000080000 xr
*default*        0x0000000000000000 0xffffffffffffffff

Linker script and memory map

LOAD /opt/truestudio/ARMTools/bin/../lib/gcc/arm-atollic-eabi/6.3.1/armv7e-m/fpu/crti.o
LOAD /opt/truestudio/ARMTools/bin/../lib/gcc/arm-atollic-eabi/6.3.1/armv7e-m/fpu/crtbegin.o
LOAD Drivers/STM32F4xx_HAL_Driver/Src/stm32f4xx_hal.o
LOAD Drivers/STM32F4xx_HAL_Driver/Src/stm32f4xx_hal_cortex.o
LOAD Drivers/STM32F4xx_HAL_Driver/Src/stm32f4xx_hal_dma.o
LOAD Drivers/STM32F4xx_HAL_Driver/Src/stm32f4xx_hal_dma_ex.o
LOAD Drivers/STM32F4xx_HAL_Driver/Src/stm32f4xx_hal_flash.o
LOAD Drivers/STM32F4xx_HAL_Driver/Src/stm32f4xx_hal_flash_ex.o
LOAD Drivers/STM32F4xx_HAL_Driver/Src/stm32f4xx_hal_flash_ramfunc.o
LOAD Drivers/STM32F4xx_HAL_Driver/Src/stm32f4xx_hal_gpio.o
LOAD Drivers/STM32F4xx_HAL_Driver/Src/stm32f4xx_hal_i2c.o
LOAD Drivers/STM32F4xx_HAL_Driver/Src/stm32f4xx_hal_i2c_ex.o
LOAD Drivers/STM32F4xx_HAL_Driver/Src/stm32f4xx_hal_pcd.o
LOAD Drivers/STM32F4xx_HAL_Driver/Src/stm32f4xx_hal_pcd_ex.o
LOAD Drivers/STM32F4xx_HAL_Driver/Src/stm32f4xx_hal_pwr.o
LOAD Drivers/STM32F4xx_HAL_Driver/Src/stm32f4xx_hal_pwr_ex.o
LOAD Drivers/STM32F4xx_HAL_Driver/Src/stm32f4xx_hal_rcc.o
LOAD Drivers/STM32F4xx_HAL_Driver/Src/stm32f4xx_hal_rcc_ex.o
LOAD Drivers/STM32F4xx_HAL_Driver/Src/stm32f4xx_hal_spi.o
LOAD Drivers/STM32F4xx_HAL_Driver/Src/stm32f4xx_hal_tim.o
LOAD Drivers/STM32F4xx_HAL_Driver/Src/stm32f4xx_hal_tim_ex.o
LOAD Drivers/STM32F4xx_HAL_Driver/Src/stm32f4xx_hal_uart.o
LOAD Drivers/STM32F4xx_HAL_Driver/Src/stm32f4xx_ll_usb.o
LOAD Middlewares/ST/STM32_USB_Device_Library/Class/CDC/Src/usbd_cdc.o
LOAD Middlewares/ST/STM32_USB_Device_Library/Core/Src/usbd_core.o
LOAD Middlewares/ST/STM32_USB_Device_Library/Core/Src/usbd_ctlreq.o
LOAD Middlewares/ST/STM32_USB_Device_Library/Core/Src/usbd_ioreq.o
LOAD Src/WS2812.o
LOAD Src/main.o
LOAD Src/stm32f4xx_hal_msp.o
LOAD Src/stm32f4xx_it.o
LOAD Src/system_stm32f4xx.o
LOAD Src/usb_device.o
LOAD Src/usbd_cdc_if.o
LOAD Src/usbd_conf.o
LOAD Src/usbd_desc.o
LOAD VL53L1X_API/core/vl53l1_api.o
LOAD VL53L1X_API/core/vl53l1_api_calibration.o
LOAD VL53L1X_API/core/vl53l1_api_core.o
LOAD VL53L1X_API/core/vl53l1_api_debug.o
LOAD VL53L1X_API/core/vl53l1_api_preset_modes.o
LOAD VL53L1X_API/core/vl53l1_api_strings.o
LOAD VL53L1X_API/core/vl53l1_core.o
LOAD VL53L1X_API/core/vl53l1_core_support.o
LOAD VL53L1X_API/core/vl53l1_error_strings.o
LOAD VL53L1X_API/core/vl53l1_register_funcs.o
LOAD VL53L1X_API/core/vl53l1_silicon_core.o
LOAD VL53L1X_API/core/vl53l1_wait.o
LOAD VL53L1X_API/platform/vl53l1_platform.o
LOAD startup/startup_stm32f411xe.o
                0x0000000000000080                malloc_getpagesize_P = 0x80
START GROUP
LOAD /opt/truestudio/ARMTools/bin/../lib/gcc/arm-atollic-eabi/6.3.1/../../../../arm-atollic-eabi/lib/armv7e-m/fpu/libc_nano.a
LOAD /opt/truestudio/ARMTools/bin/../lib/gcc/arm-atollic-eabi/6.3.1/../../../../arm-atollic-eabi/lib/armv7e-m/fpu/libm.a
END GROUP
START GROUP
LOAD /opt/truestudio/ARMTools/bin/../lib/gcc/arm-atollic-eabi/6.3.1/armv7e-m/fpu/libgcc.a
LOAD /opt/truestudio/ARMTools/bin/../lib/gcc/arm-atollic-eabi/6.3.1/../../../../arm-atollic-eabi/lib/armv7e-m/fpu/libc_nano.a
END GROUP
START GROUP
LOAD /opt/truestudio/ARMTools/bin/../lib/gcc/arm-atollic-eabi/6.3.1/armv7e-m/fpu/libgcc.a
LOAD /opt/truestudio/ARMTools/bin/../lib/gcc/arm-atollic-eabi/6.3.1/../../../../arm-atollic-eabi/lib/armv7e-m/fpu/libc_nano.a
LOAD /opt/truestudio/ARMTools/bin/../lib/gcc/arm-atollic-eabi/6.3.1/../../../../arm-atollic-eabi/lib/armv7e-m/fpu/libnosys.a
END GROUP
START GROUP
LOAD /opt/truestudio/ARMTools/bin/../lib/gcc/arm-atollic-eabi/6.3.1/armv7e-m/fpu/libgcc.a
LOAD /opt/truestudio/ARMTools/bin/../lib/gcc/arm-atollic-eabi/6.3.1/../../../../arm-atollic-eabi/lib/armv7e-m/fpu/libc_nano.a
LOAD /opt/truestudio/ARMTools/bin/../lib/gcc/arm-atollic-eabi/6.3.1/../../../../arm-atollic-eabi/lib/armv7e-m/fpu/libnosys.a
END GROUP
LOAD /opt/truestudio/ARMTools/bin/../lib/gcc/arm-atollic-eabi/6.3.1/armv7e-m/fpu/crtend.o
LOAD /opt/truestudio/ARMTools/bin/../lib/gcc/arm-atollic-eabi/6.3.1/armv7e-m/fpu/crtn.o
                0x0000000020020000                _estack = 0x20020000
                0x0000000000000200                _Min_Heap_Size = 0x200
                0x0000000000000400                _Min_Stack_Size = 0x400

.isr_vector     0x0000000008000000      0x198
                0x0000000008000000                . = ALIGN (0x4)
 *(.isr_vector)
 .isr_vector    0x0000000008000000      0x198 startup/startup_stm32f411xe.o
                0x0000000008000000                g_pfnVectors
                0x0000000008000198                . = ALIGN (0x4)

.text           0x00000000080001a0     0x7748
                0x00000000080001a0                . = ALIGN (0x4)
 *(.text)
 .text          0x00000000080001a0       0x40 /opt/truestudio/ARMTools/bin/../lib/gcc/arm-atollic-eabi/6.3.1/armv7e-m/fpu/crtbegin.o
 .text          0x00000000080001e0       0x10 /opt/truestudio/ARMTools/bin/../lib/gcc/arm-atollic-eabi/6.3.1/../../../../arm-atollic-eabi/lib/armv7e-m/fpu/libc_nano.a(lib_a-strlen.o)
                0x00000000080001e0                strlen
 .text          0x00000000080001f0       0xa0 /opt/truestudio/ARMTools/bin/../lib/gcc/arm-atollic-eabi/6.3.1/../../../../arm-atollic-eabi/lib/armv7e-m/fpu/libc_nano.a(lib_a-memchr.o)
                0x00000000080001f0                memchr
 .text          0x0000000008000290       0x30 /opt/truestudio/ARMTools/bin/../lib/gcc/arm-atollic-eabi/6.3.1/armv7e-m/fpu/libgcc.a(_aeabi_uldivmod.o)
                0x0000000008000290                __aeabi_uldivmod
 .text          0x00000000080002c0      0x2dc /opt/truestudio/ARMTools/bin/../lib/gcc/arm-atollic-eabi/6.3.1/armv7e-m/fpu/libgcc.a(_udivmoddi4.o)
                0x00000000080002c0                __udivmoddi4
 .text          0x000000000800059c        0x4 /opt/truestudio/ARMTools/bin/../lib/gcc/arm-atollic-eabi/6.3.1/armv7e-m/fpu/libgcc.a(_dvmd_tls.o)
                0x000000000800059c                __aeabi_ldiv0
                0x000000000800059c                __aeabi_idiv0
 *(.text*)
 .text.HAL_InitTick
                0x00000000080005a0       0x48 Drivers/STM32F4xx_HAL_Driver/Src/stm32f4xx_hal.o
                0x00000000080005a0                HAL_InitTick
 .text.HAL_Init
                0x00000000080005e8       0x34 Drivers/STM32F4xx_HAL_Driver/Src/stm32f4xx_hal.o
                0x00000000080005e8                HAL_Init
 .text.HAL_IncTick
                0x000000000800061c       0x18 Drivers/STM32F4xx_HAL_Driver/Src/stm32f4xx_hal.o
                0x000000000800061c                HAL_IncTick
 .text.HAL_GetTick
                0x0000000008000634        0xc Drivers/STM32F4xx_HAL_Driver/Src/stm32f4xx_hal.o
                0x0000000008000634                HAL_GetTick
 .text.HAL_Delay
                0x0000000008000640       0x28 Drivers/STM32F4xx_HAL_Driver/Src/stm32f4xx_hal.o
                0x0000000008000640                HAL_Delay
 .text.HAL_NVIC_SetPriorityGrouping
                0x0000000008000668       0x24 Drivers/STM32F4xx_HAL_Driver/Src/stm32f4xx_hal_cortex.o
                0x0000000008000668                HAL_NVIC_SetPriorityGrouping
 .text.HAL_NVIC_SetPriority
                0x000000000800068c       0x68 Drivers/STM32F4xx_HAL_Driver/Src/stm32f4xx_hal_cortex.o
                0x000000000800068c                HAL_NVIC_SetPriority
 .text.HAL_NVIC_EnableIRQ
                0x00000000080006f4       0x18 Drivers/STM32F4xx_HAL_Driver/Src/stm32f4xx_hal_cortex.o
                0x00000000080006f4                HAL_NVIC_EnableIRQ
 .text.HAL_SYSTICK_Config
                0x000000000800070c       0x2c Drivers/STM32F4xx_HAL_Driver/Src/stm32f4xx_hal_cortex.o
                0x000000000800070c                HAL_SYSTICK_Config
 .text.HAL_SYSTICK_CLKSourceConfig
                0x0000000008000738       0x18 Drivers/STM32F4xx_HAL_Driver/Src/stm32f4xx_hal_cortex.o
                0x0000000008000738                HAL_SYSTICK_CLKSourceConfig
 .text.HAL_SYSTICK_Callback
                0x0000000008000750        0x2 Drivers/STM32F4xx_HAL_Driver/Src/stm32f4xx_hal_cortex.o
                0x0000000008000750                HAL_SYSTICK_Callback
 .text.HAL_SYSTICK_IRQHandler
                0x0000000008000752        0x8 Drivers/STM32F4xx_HAL_Driver/Src/stm32f4xx_hal_cortex.o
                0x0000000008000752                HAL_SYSTICK_IRQHandler
 .text.HAL_DMA_Abort_IT
                0x000000000800075a       0x24 Drivers/STM32F4xx_HAL_Driver/Src/stm32f4xx_hal_dma.o
                0x000000000800075a                HAL_DMA_Abort_IT
 *fill*         0x000000000800077e        0x2 
 .text.HAL_GPIO_Init
                0x0000000008000780      0x1ac Drivers/STM32F4xx_HAL_Driver/Src/stm32f4xx_hal_gpio.o
                0x0000000008000780                HAL_GPIO_Init
 .text.HAL_GPIO_WritePin
                0x000000000800092c        0xa Drivers/STM32F4xx_HAL_Driver/Src/stm32f4xx_hal_gpio.o
                0x000000000800092c                HAL_GPIO_WritePin
 .text.I2C_IsAcknowledgeFailed
                0x0000000008000936       0x2a Drivers/STM32F4xx_HAL_Driver/Src/stm32f4xx_hal_i2c.o
 .text.I2C_WaitOnMasterAddressFlagUntilTimeout
                0x0000000008000960       0x80 Drivers/STM32F4xx_HAL_Driver/Src/stm32f4xx_hal_i2c.o
 .text.I2C_WaitOnFlagUntilTimeout
                0x00000000080009e0       0x5c Drivers/STM32F4xx_HAL_Driver/Src/stm32f4xx_hal_i2c.o
 .text.I2C_WaitOnTXEFlagUntilTimeout
                0x0000000008000a3c       0x4c Drivers/STM32F4xx_HAL_Driver/Src/stm32f4xx_hal_i2c.o
 .text.I2C_WaitOnRXNEFlagUntilTimeout
                0x0000000008000a88       0x5a Drivers/STM32F4xx_HAL_Driver/Src/stm32f4xx_hal_i2c.o
 .text.I2C_WaitOnBTFFlagUntilTimeout
                0x0000000008000ae2       0x4c Drivers/STM32F4xx_HAL_Driver/Src/stm32f4xx_hal_i2c.o
 *fill*         0x0000000008000b2e        0x2 
 .text.HAL_I2C_Init
                0x0000000008000b30       0xdc Drivers/STM32F4xx_HAL_Driver/Src/stm32f4xx_hal_i2c.o
                0x0000000008000b30                HAL_I2C_Init
 .text.HAL_I2C_Master_Transmit
                0x0000000008000c0c      0x1ac Drivers/STM32F4xx_HAL_Driver/Src/stm32f4xx_hal_i2c.o
                0x0000000008000c0c                HAL_I2C_Master_Transmit
 .text.HAL_I2C_Master_Receive
                0x0000000008000db8      0x2ec Drivers/STM32F4xx_HAL_Driver/Src/stm32f4xx_hal_i2c.o
                0x0000000008000db8                HAL_I2C_Master_Receive
 .text.HAL_I2C_IsDeviceReady
                0x00000000080010a4      0x15c Drivers/STM32F4xx_HAL_Driver/Src/stm32f4xx_hal_i2c.o
                0x00000000080010a4                HAL_I2C_IsDeviceReady
 .text.HAL_PCD_Init
                0x0000000008001200       0xd8 Drivers/STM32F4xx_HAL_Driver/Src/stm32f4xx_hal_pcd.o
                0x0000000008001200                HAL_PCD_Init
 .text.HAL_PCD_Start
                0x00000000080012d8       0x2a Drivers/STM32F4xx_HAL_Driver/Src/stm32f4xx_hal_pcd.o
                0x00000000080012d8                HAL_PCD_Start
 *fill*         0x0000000008001302        0x2 
 .text.HAL_PCD_IRQHandler
                0x0000000008001304      0x558 Drivers/STM32F4xx_HAL_Driver/Src/stm32f4xx_hal_pcd.o
                0x0000000008001304                HAL_PCD_IRQHandler
 .text.HAL_PCD_SetAddress
                0x000000000800185c       0x24 Drivers/STM32F4xx_HAL_Driver/Src/stm32f4xx_hal_pcd.o
                0x000000000800185c                HAL_PCD_SetAddress
 .text.HAL_PCD_EP_Open
                0x0000000008001880       0x5c Drivers/STM32F4xx_HAL_Driver/Src/stm32f4xx_hal_pcd.o
                0x0000000008001880                HAL_PCD_EP_Open
 .text.HAL_PCD_EP_Close
                0x00000000080018dc       0x46 Drivers/STM32F4xx_HAL_Driver/Src/stm32f4xx_hal_pcd.o
                0x00000000080018dc                HAL_PCD_EP_Close
 .text.HAL_PCD_EP_Receive
                0x0000000008001922       0x48 Drivers/STM32F4xx_HAL_Driver/Src/stm32f4xx_hal_pcd.o
                0x0000000008001922                HAL_PCD_EP_Receive
 .text.HAL_PCD_EP_GetRxCount
                0x000000000800196a       0x10 Drivers/STM32F4xx_HAL_Driver/Src/stm32f4xx_hal_pcd.o
                0x000000000800196a                HAL_PCD_EP_GetRxCount
 .text.HAL_PCD_EP_Transmit
                0x000000000800197a       0x40 Drivers/STM32F4xx_HAL_Driver/Src/stm32f4xx_hal_pcd.o
                0x000000000800197a                HAL_PCD_EP_Transmit
 .text.HAL_PCD_EP_SetStall
                0x00000000080019ba       0x58 Drivers/STM32F4xx_HAL_Driver/Src/stm32f4xx_hal_pcd.o
                0x00000000080019ba                HAL_PCD_EP_SetStall
 .text.HAL_PCD_EP_ClrStall
                0x0000000008001a12       0x4a Drivers/STM32F4xx_HAL_Driver/Src/stm32f4xx_hal_pcd.o
                0x0000000008001a12                HAL_PCD_EP_ClrStall
 .text.HAL_PCDEx_SetTxFiFo
                0x0000000008001a5c       0x42 Drivers/STM32F4xx_HAL_Driver/Src/stm32f4xx_hal_pcd_ex.o
                0x0000000008001a5c                HAL_PCDEx_SetTxFiFo
 .text.HAL_PCDEx_SetRxFiFo
                0x0000000008001a9e        0x8 Drivers/STM32F4xx_HAL_Driver/Src/stm32f4xx_hal_pcd_ex.o
                0x0000000008001a9e                HAL_PCDEx_SetRxFiFo
 *fill*         0x0000000008001aa6        0x2 
 .text.HAL_RCC_OscConfig
                0x0000000008001aa8      0x304 Drivers/STM32F4xx_HAL_Driver/Src/stm32f4xx_hal_rcc.o
                0x0000000008001aa8                HAL_RCC_OscConfig
 .text.HAL_RCC_GetSysClockFreq
                0x0000000008001dac       0x5c Drivers/STM32F4xx_HAL_Driver/Src/stm32f4xx_hal_rcc.o
                0x0000000008001dac                HAL_RCC_GetSysClockFreq
 .text.HAL_RCC_ClockConfig
                0x0000000008001e08      0x134 Drivers/STM32F4xx_HAL_Driver/Src/stm32f4xx_hal_rcc.o
                0x0000000008001e08                HAL_RCC_ClockConfig
 .text.HAL_RCC_GetHCLKFreq
                0x0000000008001f3c        0xc Drivers/STM32F4xx_HAL_Driver/Src/stm32f4xx_hal_rcc.o
                0x0000000008001f3c                HAL_RCC_GetHCLKFreq
 .text.HAL_RCC_GetPCLK1Freq
                0x0000000008001f48       0x20 Drivers/STM32F4xx_HAL_Driver/Src/stm32f4xx_hal_rcc.o
                0x0000000008001f48                HAL_RCC_GetPCLK1Freq
 .text.HAL_RCC_GetPCLK2Freq
                0x0000000008001f68       0x20 Drivers/STM32F4xx_HAL_Driver/Src/stm32f4xx_hal_rcc.o
                0x0000000008001f68                HAL_RCC_GetPCLK2Freq
 .text.UART_EndRxTransfer
                0x0000000008001f88       0x1a Drivers/STM32F4xx_HAL_Driver/Src/stm32f4xx_hal_uart.o
 *fill*         0x0000000008001fa2        0x2 
 .text.UART_SetConfig
                0x0000000008001fa4      0x234 Drivers/STM32F4xx_HAL_Driver/Src/stm32f4xx_hal_uart.o
 .text.UART_WaitOnFlagUntilTimeout.constprop.3
                0x00000000080021d8       0x50 Drivers/STM32F4xx_HAL_Driver/Src/stm32f4xx_hal_uart.o
 .text.HAL_UART_Init
                0x0000000008002228       0x5c Drivers/STM32F4xx_HAL_Driver/Src/stm32f4xx_hal_uart.o
                0x0000000008002228                HAL_UART_Init
 .text.HAL_UART_Transmit
                0x0000000008002284       0xba Drivers/STM32F4xx_HAL_Driver/Src/stm32f4xx_hal_uart.o
                0x0000000008002284                HAL_UART_Transmit
 .text.HAL_UART_TxCpltCallback
                0x000000000800233e        0x2 Drivers/STM32F4xx_HAL_Driver/Src/stm32f4xx_hal_uart.o
                0x000000000800233e                HAL_UART_TxCpltCallback
 .text.HAL_UART_RxCpltCallback
                0x0000000008002340        0x2 Drivers/STM32F4xx_HAL_Driver/Src/stm32f4xx_hal_uart.o
                0x0000000008002340                HAL_UART_RxCpltCallback
 .text.UART_Receive_IT
                0x0000000008002342       0x74 Drivers/STM32F4xx_HAL_Driver/Src/stm32f4xx_hal_uart.o
 .text.HAL_UART_ErrorCallback
                0x00000000080023b6        0x2 Drivers/STM32F4xx_HAL_Driver/Src/stm32f4xx_hal_uart.o
                0x00000000080023b6                HAL_UART_ErrorCallback
 .text.HAL_UART_IRQHandler
                0x00000000080023b8      0x140 Drivers/STM32F4xx_HAL_Driver/Src/stm32f4xx_hal_uart.o
                0x00000000080023b8                HAL_UART_IRQHandler
 .text.UART_DMAAbortOnError
                0x00000000080024f8       0x10 Drivers/STM32F4xx_HAL_Driver/Src/stm32f4xx_hal_uart.o
 .text.USB_CoreInit
                0x0000000008002508       0x74 Drivers/STM32F4xx_HAL_Driver/Src/stm32f4xx_ll_usb.o
                0x0000000008002508                USB_CoreInit
 .text.USB_EnableGlobalInt
                0x000000000800257c        0xc Drivers/STM32F4xx_HAL_Driver/Src/stm32f4xx_ll_usb.o
                0x000000000800257c                USB_EnableGlobalInt
 .text.USB_DisableGlobalInt
                0x0000000008002588        0xc Drivers/STM32F4xx_HAL_Driver/Src/stm32f4xx_ll_usb.o
                0x0000000008002588                USB_DisableGlobalInt
 .text.USB_SetCurrentMode
                0x0000000008002594       0x2e Drivers/STM32F4xx_HAL_Driver/Src/stm32f4xx_ll_usb.o
                0x0000000008002594                USB_SetCurrentMode
 *fill*         0x00000000080025c2        0x2 
 .text.USB_DevInit
                0x00000000080025c4      0x138 Drivers/STM32F4xx_HAL_Driver/Src/stm32f4xx_ll_usb.o
                0x00000000080025c4                USB_DevInit
 .text.USB_FlushTxFifo
                0x00000000080026fc       0x24 Drivers/STM32F4xx_HAL_Driver/Src/stm32f4xx_ll_usb.o
                0x00000000080026fc                USB_FlushTxFifo
 .text.USB_FlushRxFifo
                0x0000000008002720       0x20 Drivers/STM32F4xx_HAL_Driver/Src/stm32f4xx_ll_usb.o
                0x0000000008002720                USB_FlushRxFifo
 .text.USB_SetDevSpeed
                0x0000000008002740        0xe Drivers/STM32F4xx_HAL_Driver/Src/stm32f4xx_ll_usb.o
                0x0000000008002740                USB_SetDevSpeed
 .text.USB_GetDevSpeed
                0x000000000800274e       0x36 Drivers/STM32F4xx_HAL_Driver/Src/stm32f4xx_ll_usb.o
                0x000000000800274e                USB_GetDevSpeed
 .text.USB_ActivateEndpoint
                0x0000000008002784       0x7e Drivers/STM32F4xx_HAL_Driver/Src/stm32f4xx_ll_usb.o
                0x0000000008002784                USB_ActivateEndpoint
 .text.USB_DeactivateEndpoint
                0x0000000008002802        0x4 Drivers/STM32F4xx_HAL_Driver/Src/stm32f4xx_ll_usb.o
                0x0000000008002802                USB_DeactivateEndpoint
 *fill*         0x0000000008002806        0x2 
 .text.USB_DeactivateDedicatedEndpoint
                0x0000000008002808       0xb0 Drivers/STM32F4xx_HAL_Driver/Src/stm32f4xx_ll_usb.o
                0x0000000008002808                USB_DeactivateDedicatedEndpoint
 .text.USB_EPStartXfer
                0x00000000080028b8      0x18c Drivers/STM32F4xx_HAL_Driver/Src/stm32f4xx_ll_usb.o
                0x00000000080028b8                USB_EPStartXfer
 .text.USB_EP0StartXfer
                0x0000000008002a44       0xda Drivers/STM32F4xx_HAL_Driver/Src/stm32f4xx_ll_usb.o
                0x0000000008002a44                USB_EP0StartXfer
 .text.USB_WritePacket
                0x0000000008002b1e       0x28 Drivers/STM32F4xx_HAL_Driver/Src/stm32f4xx_ll_usb.o
                0x0000000008002b1e                USB_WritePacket
 .text.USB_ReadPacket
                0x0000000008002b46       0x1c Drivers/STM32F4xx_HAL_Driver/Src/stm32f4xx_ll_usb.o
                0x0000000008002b46                USB_ReadPacket
 .text.USB_EPSetStall
                0x0000000008002b62       0x3e Drivers/STM32F4xx_HAL_Driver/Src/stm32f4xx_ll_usb.o
                0x0000000008002b62                USB_EPSetStall
 .text.USB_EPClearStall
                0x0000000008002ba0       0x32 Drivers/STM32F4xx_HAL_Driver/Src/stm32f4xx_ll_usb.o
                0x0000000008002ba0                USB_EPClearStall
 .text.USB_SetDevAddress
                0x0000000008002bd2       0x20 Drivers/STM32F4xx_HAL_Driver/Src/stm32f4xx_ll_usb.o
                0x0000000008002bd2                USB_SetDevAddress
 .text.USB_DevConnect
                0x0000000008002bf2       0x18 Drivers/STM32F4xx_HAL_Driver/Src/stm32f4xx_ll_usb.o
                0x0000000008002bf2                USB_DevConnect
 .text.USB_DevDisconnect
                0x0000000008002c0a       0x18 Drivers/STM32F4xx_HAL_Driver/Src/stm32f4xx_ll_usb.o
                0x0000000008002c0a                USB_DevDisconnect
 .text.USB_ReadInterrupts
                0x0000000008002c22        0x8 Drivers/STM32F4xx_HAL_Driver/Src/stm32f4xx_ll_usb.o
                0x0000000008002c22                USB_ReadInterrupts
 .text.USB_ReadDevAllOutEpInterrupt
                0x0000000008002c2a       0x10 Drivers/STM32F4xx_HAL_Driver/Src/stm32f4xx_ll_usb.o
                0x0000000008002c2a                USB_ReadDevAllOutEpInterrupt
 .text.USB_ReadDevAllInEpInterrupt
                0x0000000008002c3a       0x10 Drivers/STM32F4xx_HAL_Driver/Src/stm32f4xx_ll_usb.o
                0x0000000008002c3a                USB_ReadDevAllInEpInterrupt
 .text.USB_ReadDevOutEPInterrupt
                0x0000000008002c4a       0x14 Drivers/STM32F4xx_HAL_Driver/Src/stm32f4xx_ll_usb.o
                0x0000000008002c4a                USB_ReadDevOutEPInterrupt
 .text.USB_ReadDevInEPInterrupt
                0x0000000008002c5e       0x20 Drivers/STM32F4xx_HAL_Driver/Src/stm32f4xx_ll_usb.o
                0x0000000008002c5e                USB_ReadDevInEPInterrupt
 .text.USB_GetMode
                0x0000000008002c7e        0x8 Drivers/STM32F4xx_HAL_Driver/Src/stm32f4xx_ll_usb.o
                0x0000000008002c7e                USB_GetMode
 .text.USB_ActivateSetup
                0x0000000008002c86       0x36 Drivers/STM32F4xx_HAL_Driver/Src/stm32f4xx_ll_usb.o
                0x0000000008002c86                USB_ActivateSetup
 .text.USB_EP0_OutStart
                0x0000000008002cbc       0x46 Drivers/STM32F4xx_HAL_Driver/Src/stm32f4xx_ll_usb.o
                0x0000000008002cbc                USB_EP0_OutStart
 *fill*         0x0000000008002d02        0x2 
 .text.USB_CoreReset
                0x0000000008002d04       0x30 Drivers/STM32F4xx_HAL_Driver/Src/stm32f4xx_ll_usb.o
 .text.USBD_CDC_DataIn
                0x0000000008002d34       0x12 Middlewares/ST/STM32_USB_Device_Library/Class/CDC/Src/usbd_cdc.o
 .text.USBD_CDC_EP0_RxReady
                0x0000000008002d46       0x28 Middlewares/ST/STM32_USB_Device_Library/Class/CDC/Src/usbd_cdc.o
 *fill*         0x0000000008002d6e        0x2 
 .text.USBD_CDC_GetFSCfgDesc
                0x0000000008002d70        0xc Middlewares/ST/STM32_USB_Device_Library/Class/CDC/Src/usbd_cdc.o
 .text.USBD_CDC_GetHSCfgDesc
                0x0000000008002d7c        0xc Middlewares/ST/STM32_USB_Device_Library/Class/CDC/Src/usbd_cdc.o
 .text.USBD_CDC_GetOtherSpeedCfgDesc
                0x0000000008002d88        0xc Middlewares/ST/STM32_USB_Device_Library/Class/CDC/Src/usbd_cdc.o
 .text.USBD_CDC_GetDeviceQualifierDescriptor
                0x0000000008002d94        0xc Middlewares/ST/STM32_USB_Device_Library/Class/CDC/Src/usbd_cdc.o
                0x0000000008002d94                USBD_CDC_GetDeviceQualifierDescriptor
 .text.USBD_CDC_DataOut
                0x0000000008002da0       0x2e Middlewares/ST/STM32_USB_Device_Library/Class/CDC/Src/usbd_cdc.o
 *fill*         0x0000000008002dce        0x2 
 .text.USBD_CDC_Setup
                0x0000000008002dd0       0x68 Middlewares/ST/STM32_USB_Device_Library/Class/CDC/Src/usbd_cdc.o
 .text.USBD_CDC_DeInit
                0x0000000008002e38       0x3a Middlewares/ST/STM32_USB_Device_Library/Class/CDC/Src/usbd_cdc.o
 .text.USBD_CDC_Init
                0x0000000008002e72       0x8c Middlewares/ST/STM32_USB_Device_Library/Class/CDC/Src/usbd_cdc.o
 .text.USBD_CDC_RegisterInterface
                0x0000000008002efe        0xe Middlewares/ST/STM32_USB_Device_Library/Class/CDC/Src/usbd_cdc.o
                0x0000000008002efe                USBD_CDC_RegisterInterface
 .text.USBD_CDC_SetTxBuffer
                0x0000000008002f0c       0x10 Middlewares/ST/STM32_USB_Device_Library/Class/CDC/Src/usbd_cdc.o
                0x0000000008002f0c                USBD_CDC_SetTxBuffer
 .text.USBD_CDC_SetRxBuffer
                0x0000000008002f1c        0xc Middlewares/ST/STM32_USB_Device_Library/Class/CDC/Src/usbd_cdc.o
                0x0000000008002f1c                USBD_CDC_SetRxBuffer
 .text.USBD_CDC_ReceivePacket
                0x0000000008002f28       0x26 Middlewares/ST/STM32_USB_Device_Library/Class/CDC/Src/usbd_cdc.o
                0x0000000008002f28                USBD_CDC_ReceivePacket
 .text.USBD_Init
                0x0000000008002f4e       0x2a Middlewares/ST/STM32_USB_Device_Library/Core/Src/usbd_core.o
                0x0000000008002f4e                USBD_Init
 .text.USBD_RegisterClass
                0x0000000008002f78        0xe Middlewares/ST/STM32_USB_Device_Library/Core/Src/usbd_core.o
                0x0000000008002f78                USBD_RegisterClass
 .text.USBD_Start
                0x0000000008002f86        0xa Middlewares/ST/STM32_USB_Device_Library/Core/Src/usbd_core.o
                0x0000000008002f86                USBD_Start
 .text.USBD_SetClassConfig
                0x0000000008002f90       0x16 Middlewares/ST/STM32_USB_Device_Library/Core/Src/usbd_core.o
                0x0000000008002f90                USBD_SetClassConfig
 .text.USBD_ClrClassConfig
                0x0000000008002fa6        0xe Middlewares/ST/STM32_USB_Device_Library/Core/Src/usbd_core.o
                0x0000000008002fa6                USBD_ClrClassConfig
 .text.USBD_LL_SetupStage
                0x0000000008002fb4       0x5a Middlewares/ST/STM32_USB_Device_Library/Core/Src/usbd_core.o
                0x0000000008002fb4                USBD_LL_SetupStage
 .text.USBD_LL_DataOutStage
                0x000000000800300e       0x64 Middlewares/ST/STM32_USB_Device_Library/Core/Src/usbd_core.o
                0x000000000800300e                USBD_LL_DataOutStage
 .text.USBD_LL_DataInStage
                0x0000000008003072       0x9e Middlewares/ST/STM32_USB_Device_Library/Core/Src/usbd_core.o
                0x0000000008003072                USBD_LL_DataInStage
 .text.USBD_LL_Reset
                0x0000000008003110       0x3e Middlewares/ST/STM32_USB_Device_Library/Core/Src/usbd_core.o
                0x0000000008003110                USBD_LL_Reset
 .text.USBD_LL_SetSpeed
                0x000000000800314e        0x6 Middlewares/ST/STM32_USB_Device_Library/Core/Src/usbd_core.o
                0x000000000800314e                USBD_LL_SetSpeed
 .text.USBD_LL_Suspend
                0x0000000008003154       0x12 Middlewares/ST/STM32_USB_Device_Library/Core/Src/usbd_core.o
                0x0000000008003154                USBD_LL_Suspend
 .text.USBD_LL_Resume
                0x0000000008003166        0xc Middlewares/ST/STM32_USB_Device_Library/Core/Src/usbd_core.o
                0x0000000008003166                USBD_LL_Resume
 .text.USBD_LL_SOF
                0x0000000008003172       0x18 Middlewares/ST/STM32_USB_Device_Library/Core/Src/usbd_core.o
                0x0000000008003172                USBD_LL_SOF
 .text.USBD_LL_IsoINIncomplete
                0x000000000800318a        0x4 Middlewares/ST/STM32_USB_Device_Library/Core/Src/usbd_core.o
                0x000000000800318a                USBD_LL_IsoINIncomplete
 .text.USBD_LL_IsoOUTIncomplete
                0x000000000800318e        0x4 Middlewares/ST/STM32_USB_Device_Library/Core/Src/usbd_core.o
                0x000000000800318e                USBD_LL_IsoOUTIncomplete
 .text.USBD_LL_DevConnected
                0x0000000008003192        0x4 Middlewares/ST/STM32_USB_Device_Library/Core/Src/usbd_core.o
                0x0000000008003192                USBD_LL_DevConnected
 .text.USBD_LL_DevDisconnected
                0x0000000008003196       0x16 Middlewares/ST/STM32_USB_Device_Library/Core/Src/usbd_core.o
                0x0000000008003196                USBD_LL_DevDisconnected
 .text.USBD_CtlError.constprop.0
                0x00000000080031ac       0x16 Middlewares/ST/STM32_USB_Device_Library/Core/Src/usbd_ctlreq.o
 *fill*         0x00000000080031c2        0x2 
 .text.USBD_StdDevReq
                0x00000000080031c4      0x1f4 Middlewares/ST/STM32_USB_Device_Library/Core/Src/usbd_ctlreq.o
                0x00000000080031c4                USBD_StdDevReq
 .text.USBD_StdItfReq
                0x00000000080033b8       0x30 Middlewares/ST/STM32_USB_Device_Library/Core/Src/usbd_ctlreq.o
                0x00000000080033b8                USBD_StdItfReq
 .text.USBD_StdEPReq
                0x00000000080033e8       0xc6 Middlewares/ST/STM32_USB_Device_Library/Core/Src/usbd_ctlreq.o
                0x00000000080033e8                USBD_StdEPReq
 .text.USBD_ParseSetupRequest
                0x00000000080034ae       0x28 Middlewares/ST/STM32_USB_Device_Library/Core/Src/usbd_ctlreq.o
                0x00000000080034ae                USBD_ParseSetupRequest
 .text.USBD_GetString
                0x00000000080034d6       0x38 Middlewares/ST/STM32_USB_Device_Library/Core/Src/usbd_ctlreq.o
                0x00000000080034d6                USBD_GetString
 .text.USBD_CtlSendData
                0x000000000800350e       0x1a Middlewares/ST/STM32_USB_Device_Library/Core/Src/usbd_ioreq.o
                0x000000000800350e                USBD_CtlSendData
 .text.USBD_CtlContinueSendData
                0x0000000008003528       0x10 Middlewares/ST/STM32_USB_Device_Library/Core/Src/usbd_ioreq.o
                0x0000000008003528                USBD_CtlContinueSendData
 .text.USBD_CtlPrepareRx
                0x0000000008003538       0x1e Middlewares/ST/STM32_USB_Device_Library/Core/Src/usbd_ioreq.o
                0x0000000008003538                USBD_CtlPrepareRx
 .text.USBD_CtlContinueRx
                0x0000000008003556       0x10 Middlewares/ST/STM32_USB_Device_Library/Core/Src/usbd_ioreq.o
                0x0000000008003556                USBD_CtlContinueRx
 .text.USBD_CtlSendStatus
                0x0000000008003566       0x16 Middlewares/ST/STM32_USB_Device_Library/Core/Src/usbd_ioreq.o
                0x0000000008003566                USBD_CtlSendStatus
 .text.USBD_CtlReceiveStatus
                0x000000000800357c       0x16 Middlewares/ST/STM32_USB_Device_Library/Core/Src/usbd_ioreq.o
                0x000000000800357c                USBD_CtlReceiveStatus
 *fill*         0x0000000008003592        0x2 
 .text.sendReset
                0x0000000008003594       0x10 Src/WS2812.o
                0x0000000008003594                sendReset
 .text.send0    0x00000000080035a4       0x9c Src/WS2812.o
                0x00000000080035a4                send0
 .text.send1    0x0000000008003640       0xb8 Src/WS2812.o
                0x0000000008003640                send1
 .text.writeByte
                0x00000000080036f8       0x20 Src/WS2812.o
                0x00000000080036f8                writeByte
 .text.writeColor
                0x0000000008003718       0x1e Src/WS2812.o
                0x0000000008003718                writeColor
 .text.sendColors
                0x0000000008003736       0x20 Src/WS2812.o
                0x0000000008003736                sendColors
 *fill*         0x0000000008003756        0x2 
 .text.enableSensor
                0x0000000008003758      0x484 Src/main.o
                0x0000000008003758                enableSensor
 .text.scan     0x0000000008003bdc       0x9c Src/main.o
                0x0000000008003bdc                scan
 .text.updateLed
                0x0000000008003c78       0x5c Src/main.o
                0x0000000008003c78                updateLed
 .text.SystemClock_Config
                0x0000000008003cd4       0xac Src/main.o
                0x0000000008003cd4                SystemClock_Config
 .text.startup.main
                0x0000000008003d80      0x37c Src/main.o
                0x0000000008003d80                main
 .text._Error_Handler
                0x00000000080040fc        0x2 Src/main.o
                0x00000000080040fc                _Error_Handler
 *fill*         0x00000000080040fe        0x2 
 .text.HAL_MspInit
                0x0000000008004100       0x90 Src/stm32f4xx_hal_msp.o
                0x0000000008004100                HAL_MspInit
 .text.HAL_I2C_MspInit
                0x0000000008004190      0x108 Src/stm32f4xx_hal_msp.o
                0x0000000008004190                HAL_I2C_MspInit
 .text.HAL_UART_MspInit
                0x0000000008004298       0xa4 Src/stm32f4xx_hal_msp.o
                0x0000000008004298                HAL_UART_MspInit
 .text.NMI_Handler
                0x000000000800433c        0x2 Src/stm32f4xx_it.o
                0x000000000800433c                NMI_Handler
 .text.HardFault_Handler
                0x000000000800433e        0x2 Src/stm32f4xx_it.o
                0x000000000800433e                HardFault_Handler
 .text.MemManage_Handler
                0x0000000008004340        0x2 Src/stm32f4xx_it.o
                0x0000000008004340                MemManage_Handler
 .text.BusFault_Handler
                0x0000000008004342        0x2 Src/stm32f4xx_it.o
                0x0000000008004342                BusFault_Handler
 .text.UsageFault_Handler
                0x0000000008004344        0x2 Src/stm32f4xx_it.o
                0x0000000008004344                UsageFault_Handler
 .text.SVC_Handler
                0x0000000008004346        0x2 Src/stm32f4xx_it.o
                0x0000000008004346                SVC_Handler
 .text.DebugMon_Handler
                0x0000000008004348        0x2 Src/stm32f4xx_it.o
                0x0000000008004348                DebugMon_Handler
 .text.PendSV_Handler
                0x000000000800434a        0x2 Src/stm32f4xx_it.o
                0x000000000800434a                PendSV_Handler
 .text.SysTick_Handler
                0x000000000800434c        0xe Src/stm32f4xx_it.o
                0x000000000800434c                SysTick_Handler
 *fill*         0x000000000800435a        0x2 
 .text.USART1_IRQHandler
                0x000000000800435c        0xc Src/stm32f4xx_it.o
                0x000000000800435c                USART1_IRQHandler
 .text.OTG_FS_IRQHandler
                0x0000000008004368        0xc Src/stm32f4xx_it.o
                0x0000000008004368                OTG_FS_IRQHandler
 .text.SystemInit
                0x0000000008004374       0x4c Src/system_stm32f4xx.o
                0x0000000008004374                SystemInit
 .text.MX_USB_DEVICE_Init
                0x00000000080043c0       0x38 Src/usb_device.o
                0x00000000080043c0                MX_USB_DEVICE_Init
 .text.CDC_DeInit_FS
                0x00000000080043f8        0x4 Src/usbd_cdc_if.o
 .text.CDC_Control_FS
                0x00000000080043fc        0x4 Src/usbd_cdc_if.o
 .text.CDC_Receive_FS
                0x0000000008004400       0x1c Src/usbd_cdc_if.o
 .text.CDC_Init_FS
                0x000000000800441c       0x28 Src/usbd_cdc_if.o
 .text.HAL_PCD_MspInit
                0x0000000008004444       0x64 Src/usbd_conf.o
                0x0000000008004444                HAL_PCD_MspInit
 .text.HAL_PCD_SetupStageCallback
                0x00000000080044a8        0xc Src/usbd_conf.o
                0x00000000080044a8                HAL_PCD_SetupStageCallback
 .text.HAL_PCD_DataOutStageCallback
                0x00000000080044b4       0x12 Src/usbd_conf.o
                0x00000000080044b4                HAL_PCD_DataOutStageCallback
 .text.HAL_PCD_DataInStageCallback
                0x00000000080044c6       0x10 Src/usbd_conf.o
                0x00000000080044c6                HAL_PCD_DataInStageCallback
 .text.HAL_PCD_SOFCallback
                0x00000000080044d6        0x8 Src/usbd_conf.o
                0x00000000080044d6                HAL_PCD_SOFCallback
 .text.HAL_PCD_ResetCallback
                0x00000000080044de       0x20 Src/usbd_conf.o
                0x00000000080044de                HAL_PCD_ResetCallback
 *fill*         0x00000000080044fe        0x2 
 .text.HAL_PCD_SuspendCallback
                0x0000000008004500       0x30 Src/usbd_conf.o
                0x0000000008004500                HAL_PCD_SuspendCallback
 .text.HAL_PCD_ResumeCallback
                0x0000000008004530        0x8 Src/usbd_conf.o
                0x0000000008004530                HAL_PCD_ResumeCallback
 .text.HAL_PCD_ISOOUTIncompleteCallback
                0x0000000008004538        0x8 Src/usbd_conf.o
                0x0000000008004538                HAL_PCD_ISOOUTIncompleteCallback
 .text.HAL_PCD_ISOINIncompleteCallback
                0x0000000008004540        0x8 Src/usbd_conf.o
                0x0000000008004540                HAL_PCD_ISOINIncompleteCallback
 .text.HAL_PCD_ConnectCallback
                0x0000000008004548        0x8 Src/usbd_conf.o
                0x0000000008004548                HAL_PCD_ConnectCallback
 .text.HAL_PCD_DisconnectCallback
                0x0000000008004550        0x8 Src/usbd_conf.o
                0x0000000008004550                HAL_PCD_DisconnectCallback
 .text.USBD_LL_Init
                0x0000000008004558       0x68 Src/usbd_conf.o
                0x0000000008004558                USBD_LL_Init
 .text.USBD_LL_Start
                0x00000000080045c0       0x1c Src/usbd_conf.o
                0x00000000080045c0                USBD_LL_Start
 .text.USBD_LL_OpenEP
                0x00000000080045dc       0x20 Src/usbd_conf.o
                0x00000000080045dc                USBD_LL_OpenEP
 .text.USBD_LL_CloseEP
                0x00000000080045fc       0x1c Src/usbd_conf.o
                0x00000000080045fc                USBD_LL_CloseEP
 .text.USBD_LL_StallEP
                0x0000000008004618       0x1c Src/usbd_conf.o
                0x0000000008004618                USBD_LL_StallEP
 .text.USBD_LL_ClearStallEP
                0x0000000008004634       0x1c Src/usbd_conf.o
                0x0000000008004634                USBD_LL_ClearStallEP
 .text.USBD_LL_IsStallEP
                0x0000000008004650       0x26 Src/usbd_conf.o
                0x0000000008004650                USBD_LL_IsStallEP
 *fill*         0x0000000008004676        0x2 
 .text.USBD_LL_SetUSBAddress
                0x0000000008004678       0x1c Src/usbd_conf.o
                0x0000000008004678                USBD_LL_SetUSBAddress
 .text.USBD_LL_Transmit
                0x0000000008004694       0x1c Src/usbd_conf.o
                0x0000000008004694                USBD_LL_Transmit
 .text.USBD_LL_PrepareReceive
                0x00000000080046b0       0x1c Src/usbd_conf.o
                0x00000000080046b0                USBD_LL_PrepareReceive
 .text.USBD_LL_GetRxDataSize
                0x00000000080046cc        0xc Src/usbd_conf.o
                0x00000000080046cc                USBD_LL_GetRxDataSize
 .text.USBD_FS_DeviceDescriptor
                0x00000000080046d8        0xc Src/usbd_desc.o
                0x00000000080046d8                USBD_FS_DeviceDescriptor
 .text.USBD_FS_LangIDStrDescriptor
                0x00000000080046e4        0xc Src/usbd_desc.o
                0x00000000080046e4                USBD_FS_LangIDStrDescriptor
 .text.USBD_FS_ManufacturerStrDescriptor
                0x00000000080046f0       0x1c Src/usbd_desc.o
                0x00000000080046f0                USBD_FS_ManufacturerStrDescriptor
 .text.USBD_FS_ProductStrDescriptor
                0x000000000800470c       0x1c Src/usbd_desc.o
                0x000000000800470c                USBD_FS_ProductStrDescriptor
 .text.USBD_FS_SerialStrDescriptor
                0x0000000008004728       0x1c Src/usbd_desc.o
                0x0000000008004728                USBD_FS_SerialStrDescriptor
 .text.USBD_FS_ConfigStrDescriptor
                0x0000000008004744       0x1c Src/usbd_desc.o
                0x0000000008004744                USBD_FS_ConfigStrDescriptor
 .text.USBD_FS_InterfaceStrDescriptor
                0x0000000008004760       0x1c Src/usbd_desc.o
                0x0000000008004760                USBD_FS_InterfaceStrDescriptor
 .text.SetPresetMode
                0x000000000800477c       0xd0 VL53L1X_API/core/vl53l1_api.o
 .text.SetLimitValue
                0x000000000800484c       0x24 VL53L1X_API/core/vl53l1_api.o
 .text.VL53L1_SetDeviceAddress
                0x0000000008004870        0x8 VL53L1X_API/core/vl53l1_api.o
                0x0000000008004870                VL53L1_SetDeviceAddress
 .text.VL53L1_WaitDeviceBooted
                0x0000000008004878        0x8 VL53L1X_API/core/vl53l1_api.o
                0x0000000008004878                VL53L1_WaitDeviceBooted
 .text.VL53L1_SetDistanceMode
                0x0000000008004880       0x76 VL53L1X_API/core/vl53l1_api.o
                0x0000000008004880                VL53L1_SetDistanceMode
 *fill*         0x00000000080048f6        0x2 
 .text.VL53L1_SetMeasurementTimingBudgetMicroSeconds
                0x00000000080048f8      0x108 VL53L1X_API/core/vl53l1_api.o
                0x00000000080048f8                VL53L1_SetMeasurementTimingBudgetMicroSeconds
 .text.VL53L1_SetPresetMode
                0x0000000008004a00       0x48 VL53L1X_API/core/vl53l1_api.o
                0x0000000008004a00                VL53L1_SetPresetMode
 .text.VL53L1_StaticInit
                0x0000000008004a48       0x1c VL53L1X_API/core/vl53l1_api.o
                0x0000000008004a48                VL53L1_StaticInit
 .text.VL53L1_GetMeasurementTimingBudgetMicroSeconds
                0x0000000008004a64       0xd4 VL53L1X_API/core/vl53l1_api.o
                0x0000000008004a64                VL53L1_GetMeasurementTimingBudgetMicroSeconds
 .text.VL53L1_SetInterMeasurementPeriodMilliSeconds
                0x0000000008004b38       0x10 VL53L1X_API/core/vl53l1_api.o
                0x0000000008004b38                VL53L1_SetInterMeasurementPeriodMilliSeconds
 .text.VL53L1_GetInterMeasurementPeriodMilliSeconds
                0x0000000008004b48       0x1e VL53L1X_API/core/vl53l1_api.o
                0x0000000008004b48                VL53L1_GetInterMeasurementPeriodMilliSeconds
 .text.VL53L1_SetLimitCheckEnable
                0x0000000008004b66       0x36 VL53L1X_API/core/vl53l1_api.o
                0x0000000008004b66                VL53L1_SetLimitCheckEnable
 .text.VL53L1_SetLimitCheckValue
                0x0000000008004b9c       0x36 VL53L1X_API/core/vl53l1_api.o
                0x0000000008004b9c                VL53L1_SetLimitCheckValue
 .text.VL53L1_DataInit
                0x0000000008004bd2       0x50 VL53L1X_API/core/vl53l1_api.o
                0x0000000008004bd2                VL53L1_DataInit
 .text.VL53L1_GetLimitCheckValue
                0x0000000008004c22       0x5a VL53L1X_API/core/vl53l1_api.o
                0x0000000008004c22                VL53L1_GetLimitCheckValue
 .text.VL53L1_StartMeasurement
                0x0000000008004c7c       0x6e VL53L1X_API/core/vl53l1_api.o
                0x0000000008004c7c                VL53L1_StartMeasurement
 .text.VL53L1_ClearInterruptAndStartMeasurement
                0x0000000008004cea       0x88 VL53L1X_API/core/vl53l1_api.o
                0x0000000008004cea                VL53L1_ClearInterruptAndStartMeasurement
 .text.VL53L1_GetMeasurementDataReady
                0x0000000008004d72        0x4 VL53L1X_API/core/vl53l1_api.o
                0x0000000008004d72                VL53L1_GetMeasurementDataReady
 *fill*         0x0000000008004d76        0x2 
 .text.VL53L1_GetRangingMeasurementData
                0x0000000008004d78      0x150 VL53L1X_API/core/vl53l1_api.o
                0x0000000008004d78                VL53L1_GetRangingMeasurementData
 .text.VL53L1_set_inter_measurement_period_ms
                0x0000000008004ec8       0x18 VL53L1X_API/core/vl53l1_api_core.o
                0x0000000008004ec8                VL53L1_set_inter_measurement_period_ms
 .text.VL53L1_get_inter_measurement_period_ms
                0x0000000008004ee0       0x1a VL53L1X_API/core/vl53l1_api_core.o
                0x0000000008004ee0                VL53L1_get_inter_measurement_period_ms
 .text.VL53L1_set_timeouts_us
                0x0000000008004efa       0x30 VL53L1X_API/core/vl53l1_api_core.o
                0x0000000008004efa                VL53L1_set_timeouts_us
 .text.VL53L1_get_timeouts_us
                0x0000000008004f2a       0x72 VL53L1X_API/core/vl53l1_api_core.o
                0x0000000008004f2a                VL53L1_get_timeouts_us
 .text.VL53L1_get_sequence_config_bit
                0x0000000008004f9c       0x26 VL53L1X_API/core/vl53l1_api_core.o
                0x0000000008004f9c                VL53L1_get_sequence_config_bit
 .text.VL53L1_set_user_zone
                0x0000000008004fc2       0x22 VL53L1X_API/core/vl53l1_api_core.o
                0x0000000008004fc2                VL53L1_set_user_zone
 .text.VL53L1_get_user_zone
                0x0000000008004fe4       0x22 VL53L1X_API/core/vl53l1_api_core.o
                0x0000000008004fe4                VL53L1_get_user_zone
 .text.VL53L1_get_mode_mitigation_roi
                0x0000000008005006       0x40 VL53L1X_API/core/vl53l1_api_core.o
                0x0000000008005006                VL53L1_get_mode_mitigation_roi
 .text.VL53L1_read_p2p_data
                0x0000000008005046       0x78 VL53L1X_API/core/vl53l1_api_core.o
                0x0000000008005046                VL53L1_read_p2p_data
 .text.VL53L1_get_preset_mode_timing_cfg
                0x00000000080050be       0x72 VL53L1X_API/core/vl53l1_api_core.o
                0x00000000080050be                VL53L1_get_preset_mode_timing_cfg
 .text.VL53L1_set_preset_mode
                0x0000000008005130      0x170 VL53L1X_API/core/vl53l1_api_core.o
                0x0000000008005130                VL53L1_set_preset_mode
 .text.VL53L1_data_init
                0x00000000080052a0       0xb2 VL53L1X_API/core/vl53l1_api_core.o
                0x00000000080052a0                VL53L1_data_init
 .text.VL53L1_get_lite_sigma_threshold
                0x0000000008005352        0xa VL53L1X_API/core/vl53l1_api_core.o
                0x0000000008005352                VL53L1_get_lite_sigma_threshold
 .text.VL53L1_set_lite_sigma_threshold
                0x000000000800535c        0x8 VL53L1X_API/core/vl53l1_api_core.o
                0x000000000800535c                VL53L1_set_lite_sigma_threshold
 .text.VL53L1_get_lite_min_count_rate
                0x0000000008005364        0xa VL53L1X_API/core/vl53l1_api_core.o
                0x0000000008005364                VL53L1_get_lite_min_count_rate
 .text.VL53L1_set_lite_min_count_rate
                0x000000000800536e        0x8 VL53L1X_API/core/vl53l1_api_core.o
                0x000000000800536e                VL53L1_set_lite_min_count_rate
 *fill*         0x0000000008005376        0x2 
 .text.VL53L1_init_and_start_range
                0x0000000008005378      0x1b4 VL53L1X_API/core/vl53l1_api_core.o
                0x0000000008005378                VL53L1_init_and_start_range
 .text.VL53L1_stop_range
                0x000000000800552c       0x44 VL53L1X_API/core/vl53l1_api_core.o
                0x000000000800552c                VL53L1_stop_range
 .text.VL53L1_get_measurement_results
                0x0000000008005570       0x5c VL53L1X_API/core/vl53l1_api_core.o
                0x0000000008005570                VL53L1_get_measurement_results
 .text.VL53L1_clear_interrupt_and_enable_next_range
                0x00000000080055cc        0x6 VL53L1X_API/core/vl53l1_api_core.o
                0x00000000080055cc                VL53L1_clear_interrupt_and_enable_next_range
 *fill*         0x00000000080055d2        0x2 
 .text.VL53L1_copy_sys_and_core_results_to_range_results
                0x00000000080055d4      0x168 VL53L1X_API/core/vl53l1_api_core.o
                0x00000000080055d4                VL53L1_copy_sys_and_core_results_to_range_results
 .text.VL53L1_get_device_results
                0x000000000800573c       0x8c VL53L1X_API/core/vl53l1_api_core.o
                0x000000000800573c                VL53L1_get_device_results
 .text.VL53L1_get_tuning_parm
                0x00000000080057c8      0x1ae VL53L1X_API/core/vl53l1_api_core.o
                0x00000000080057c8                VL53L1_get_tuning_parm
 .text.VL53L1_init_refspadchar_config_struct
                0x0000000008005976       0x24 VL53L1X_API/core/vl53l1_api_preset_modes.o
                0x0000000008005976                VL53L1_init_refspadchar_config_struct
 .text.VL53L1_init_ssc_config_struct
                0x000000000800599a       0x1e VL53L1X_API/core/vl53l1_api_preset_modes.o
                0x000000000800599a                VL53L1_init_ssc_config_struct
 .text.VL53L1_init_xtalk_config_struct
                0x00000000080059b8       0x4a VL53L1X_API/core/vl53l1_api_preset_modes.o
                0x00000000080059b8                VL53L1_init_xtalk_config_struct
 .text.VL53L1_init_offset_cal_config_struct
                0x0000000008005a02       0x24 VL53L1X_API/core/vl53l1_api_preset_modes.o
                0x0000000008005a02                VL53L1_init_offset_cal_config_struct
 .text.VL53L1_init_tuning_parm_storage_struct
                0x0000000008005a26       0x96 VL53L1X_API/core/vl53l1_api_preset_modes.o
                0x0000000008005a26                VL53L1_init_tuning_parm_storage_struct
 .text.VL53L1_preset_mode_standard_ranging
                0x0000000008005abc      0x148 VL53L1X_API/core/vl53l1_api_preset_modes.o
                0x0000000008005abc                VL53L1_preset_mode_standard_ranging
 .text.VL53L1_preset_mode_standard_ranging_short_range
                0x0000000008005c04       0x3c VL53L1X_API/core/vl53l1_api_preset_modes.o
                0x0000000008005c04                VL53L1_preset_mode_standard_ranging_short_range
 .text.VL53L1_preset_mode_standard_ranging_long_range
                0x0000000008005c40       0x3c VL53L1X_API/core/vl53l1_api_preset_modes.o
                0x0000000008005c40                VL53L1_preset_mode_standard_ranging_long_range
 .text.VL53L1_preset_mode_standard_ranging_mm1_cal
                0x0000000008005c7c       0x20 VL53L1X_API/core/vl53l1_api_preset_modes.o
                0x0000000008005c7c                VL53L1_preset_mode_standard_ranging_mm1_cal
 .text.VL53L1_preset_mode_standard_ranging_mm2_cal
                0x0000000008005c9c       0x20 VL53L1X_API/core/vl53l1_api_preset_modes.o
                0x0000000008005c9c                VL53L1_preset_mode_standard_ranging_mm2_cal
 .text.VL53L1_preset_mode_timed_ranging
                0x0000000008005cbc       0x36 VL53L1X_API/core/vl53l1_api_preset_modes.o
                0x0000000008005cbc                VL53L1_preset_mode_timed_ranging
 .text.VL53L1_preset_mode_timed_ranging_short_range
                0x0000000008005cf2       0x38 VL53L1X_API/core/vl53l1_api_preset_modes.o
                0x0000000008005cf2                VL53L1_preset_mode_timed_ranging_short_range
 .text.VL53L1_preset_mode_timed_ranging_long_range
                0x0000000008005d2a       0x36 VL53L1X_API/core/vl53l1_api_preset_modes.o
                0x0000000008005d2a                VL53L1_preset_mode_timed_ranging_long_range
 .text.VL53L1_preset_mode_low_power_auto_ranging
                0x0000000008005d60       0x2a VL53L1X_API/core/vl53l1_api_preset_modes.o
                0x0000000008005d60                VL53L1_preset_mode_low_power_auto_ranging
 .text.VL53L1_preset_mode_low_power_auto_short_ranging
                0x0000000008005d8a       0x2a VL53L1X_API/core/vl53l1_api_preset_modes.o
                0x0000000008005d8a                VL53L1_preset_mode_low_power_auto_short_ranging
 .text.VL53L1_preset_mode_low_power_auto_long_ranging
                0x0000000008005db4       0x2a VL53L1X_API/core/vl53l1_api_preset_modes.o
                0x0000000008005db4                VL53L1_preset_mode_low_power_auto_long_ranging
 .text.VL53L1_preset_mode_singleshot_ranging
                0x0000000008005dde       0x30 VL53L1X_API/core/vl53l1_api_preset_modes.o
                0x0000000008005dde                VL53L1_preset_mode_singleshot_ranging
 .text.VL53L1_preset_mode_olt
                0x0000000008005e0e       0x18 VL53L1X_API/core/vl53l1_api_preset_modes.o
                0x0000000008005e0e                VL53L1_preset_mode_olt
 .text.VL53L1_init_version
                0x0000000008005e26       0x1a VL53L1X_API/core/vl53l1_core.o
                0x0000000008005e26                VL53L1_init_version
 .text.VL53L1_init_ll_driver_state
                0x0000000008005e40       0x26 VL53L1X_API/core/vl53l1_core.o
                0x0000000008005e40                VL53L1_init_ll_driver_state
 .text.VL53L1_update_ll_driver_rd_state
                0x0000000008005e66       0x90 VL53L1X_API/core/vl53l1_core.o
                0x0000000008005e66                VL53L1_update_ll_driver_rd_state
 .text.VL53L1_check_ll_driver_rd_state
                0x0000000008005ef6       0x58 VL53L1X_API/core/vl53l1_core.o
                0x0000000008005ef6                VL53L1_check_ll_driver_rd_state
 .text.VL53L1_update_ll_driver_cfg_state
                0x0000000008005f4e       0x78 VL53L1X_API/core/vl53l1_core.o
                0x0000000008005f4e                VL53L1_update_ll_driver_cfg_state
 .text.VL53L1_copy_rtn_good_spads_to_buffer
                0x0000000008005fc6       0xa2 VL53L1X_API/core/vl53l1_core.o
                0x0000000008005fc6                VL53L1_copy_rtn_good_spads_to_buffer
 .text.VL53L1_i2c_encode_uint16_t
                0x0000000008006068       0x10 VL53L1X_API/core/vl53l1_core.o
                0x0000000008006068                VL53L1_i2c_encode_uint16_t
 .text.VL53L1_i2c_decode_uint16_t
                0x0000000008006078       0x16 VL53L1X_API/core/vl53l1_core.o
                0x0000000008006078                VL53L1_i2c_decode_uint16_t
 .text.VL53L1_i2c_encode_int16_t
                0x000000000800608e       0x10 VL53L1X_API/core/vl53l1_core.o
                0x000000000800608e                VL53L1_i2c_encode_int16_t
 .text.VL53L1_i2c_decode_int16_t
                0x000000000800609e       0x1c VL53L1X_API/core/vl53l1_core.o
                0x000000000800609e                VL53L1_i2c_decode_int16_t
 .text.VL53L1_i2c_encode_uint32_t
                0x00000000080060ba       0x10 VL53L1X_API/core/vl53l1_core.o
                0x00000000080060ba                VL53L1_i2c_encode_uint32_t
 .text.VL53L1_i2c_decode_uint32_t
                0x00000000080060ca       0x14 VL53L1X_API/core/vl53l1_core.o
                0x00000000080060ca                VL53L1_i2c_decode_uint32_t
 .text.VL53L1_i2c_decode_int32_t
                0x00000000080060de       0x1a VL53L1X_API/core/vl53l1_core.o
                0x00000000080060de                VL53L1_i2c_decode_int32_t
 .text.VL53L1_calc_macro_period_us
                0x00000000080060f8       0x1e VL53L1X_API/core/vl53l1_core.o
                0x00000000080060f8                VL53L1_calc_macro_period_us
 .text.VL53L1_calc_range_ignore_threshold
                0x0000000008006116       0x4a VL53L1X_API/core/vl53l1_core.o
                0x0000000008006116                VL53L1_calc_range_ignore_threshold
 .text.VL53L1_calc_timeout_us
                0x0000000008006160       0x12 VL53L1X_API/core/vl53l1_core.o
                0x0000000008006160                VL53L1_calc_timeout_us
 .text.VL53L1_encode_timeout
                0x0000000008006172       0x1e VL53L1X_API/core/vl53l1_core.o
                0x0000000008006172                VL53L1_encode_timeout
 .text.VL53L1_calc_encoded_timeout
                0x0000000008006190        0xe VL53L1X_API/core/vl53l1_core.o
                0x0000000008006190                VL53L1_calc_encoded_timeout
 .text.VL53L1_decode_timeout
                0x000000000800619e        0xc VL53L1X_API/core/vl53l1_core.o
                0x000000000800619e                VL53L1_decode_timeout
 .text.VL53L1_calc_decoded_timeout_us
                0x00000000080061aa       0x18 VL53L1X_API/core/vl53l1_core.o
                0x00000000080061aa                VL53L1_calc_decoded_timeout_us
 .text.VL53L1_calc_timeout_register_values
                0x00000000080061c2       0x7e VL53L1X_API/core/vl53l1_core.o
                0x00000000080061c2                VL53L1_calc_timeout_register_values
 .text.VL53L1_encode_row_col
                0x0000000008006240       0x16 VL53L1X_API/core/vl53l1_core.o
                0x0000000008006240                VL53L1_encode_row_col
 .text.VL53L1_decode_zone_size
                0x0000000008006256        0xc VL53L1X_API/core/vl53l1_core.o
                0x0000000008006256                VL53L1_decode_zone_size
 .text.VL53L1_encode_zone_size
                0x0000000008006262        0x8 VL53L1X_API/core/vl53l1_core.o
                0x0000000008006262                VL53L1_encode_zone_size
 .text.VL53L1_low_power_auto_data_init
                0x000000000800626a       0x2c VL53L1X_API/core/vl53l1_core.o
                0x000000000800626a                VL53L1_low_power_auto_data_init
 .text.VL53L1_low_power_auto_data_stop_range
                0x0000000008006296       0x32 VL53L1X_API/core/vl53l1_core.o
                0x0000000008006296                VL53L1_low_power_auto_data_stop_range
 .text.VL53L1_config_low_power_auto_mode
                0x00000000080062c8       0x1a VL53L1X_API/core/vl53l1_core.o
                0x00000000080062c8                VL53L1_config_low_power_auto_mode
 .text.VL53L1_low_power_auto_setup_manual_calibration
                0x00000000080062e2       0x3e VL53L1X_API/core/vl53l1_core.o
                0x00000000080062e2                VL53L1_low_power_auto_setup_manual_calibration
 .text.VL53L1_low_power_auto_update_DSS
                0x0000000008006320       0x50 VL53L1X_API/core/vl53l1_core.o
                0x0000000008006320                VL53L1_low_power_auto_update_DSS
 .text.VL53L1_calc_pll_period_us
                0x0000000008006370        0xa VL53L1X_API/core/vl53l1_core_support.o
                0x0000000008006370                VL53L1_calc_pll_period_us
 .text.VL53L1_decode_vcsel_period
                0x000000000800637a        0xa VL53L1X_API/core/vl53l1_core_support.o
                0x000000000800637a                VL53L1_decode_vcsel_period
 .text.VL53L1_decode_row_col
                0x0000000008006384       0x26 VL53L1X_API/core/vl53l1_core_support.o
                0x0000000008006384                VL53L1_decode_row_col
 .text.VL53L1_i2c_encode_static_nvm_managed
                0x00000000080063aa       0x5a VL53L1X_API/core/vl53l1_register_funcs.o
                0x00000000080063aa                VL53L1_i2c_encode_static_nvm_managed
 .text.VL53L1_i2c_decode_static_nvm_managed
                0x0000000008006404       0x5a VL53L1X_API/core/vl53l1_register_funcs.o
                0x0000000008006404                VL53L1_i2c_decode_static_nvm_managed
 .text.VL53L1_get_static_nvm_managed
                0x000000000800645e       0x1e VL53L1X_API/core/vl53l1_register_funcs.o
                0x000000000800645e                VL53L1_get_static_nvm_managed
 .text.VL53L1_i2c_encode_customer_nvm_managed
                0x000000000800647c       0xa2 VL53L1X_API/core/vl53l1_register_funcs.o
                0x000000000800647c                VL53L1_i2c_encode_customer_nvm_managed
 .text.VL53L1_i2c_decode_customer_nvm_managed
                0x000000000800651e       0x9a VL53L1X_API/core/vl53l1_register_funcs.o
                0x000000000800651e                VL53L1_i2c_decode_customer_nvm_managed
 .text.VL53L1_get_customer_nvm_managed
                0x00000000080065b8       0x20 VL53L1X_API/core/vl53l1_register_funcs.o
                0x00000000080065b8                VL53L1_get_customer_nvm_managed
 .text.VL53L1_i2c_encode_static_config
                0x00000000080065d8       0xdc VL53L1X_API/core/vl53l1_register_funcs.o
                0x00000000080065d8                VL53L1_i2c_encode_static_config
 .text.VL53L1_i2c_encode_general_config
                0x00000000080066b4       0x8a VL53L1X_API/core/vl53l1_register_funcs.o
                0x00000000080066b4                VL53L1_i2c_encode_general_config
 .text.VL53L1_i2c_encode_timing_config
                0x000000000800673e       0x86 VL53L1X_API/core/vl53l1_register_funcs.o
                0x000000000800673e                VL53L1_i2c_encode_timing_config
 .text.VL53L1_i2c_encode_dynamic_config
                0x00000000080067c4       0x84 VL53L1X_API/core/vl53l1_register_funcs.o
                0x00000000080067c4                VL53L1_i2c_encode_dynamic_config
 .text.VL53L1_i2c_encode_system_control
                0x0000000008006848       0x32 VL53L1X_API/core/vl53l1_register_funcs.o
                0x0000000008006848                VL53L1_i2c_encode_system_control
 .text.VL53L1_set_system_control
                0x000000000800687a       0x20 VL53L1X_API/core/vl53l1_register_funcs.o
                0x000000000800687a                VL53L1_set_system_control
 .text.VL53L1_i2c_decode_system_results
                0x000000000800689a      0x11e VL53L1X_API/core/vl53l1_register_funcs.o
                0x000000000800689a                VL53L1_i2c_decode_system_results
 .text.VL53L1_i2c_decode_core_results
                0x00000000080069b8       0x76 VL53L1X_API/core/vl53l1_register_funcs.o
                0x00000000080069b8                VL53L1_i2c_decode_core_results
 .text.VL53L1_i2c_decode_debug_results
                0x0000000008006a2e      0x1b2 VL53L1X_API/core/vl53l1_register_funcs.o
                0x0000000008006a2e                VL53L1_i2c_decode_debug_results
 .text.VL53L1_i2c_decode_nvm_copy_data
                0x0000000008006be0      0x14a VL53L1X_API/core/vl53l1_register_funcs.o
                0x0000000008006be0                VL53L1_i2c_decode_nvm_copy_data
 .text.VL53L1_get_nvm_copy_data
                0x0000000008006d2a       0x22 VL53L1X_API/core/vl53l1_register_funcs.o
                0x0000000008006d2a                VL53L1_get_nvm_copy_data
 .text.VL53L1_is_new_data_ready
                0x0000000008006d4c       0x34 VL53L1X_API/core/vl53l1_wait.o
                0x0000000008006d4c                VL53L1_is_new_data_ready
 .text.VL53L1_poll_for_boot_completion
                0x0000000008006d80       0x34 VL53L1X_API/core/vl53l1_wait.o
                0x0000000008006d80                VL53L1_poll_for_boot_completion
 .text._I2CWrite
                0x0000000008006db4       0x1e VL53L1X_API/platform/vl53l1_platform.o
                0x0000000008006db4                _I2CWrite
 .text._I2CRead
                0x0000000008006dd2       0x20 VL53L1X_API/platform/vl53l1_platform.o
                0x0000000008006dd2                _I2CRead
 *fill*         0x0000000008006df2        0x2 
 .text.VL53L1_WriteMulti
                0x0000000008006df4       0x40 VL53L1X_API/platform/vl53l1_platform.o
                0x0000000008006df4                VL53L1_WriteMulti
 .text.VL53L1_ReadMulti
                0x0000000008006e34       0x30 VL53L1X_API/platform/vl53l1_platform.o
                0x0000000008006e34                VL53L1_ReadMulti
 .text.VL53L1_WrByte
                0x0000000008006e64       0x24 VL53L1X_API/platform/vl53l1_platform.o
                0x0000000008006e64                VL53L1_WrByte
 .text.VL53L1_RdByte
                0x0000000008006e88       0x30 VL53L1X_API/platform/vl53l1_platform.o
                0x0000000008006e88                VL53L1_RdByte
 .text.VL53L1_RdWord
                0x0000000008006eb8       0x3c VL53L1X_API/platform/vl53l1_platform.o
                0x0000000008006eb8                VL53L1_RdWord
 .text.VL53L1_WaitUs
                0x0000000008006ef4       0x12 VL53L1X_API/platform/vl53l1_platform.o
                0x0000000008006ef4                VL53L1_WaitUs
 *fill*         0x0000000008006f06        0x2 
 .text.VL53L1_WaitValueMaskEx
                0x0000000008006f08       0x7c VL53L1X_API/platform/vl53l1_platform.o
                0x0000000008006f08                VL53L1_WaitValueMaskEx
 .text.Reset_Handler
                0x0000000008006f84       0x50 startup/startup_stm32f411xe.o
                0x0000000008006f84                Reset_Handler
 .text.Default_Handler
                0x0000000008006fd4        0x2 startup/startup_stm32f411xe.o
                0x0000000008006fd4                RTC_Alarm_IRQHandler
                0x0000000008006fd4                EXTI2_IRQHandler
                0x0000000008006fd4                SPI4_IRQHandler
                0x0000000008006fd4                TIM1_CC_IRQHandler
                0x0000000008006fd4                DMA2_Stream5_IRQHandler
                0x0000000008006fd4                DMA1_Stream5_IRQHandler
                0x0000000008006fd4                PVD_IRQHandler
                0x0000000008006fd4                SDIO_IRQHandler
                0x0000000008006fd4                TAMP_STAMP_IRQHandler
                0x0000000008006fd4                EXTI3_IRQHandler
                0x0000000008006fd4                TIM1_UP_TIM10_IRQHandler
                0x0000000008006fd4                I2C3_ER_IRQHandler
                0x0000000008006fd4                EXTI0_IRQHandler
                0x0000000008006fd4                I2C2_EV_IRQHandler
                0x0000000008006fd4                DMA1_Stream2_IRQHandler
                0x0000000008006fd4                FPU_IRQHandler
                0x0000000008006fd4                DMA2_Stream2_IRQHandler
                0x0000000008006fd4                SPI1_IRQHandler
                0x0000000008006fd4                TIM1_BRK_TIM9_IRQHandler
                0x0000000008006fd4                DMA2_Stream3_IRQHandler
                0x0000000008006fd4                USART6_IRQHandler
                0x0000000008006fd4                DMA2_Stream0_IRQHandler
                0x0000000008006fd4                TIM4_IRQHandler
                0x0000000008006fd4                I2C1_EV_IRQHandler
                0x0000000008006fd4                DMA1_Stream6_IRQHandler
                0x0000000008006fd4                DMA1_Stream1_IRQHandler
                0x0000000008006fd4                TIM3_IRQHandler
                0x0000000008006fd4                RCC_IRQHandler
                0x0000000008006fd4                Default_Handler
                0x0000000008006fd4                EXTI15_10_IRQHandler
                0x0000000008006fd4                ADC_IRQHandler
                0x0000000008006fd4                DMA1_Stream7_IRQHandler
                0x0000000008006fd4                SPI5_IRQHandler
                0x0000000008006fd4                TIM5_IRQHandler
                0x0000000008006fd4                DMA2_Stream7_IRQHandler
                0x0000000008006fd4                I2C3_EV_IRQHandler
                0x0000000008006fd4                EXTI9_5_IRQHandler
                0x0000000008006fd4                RTC_WKUP_IRQHandler
                0x0000000008006fd4                SPI2_IRQHandler
                0x0000000008006fd4                DMA1_Stream0_IRQHandler
                0x0000000008006fd4                EXTI4_IRQHandler
                0x0000000008006fd4                WWDG_IRQHandler
                0x0000000008006fd4                TIM2_IRQHandler
                0x0000000008006fd4                OTG_FS_WKUP_IRQHandler
                0x0000000008006fd4                TIM1_TRG_COM_TIM11_IRQHandler
                0x0000000008006fd4                EXTI1_IRQHandler
                0x0000000008006fd4                USART2_IRQHandler
                0x0000000008006fd4                I2C2_ER_IRQHandler
                0x0000000008006fd4                DMA2_Stream1_IRQHandler
                0x0000000008006fd4                FLASH_IRQHandler
                0x0000000008006fd4                DMA2_Stream4_IRQHandler
                0x0000000008006fd4                SPI3_IRQHandler
                0x0000000008006fd4                DMA1_Stream4_IRQHandler
                0x0000000008006fd4                I2C1_ER_IRQHandler
                0x0000000008006fd4                DMA2_Stream6_IRQHandler
                0x0000000008006fd4                DMA1_Stream3_IRQHandler
 *fill*         0x0000000008006fd6        0x2 
 .text.__libc_init_array
                0x0000000008006fd8       0x48 /opt/truestudio/ARMTools/bin/../lib/gcc/arm-atollic-eabi/6.3.1/../../../../arm-atollic-eabi/lib/armv7e-m/fpu/libc_nano.a(lib_a-init.o)
                0x0000000008006fd8                __libc_init_array
 .text.malloc   0x0000000008007020       0x10 /opt/truestudio/ARMTools/bin/../lib/gcc/arm-atollic-eabi/6.3.1/../../../../arm-atollic-eabi/lib/armv7e-m/fpu/libc_nano.a(lib_a-malloc.o)
                0x0000000008007020                malloc
 .text.free     0x0000000008007030       0x10 /opt/truestudio/ARMTools/bin/../lib/gcc/arm-atollic-eabi/6.3.1/../../../../arm-atollic-eabi/lib/armv7e-m/fpu/libc_nano.a(lib_a-malloc.o)
                0x0000000008007030                free
 .text.memcpy   0x0000000008007040       0x16 /opt/truestudio/ARMTools/bin/../lib/gcc/arm-atollic-eabi/6.3.1/../../../../arm-atollic-eabi/lib/armv7e-m/fpu/libc_nano.a(lib_a-memcpy-stub.o)
                0x0000000008007040                memcpy
 .text.memset   0x0000000008007056       0x10 /opt/truestudio/ARMTools/bin/../lib/gcc/arm-atollic-eabi/6.3.1/../../../../arm-atollic-eabi/lib/armv7e-m/fpu/libc_nano.a(lib_a-memset.o)
                0x0000000008007056                memset
 *fill*         0x0000000008007066        0x2 
 .text._free_r  0x0000000008007068       0x9c /opt/truestudio/ARMTools/bin/../lib/gcc/arm-atollic-eabi/6.3.1/../../../../arm-atollic-eabi/lib/armv7e-m/fpu/libc_nano.a(lib_a-nano-freer.o)
                0x0000000008007068                _free_r
 .text._malloc_r
                0x0000000008007104       0xbc /opt/truestudio/ARMTools/bin/../lib/gcc/arm-atollic-eabi/6.3.1/../../../../arm-atollic-eabi/lib/armv7e-m/fpu/libc_nano.a(lib_a-nano-mallocr.o)
                0x0000000008007104                _malloc_r
 .text._sbrk_r  0x00000000080071c0       0x20 /opt/truestudio/ARMTools/bin/../lib/gcc/arm-atollic-eabi/6.3.1/../../../../arm-atollic-eabi/lib/armv7e-m/fpu/libc_nano.a(lib_a-sbrkr.o)
                0x00000000080071c0                _sbrk_r
 .text.sprintf  0x00000000080071e0       0x48 /opt/truestudio/ARMTools/bin/../lib/gcc/arm-atollic-eabi/6.3.1/../../../../arm-atollic-eabi/lib/armv7e-m/fpu/libc_nano.a(lib_a-sprintf.o)
                0x00000000080071e0                sprintf
                0x00000000080071e0                siprintf
 .text.strncpy  0x0000000008007228       0x2a /opt/truestudio/ARMTools/bin/../lib/gcc/arm-atollic-eabi/6.3.1/../../../../arm-atollic-eabi/lib/armv7e-m/fpu/libc_nano.a(lib_a-strncpy.o)
                0x0000000008007228                strncpy
 .text.__malloc_lock
                0x0000000008007252        0x2 /opt/truestudio/ARMTools/bin/../lib/gcc/arm-atollic-eabi/6.3.1/../../../../arm-atollic-eabi/lib/armv7e-m/fpu/libc_nano.a(lib_a-mlock.o)
                0x0000000008007252                __malloc_lock
 .text.__malloc_unlock
                0x0000000008007254        0x2 /opt/truestudio/ARMTools/bin/../lib/gcc/arm-atollic-eabi/6.3.1/../../../../arm-atollic-eabi/lib/armv7e-m/fpu/libc_nano.a(lib_a-mlock.o)
                0x0000000008007254                __malloc_unlock
 .text.__ssputs_r
                0x0000000008007256       0xb6 /opt/truestudio/ARMTools/bin/../lib/gcc/arm-atollic-eabi/6.3.1/../../../../arm-atollic-eabi/lib/armv7e-m/fpu/libc_nano.a(lib_a-nano-svfprintf.o)
                0x0000000008007256                __ssputs_r
 .text._svfprintf_r
                0x000000000800730c      0x1e8 /opt/truestudio/ARMTools/bin/../lib/gcc/arm-atollic-eabi/6.3.1/../../../../arm-atollic-eabi/lib/armv7e-m/fpu/libc_nano.a(lib_a-nano-svfprintf.o)
                0x000000000800730c                _svfprintf_r
                0x000000000800730c                _svfiprintf_r
 .text._printf_common
                0x00000000080074f4       0xec /opt/truestudio/ARMTools/bin/../lib/gcc/arm-atollic-eabi/6.3.1/../../../../arm-atollic-eabi/lib/armv7e-m/fpu/libc_nano.a(lib_a-nano-vfprintf_i.o)
                0x00000000080074f4                _printf_common
 .text._printf_i
                0x00000000080075e0      0x240 /opt/truestudio/ARMTools/bin/../lib/gcc/arm-atollic-eabi/6.3.1/../../../../arm-atollic-eabi/lib/armv7e-m/fpu/libc_nano.a(lib_a-nano-vfprintf_i.o)
                0x00000000080075e0                _printf_i
 .text.memmove  0x0000000008007820       0x34 /opt/truestudio/ARMTools/bin/../lib/gcc/arm-atollic-eabi/6.3.1/../../../../arm-atollic-eabi/lib/armv7e-m/fpu/libc_nano.a(lib_a-memmove.o)
                0x0000000008007820                memmove
 .text._realloc_r
                0x0000000008007854       0x4c /opt/truestudio/ARMTools/bin/../lib/gcc/arm-atollic-eabi/6.3.1/../../../../arm-atollic-eabi/lib/armv7e-m/fpu/libc_nano.a(lib_a-nano-reallocr.o)
                0x0000000008007854                _realloc_r
 .text._malloc_usable_size_r
                0x00000000080078a0       0x12 /opt/truestudio/ARMTools/bin/../lib/gcc/arm-atollic-eabi/6.3.1/../../../../arm-atollic-eabi/lib/armv7e-m/fpu/libc_nano.a(lib_a-nano-msizer.o)
                0x00000000080078a0                _malloc_usable_size_r
 *fill*         0x00000000080078b2        0x2 
 .text._sbrk    0x00000000080078b4       0x1c /opt/truestudio/ARMTools/bin/../lib/gcc/arm-atollic-eabi/6.3.1/../../../../arm-atollic-eabi/lib/armv7e-m/fpu/libnosys.a(sbrk.o)
                0x00000000080078b4                _sbrk
 *(.glue_7)
 .glue_7        0x00000000080078d0        0x0 linker stubs
 *(.glue_7t)
 .glue_7t       0x00000000080078d0        0x0 linker stubs
 *(.eh_frame)
 .eh_frame      0x00000000080078d0        0x0 /opt/truestudio/ARMTools/bin/../lib/gcc/arm-atollic-eabi/6.3.1/armv7e-m/fpu/crtbegin.o
 *(.init)
 .init          0x00000000080078d0        0x4 /opt/truestudio/ARMTools/bin/../lib/gcc/arm-atollic-eabi/6.3.1/armv7e-m/fpu/crti.o
                0x00000000080078d0                _init
 .init          0x00000000080078d4        0x8 /opt/truestudio/ARMTools/bin/../lib/gcc/arm-atollic-eabi/6.3.1/armv7e-m/fpu/crtn.o
 *(.fini)
 .fini          0x00000000080078dc        0x4 /opt/truestudio/ARMTools/bin/../lib/gcc/arm-atollic-eabi/6.3.1/armv7e-m/fpu/crti.o
                0x00000000080078dc                _fini
 .fini          0x00000000080078e0        0x8 /opt/truestudio/ARMTools/bin/../lib/gcc/arm-atollic-eabi/6.3.1/armv7e-m/fpu/crtn.o
                0x00000000080078e8                . = ALIGN (0x4)
                0x00000000080078e8                _etext = .

.vfp11_veneer   0x00000000080078e8        0x0
 .vfp11_veneer  0x00000000080078e8        0x0 linker stubs

.v4_bx          0x00000000080078e8        0x0
 .v4_bx         0x00000000080078e8        0x0 linker stubs

.iplt           0x00000000080078e8        0x0
 .iplt          0x00000000080078e8        0x0 /opt/truestudio/ARMTools/bin/../lib/gcc/arm-atollic-eabi/6.3.1/armv7e-m/fpu/crtbegin.o

.rodata         0x00000000080078e8      0x360
                0x00000000080078e8                . = ALIGN (0x4)
 *(.rodata)
 *(.rodata*)
 .rodata.enableSensor.str1.1
                0x00000000080078e8      0x254 Src/main.o
 .rodata.main.str1.1
                0x0000000008007b3c       0x2c Src/main.o
 .rodata.scan.str1.1
                0x0000000008007b68       0x16 Src/main.o
 .rodata.AHBPrescTable
                0x0000000008007b7e       0x10 Src/system_stm32f4xx.o
                0x0000000008007b7e                AHBPrescTable
 .rodata.APBPrescTable
                0x0000000008007b8e        0x8 Src/system_stm32f4xx.o
                0x0000000008007b8e                APBPrescTable
 .rodata.CSWTCH.39
                0x0000000008007b96        0x4 Src/usbd_conf.o
 .rodata.USBD_LL_Init.str1.1
                0x0000000008007b9a       0x13 Src/usbd_conf.o
 .rodata.USBD_FS_ConfigStrDescriptor.str1.1
                0x0000000008007bad        0xb Src/usbd_desc.o
 .rodata.USBD_FS_InterfaceStrDescriptor.str1.1
                0x0000000008007bb8        0xe Src/usbd_desc.o
 .rodata.USBD_FS_ManufacturerStrDescriptor.str1.1
                0x0000000008007bc6       0x13 Src/usbd_desc.o
 .rodata.USBD_FS_ProductStrDescriptor.str1.1
                0x0000000008007bd9       0x16 Src/usbd_desc.o
 .rodata.USBD_FS_SerialStrDescriptor.str1.1
                0x0000000008007bef        0xd Src/usbd_desc.o
 .rodata.CSWTCH.70
                0x0000000008007bfc       0x10 VL53L1X_API/core/vl53l1_api.o
 .rodata.CSWTCH.47
                0x0000000008007c0c        0x6 VL53L1X_API/core/vl53l1_api_core.o
 .rodata.VL53L1_WaitValueMaskEx.str1.1
                0x0000000008007c12        0xd VL53L1X_API/platform/vl53l1_platform.o
                                          0x1 (size before relaxing)
 .rodata._svfprintf_r.str1.1
                0x0000000008007c12       0x11 /opt/truestudio/ARMTools/bin/../lib/gcc/arm-atollic-eabi/6.3.1/../../../../arm-atollic-eabi/lib/armv7e-m/fpu/libc_nano.a(lib_a-nano-svfprintf.o)
 .rodata._printf_i.str1.1
                0x0000000008007c23       0x22 /opt/truestudio/ARMTools/bin/../lib/gcc/arm-atollic-eabi/6.3.1/../../../../arm-atollic-eabi/lib/armv7e-m/fpu/libc_nano.a(lib_a-nano-vfprintf_i.o)
                0x0000000008007c48                . = ALIGN (0x4)
 *fill*         0x0000000008007c45        0x3 

.ARM.extab
 *(.ARM.extab* .gnu.linkonce.armextab.*)

.ARM            0x0000000008007c48        0x8
                0x0000000008007c48                __exidx_start = .
 *(.ARM.exidx*)
 .ARM.exidx     0x0000000008007c48        0x8 /opt/truestudio/ARMTools/bin/../lib/gcc/arm-atollic-eabi/6.3.1/armv7e-m/fpu/libgcc.a(_udivmoddi4.o)
                0x0000000008007c50                __exidx_end = .

.rel.dyn        0x0000000008007c50        0x0
 .rel.iplt      0x0000000008007c50        0x0 /opt/truestudio/ARMTools/bin/../lib/gcc/arm-atollic-eabi/6.3.1/armv7e-m/fpu/crtbegin.o

.preinit_array  0x0000000008007c50        0x0
                0x0000000008007c50                PROVIDE (__preinit_array_start, .)
 *(.preinit_array*)
                0x0000000008007c50                PROVIDE (__preinit_array_end, .)

.init_array     0x0000000008007c50        0x4
                0x0000000008007c50                PROVIDE (__init_array_start, .)
 *(SORT(.init_array.*))
 *(.init_array*)
 .init_array    0x0000000008007c50        0x4 /opt/truestudio/ARMTools/bin/../lib/gcc/arm-atollic-eabi/6.3.1/armv7e-m/fpu/crtbegin.o
                0x0000000008007c54                PROVIDE (__init_array_end, .)

.fini_array     0x0000000008007c54        0x4
                [!provide]                        PROVIDE (__fini_array_start, .)
 *(SORT(.fini_array.*))
 *(.fini_array*)
 .fini_array    0x0000000008007c54        0x4 /opt/truestudio/ARMTools/bin/../lib/gcc/arm-atollic-eabi/6.3.1/armv7e-m/fpu/crtbegin.o
                [!provide]                        PROVIDE (__fini_array_end, .)
                0x0000000008007c58                _sidata = LOADADDR (.data)

.data           0x0000000020000000      0x224 load address 0x0000000008007c58
                0x0000000020000000                . = ALIGN (0x4)
                0x0000000020000000                _sdata = .
 *(.data)
 *(.data*)
 .data.uwTickFreq
                0x0000000020000000        0x1 Drivers/STM32F4xx_HAL_Driver/Src/stm32f4xx_hal.o
                0x0000000020000000                uwTickFreq
 *fill*         0x0000000020000001        0x3 
 .data.uwTickPrio
                0x0000000020000004        0x4 Drivers/STM32F4xx_HAL_Driver/Src/stm32f4xx_hal.o
                0x0000000020000004                uwTickPrio
 .data.USBD_CDC
                0x0000000020000008       0x38 Middlewares/ST/STM32_USB_Device_Library/Class/CDC/Src/usbd_cdc.o
                0x0000000020000008                USBD_CDC
 .data.USBD_CDC_CfgFSDesc
                0x0000000020000040       0x43 Middlewares/ST/STM32_USB_Device_Library/Class/CDC/Src/usbd_cdc.o
                0x0000000020000040                USBD_CDC_CfgFSDesc
 *fill*         0x0000000020000083        0x1 
 .data.USBD_CDC_CfgHSDesc
                0x0000000020000084       0x43 Middlewares/ST/STM32_USB_Device_Library/Class/CDC/Src/usbd_cdc.o
                0x0000000020000084                USBD_CDC_CfgHSDesc
 *fill*         0x00000000200000c7        0x1 
 .data.USBD_CDC_DeviceQualifierDesc
                0x00000000200000c8        0xa Middlewares/ST/STM32_USB_Device_Library/Class/CDC/Src/usbd_cdc.o
 *fill*         0x00000000200000d2        0x2 
 .data.USBD_CDC_OtherSpeedCfgDesc
                0x00000000200000d4       0x43 Middlewares/ST/STM32_USB_Device_Library/Class/CDC/Src/usbd_cdc.o
                0x00000000200000d4                USBD_CDC_OtherSpeedCfgDesc
 .data.first.10849
                0x0000000020000117        0x1 Src/main.o
 .data.xshut    0x0000000020000118       0x40 Src/main.o
                0x0000000020000118                xshut
 .data.SystemCoreClock
                0x0000000020000158        0x4 Src/system_stm32f4xx.o
                0x0000000020000158                SystemCoreClock
 .data.USBD_Interface_fops_FS
                0x000000002000015c       0x10 Src/usbd_cdc_if.o
                0x000000002000015c                USBD_Interface_fops_FS
 .data.FS_Desc  0x000000002000016c       0x1c Src/usbd_desc.o
                0x000000002000016c                FS_Desc
 .data.USBD_FS_DeviceDesc
                0x0000000020000188       0x12 Src/usbd_desc.o
                0x0000000020000188                USBD_FS_DeviceDesc
 *fill*         0x000000002000019a        0x2 
 .data.USBD_LangIDDesc
                0x000000002000019c        0x4 Src/usbd_desc.o
                0x000000002000019c                USBD_LangIDDesc
 .data.BDTable  0x00000000200001a0       0x20 VL53L1X_API/core/vl53l1_api.o
 .data._impure_ptr
                0x00000000200001c0        0x4 /opt/truestudio/ARMTools/bin/../lib/gcc/arm-atollic-eabi/6.3.1/../../../../arm-atollic-eabi/lib/armv7e-m/fpu/libc_nano.a(lib_a-impure.o)
                0x00000000200001c0                _impure_ptr
 .data.impure_data
                0x00000000200001c4       0x60 /opt/truestudio/ARMTools/bin/../lib/gcc/arm-atollic-eabi/6.3.1/../../../../arm-atollic-eabi/lib/armv7e-m/fpu/libc_nano.a(lib_a-impure.o)
                0x0000000020000224                . = ALIGN (0x4)
                0x0000000020000224                _edata = .

.igot.plt       0x0000000020000224        0x0 load address 0x0000000008007e7c
 .igot.plt      0x0000000020000224        0x0 /opt/truestudio/ARMTools/bin/../lib/gcc/arm-atollic-eabi/6.3.1/armv7e-m/fpu/crtbegin.o
                0x0000000020000224                . = ALIGN (0x4)

.bss            0x0000000020000224     0x47b8 load address 0x0000000008007e7c
                0x0000000020000224                _sbss = .
                0x0000000020000224                __bss_start__ = _sbss
 *(.bss)
 .bss           0x0000000020000224       0x1c /opt/truestudio/ARMTools/bin/../lib/gcc/arm-atollic-eabi/6.3.1/armv7e-m/fpu/crtbegin.o
 *(.bss*)
 .bss.ifalt.9671
                0x0000000020000240        0x1 Middlewares/ST/STM32_USB_Device_Library/Class/CDC/Src/usbd_cdc.o
 .bss.cfgidx.9676
                0x0000000020000241        0x1 Middlewares/ST/STM32_USB_Device_Library/Core/Src/usbd_ctlreq.o
 *fill*         0x0000000020000242        0x2 
 .bss.last.10850
                0x0000000020000244        0x4 Src/main.o
 .bss.lastGreen.10848
                0x0000000020000248        0x4 Src/main.o
 .bss.startLedSpin.10874
                0x000000002000024c        0x4 Src/main.o
 .bss.__malloc_free_list
                0x0000000020000250        0x4 /opt/truestudio/ARMTools/bin/../lib/gcc/arm-atollic-eabi/6.3.1/../../../../arm-atollic-eabi/lib/armv7e-m/fpu/libc_nano.a(lib_a-nano-mallocr.o)
                0x0000000020000250                __malloc_free_list
 .bss.__malloc_sbrk_start
                0x0000000020000254        0x4 /opt/truestudio/ARMTools/bin/../lib/gcc/arm-atollic-eabi/6.3.1/../../../../arm-atollic-eabi/lib/armv7e-m/fpu/libc_nano.a(lib_a-nano-mallocr.o)
                0x0000000020000254                __malloc_sbrk_start
 .bss.heap_end.5239
                0x0000000020000258        0x4 /opt/truestudio/ARMTools/bin/../lib/gcc/arm-atollic-eabi/6.3.1/../../../../arm-atollic-eabi/lib/armv7e-m/fpu/libnosys.a(sbrk.o)
 *(COMMON)
 COMMON         0x000000002000025c        0x4 Drivers/STM32F4xx_HAL_Driver/Src/stm32f4xx_hal.o
                0x000000002000025c                uwTick
 COMMON         0x0000000020000260     0x3c64 Src/main.o
                0x0000000020000260                hi2c3
                0x00000000200002b4                hi2c1
                0x0000000020000308                hi2c2
                0x000000002000035c                hspi3
                0x00000000200003b4                ledColor
                0x00000000200003c4                huart1
                0x0000000020000404                huart2
                0x0000000020000444                sensors
 COMMON         0x0000000020003ec4      0x224 Src/usb_device.o
                0x0000000020003ec4                hUsbDeviceFS
 COMMON         0x00000000200040e8      0x200 Src/usbd_cdc_if.o
                0x00000000200040e8                UserRxBufferFS
                0x00000000200041e8                UserTxBufferFS
 COMMON         0x00000000200042e8      0x3f0 Src/usbd_conf.o
                0x00000000200042e8                hpcd_USB_OTG_FS
 COMMON         0x00000000200046d8      0x200 Src/usbd_desc.o
                0x00000000200046d8                USBD_StrDesc
 COMMON         0x00000000200048d8      0x100 VL53L1X_API/platform/vl53l1_platform.o
                0x00000000200048d8                _I2CBuffer
 COMMON         0x00000000200049d8        0x4 /opt/truestudio/ARMTools/bin/../lib/gcc/arm-atollic-eabi/6.3.1/../../../../arm-atollic-eabi/lib/armv7e-m/fpu/libc_nano.a(lib_a-reent.o)
                0x00000000200049d8                errno
                0x00000000200049dc                . = ALIGN (0x4)
                0x00000000200049dc                _ebss = .
                0x00000000200049dc                __bss_end__ = _ebss

._user_heap_stack
                0x00000000200049dc      0x600 load address 0x0000000008007e7c
                0x00000000200049dc                . = ALIGN (0x4)
                0x00000000200049dc                PROVIDE (end, .)
                [!provide]                        PROVIDE (_end, .)
                0x0000000020004bdc                . = (. + _Min_Heap_Size)
 *fill*         0x00000000200049dc      0x200 
                0x0000000020004fdc                . = (. + _Min_Stack_Size)
 *fill*         0x0000000020004bdc      0x400 
                0x0000000020004fdc                . = ALIGN (0x4)

/DISCARD/
 libc.a(*)
 libm.a(*)
 libgcc.a(*)

.ARM.attributes
                0x0000000000000000       0x30
 *(.ARM.attributes)
 .ARM.attributes
                0x0000000000000000       0x22 /opt/truestudio/ARMTools/bin/../lib/gcc/arm-atollic-eabi/6.3.1/armv7e-m/fpu/crti.o
 .ARM.attributes
                0x0000000000000022       0x34 /opt/truestudio/ARMTools/bin/../lib/gcc/arm-atollic-eabi/6.3.1/armv7e-m/fpu/crtbegin.o
 .ARM.attributes
                0x0000000000000056       0x39 Drivers/STM32F4xx_HAL_Driver/Src/stm32f4xx_hal.o
 .ARM.attributes
                0x000000000000008f       0x39 Drivers/STM32F4xx_HAL_Driver/Src/stm32f4xx_hal_cortex.o
 .ARM.attributes
                0x00000000000000c8       0x39 Drivers/STM32F4xx_HAL_Driver/Src/stm32f4xx_hal_dma.o
 .ARM.attributes
                0x0000000000000101       0x39 Drivers/STM32F4xx_HAL_Driver/Src/stm32f4xx_hal_gpio.o
 .ARM.attributes
                0x000000000000013a       0x39 Drivers/STM32F4xx_HAL_Driver/Src/stm32f4xx_hal_i2c.o
 .ARM.attributes
                0x0000000000000173       0x39 Drivers/STM32F4xx_HAL_Driver/Src/stm32f4xx_hal_pcd.o
 .ARM.attributes
                0x00000000000001ac       0x39 Drivers/STM32F4xx_HAL_Driver/Src/stm32f4xx_hal_pcd_ex.o
 .ARM.attributes
                0x00000000000001e5       0x39 Drivers/STM32F4xx_HAL_Driver/Src/stm32f4xx_hal_rcc.o
 .ARM.attributes
                0x000000000000021e       0x39 Drivers/STM32F4xx_HAL_Driver/Src/stm32f4xx_hal_uart.o
 .ARM.attributes
                0x0000000000000257       0x39 Drivers/STM32F4xx_HAL_Driver/Src/stm32f4xx_ll_usb.o
 .ARM.attributes
                0x0000000000000290       0x39 Middlewares/ST/STM32_USB_Device_Library/Class/CDC/Src/usbd_cdc.o
 .ARM.attributes
                0x00000000000002c9       0x39 Middlewares/ST/STM32_USB_Device_Library/Core/Src/usbd_core.o
 .ARM.attributes
                0x0000000000000302       0x39 Middlewares/ST/STM32_USB_Device_Library/Core/Src/usbd_ctlreq.o
 .ARM.attributes
                0x000000000000033b       0x39 Middlewares/ST/STM32_USB_Device_Library/Core/Src/usbd_ioreq.o
 .ARM.attributes
                0x0000000000000374       0x39 Src/WS2812.o
 .ARM.attributes
                0x00000000000003ad       0x39 Src/main.o
 .ARM.attributes
                0x00000000000003e6       0x39 Src/stm32f4xx_hal_msp.o
 .ARM.attributes
                0x000000000000041f       0x39 Src/stm32f4xx_it.o
 .ARM.attributes
                0x0000000000000458       0x39 Src/system_stm32f4xx.o
 .ARM.attributes
                0x0000000000000491       0x39 Src/usb_device.o
 .ARM.attributes
                0x00000000000004ca       0x39 Src/usbd_cdc_if.o
 .ARM.attributes
                0x0000000000000503       0x39 Src/usbd_conf.o
 .ARM.attributes
                0x000000000000053c       0x39 Src/usbd_desc.o
 .ARM.attributes
                0x0000000000000575       0x39 VL53L1X_API/core/vl53l1_api.o
 .ARM.attributes
                0x00000000000005ae       0x39 VL53L1X_API/core/vl53l1_api_core.o
 .ARM.attributes
                0x00000000000005e7       0x39 VL53L1X_API/core/vl53l1_api_preset_modes.o
 .ARM.attributes
                0x0000000000000620       0x39 VL53L1X_API/core/vl53l1_core.o
 .ARM.attributes
                0x0000000000000659       0x39 VL53L1X_API/core/vl53l1_core_support.o
 .ARM.attributes
                0x0000000000000692       0x39 VL53L1X_API/core/vl53l1_register_funcs.o
 .ARM.attributes
                0x00000000000006cb       0x39 VL53L1X_API/core/vl53l1_wait.o
 .ARM.attributes
                0x0000000000000704       0x39 VL53L1X_API/platform/vl53l1_platform.o
 .ARM.attributes
                0x000000000000073d       0x21 startup/startup_stm32f411xe.o
 .ARM.attributes
                0x000000000000075e       0x34 /opt/truestudio/ARMTools/bin/../lib/gcc/arm-atollic-eabi/6.3.1/../../../../arm-atollic-eabi/lib/armv7e-m/fpu/libc_nano.a(lib_a-init.o)
 .ARM.attributes
                0x0000000000000792       0x34 /opt/truestudio/ARMTools/bin/../lib/gcc/arm-atollic-eabi/6.3.1/../../../../arm-atollic-eabi/lib/armv7e-m/fpu/libc_nano.a(lib_a-malloc.o)
 .ARM.attributes
                0x00000000000007c6       0x34 /opt/truestudio/ARMTools/bin/../lib/gcc/arm-atollic-eabi/6.3.1/../../../../arm-atollic-eabi/lib/armv7e-m/fpu/libc_nano.a(lib_a-memcpy-stub.o)
 .ARM.attributes
                0x00000000000007fa       0x34 /opt/truestudio/ARMTools/bin/../lib/gcc/arm-atollic-eabi/6.3.1/../../../../arm-atollic-eabi/lib/armv7e-m/fpu/libc_nano.a(lib_a-memset.o)
 .ARM.attributes
                0x000000000000082e       0x34 /opt/truestudio/ARMTools/bin/../lib/gcc/arm-atollic-eabi/6.3.1/../../../../arm-atollic-eabi/lib/armv7e-m/fpu/libc_nano.a(lib_a-nano-freer.o)
 .ARM.attributes
                0x0000000000000862       0x34 /opt/truestudio/ARMTools/bin/../lib/gcc/arm-atollic-eabi/6.3.1/../../../../arm-atollic-eabi/lib/armv7e-m/fpu/libc_nano.a(lib_a-nano-mallocr.o)
 .ARM.attributes
                0x0000000000000896       0x34 /opt/truestudio/ARMTools/bin/../lib/gcc/arm-atollic-eabi/6.3.1/../../../../arm-atollic-eabi/lib/armv7e-m/fpu/libc_nano.a(lib_a-sbrkr.o)
 .ARM.attributes
                0x00000000000008ca       0x34 /opt/truestudio/ARMTools/bin/../lib/gcc/arm-atollic-eabi/6.3.1/../../../../arm-atollic-eabi/lib/armv7e-m/fpu/libc_nano.a(lib_a-sprintf.o)
 .ARM.attributes
                0x00000000000008fe       0x1b /opt/truestudio/ARMTools/bin/../lib/gcc/arm-atollic-eabi/6.3.1/../../../../arm-atollic-eabi/lib/armv7e-m/fpu/libc_nano.a(lib_a-strlen.o)
 .ARM.attributes
                0x0000000000000919       0x34 /opt/truestudio/ARMTools/bin/../lib/gcc/arm-atollic-eabi/6.3.1/../../../../arm-atollic-eabi/lib/armv7e-m/fpu/libc_nano.a(lib_a-strncpy.o)
 .ARM.attributes
                0x000000000000094d       0x34 /opt/truestudio/ARMTools/bin/../lib/gcc/arm-atollic-eabi/6.3.1/../../../../arm-atollic-eabi/lib/armv7e-m/fpu/libc_nano.a(lib_a-impure.o)
 .ARM.attributes
                0x0000000000000981       0x34 /opt/truestudio/ARMTools/bin/../lib/gcc/arm-atollic-eabi/6.3.1/../../../../arm-atollic-eabi/lib/armv7e-m/fpu/libc_nano.a(lib_a-mlock.o)
 .ARM.attributes
                0x00000000000009b5       0x34 /opt/truestudio/ARMTools/bin/../lib/gcc/arm-atollic-eabi/6.3.1/../../../../arm-atollic-eabi/lib/armv7e-m/fpu/libc_nano.a(lib_a-nano-svfprintf.o)
 .ARM.attributes
                0x00000000000009e9       0x34 /opt/truestudio/ARMTools/bin/../lib/gcc/arm-atollic-eabi/6.3.1/../../../../arm-atollic-eabi/lib/armv7e-m/fpu/libc_nano.a(lib_a-nano-vfprintf_i.o)
 .ARM.attributes
                0x0000000000000a1d       0x34 /opt/truestudio/ARMTools/bin/../lib/gcc/arm-atollic-eabi/6.3.1/../../../../arm-atollic-eabi/lib/armv7e-m/fpu/libc_nano.a(lib_a-reent.o)
 .ARM.attributes
                0x0000000000000a51       0x20 /opt/truestudio/ARMTools/bin/../lib/gcc/arm-atollic-eabi/6.3.1/../../../../arm-atollic-eabi/lib/armv7e-m/fpu/libc_nano.a(lib_a-memchr.o)
 .ARM.attributes
                0x0000000000000a71       0x34 /opt/truestudio/ARMTools/bin/../lib/gcc/arm-atollic-eabi/6.3.1/../../../../arm-atollic-eabi/lib/armv7e-m/fpu/libc_nano.a(lib_a-memmove.o)
 .ARM.attributes
                0x0000000000000aa5       0x34 /opt/truestudio/ARMTools/bin/../lib/gcc/arm-atollic-eabi/6.3.1/../../../../arm-atollic-eabi/lib/armv7e-m/fpu/libc_nano.a(lib_a-nano-reallocr.o)
 .ARM.attributes
                0x0000000000000ad9       0x34 /opt/truestudio/ARMTools/bin/../lib/gcc/arm-atollic-eabi/6.3.1/../../../../arm-atollic-eabi/lib/armv7e-m/fpu/libc_nano.a(lib_a-nano-msizer.o)
 .ARM.attributes
                0x0000000000000b0d       0x22 /opt/truestudio/ARMTools/bin/../lib/gcc/arm-atollic-eabi/6.3.1/armv7e-m/fpu/libgcc.a(_aeabi_uldivmod.o)
 .ARM.attributes
                0x0000000000000b2f       0x34 /opt/truestudio/ARMTools/bin/../lib/gcc/arm-atollic-eabi/6.3.1/armv7e-m/fpu/libgcc.a(_udivmoddi4.o)
 .ARM.attributes