vl53l1_core.c:98:7:VL53L1_init_version	0	static
vl53l1_core.c:114:7:VL53L1_init_ll_driver_state	0	static
vl53l1_core.c:138:15:VL53L1_update_ll_driver_rd_state	0	static
vl53l1_core.c:255:14:VL53L1_check_ll_driver_rd_state	0	static
vl53l1_core.c:349:15:VL53L1_update_ll_driver_cfg_state	0	static
vl53l1_core.c:437:6:VL53L1_copy_rtn_good_spads_to_buffer	0	static
vl53l1_core.c:480:6:VL53L1_init_system_results	0	static
vl53l1_core.c:519:6:VL53L1_i2c_encode_uint16_t	0	static
vl53l1_core.c:540:10:VL53L1_i2c_decode_uint16_t	0	static
vl53l1_core.c:559:6:VL53L1_i2c_encode_int16_t	0	static
vl53l1_core.c:580:9:VL53L1_i2c_decode_int16_t	0	static
vl53l1_core.c:603:6:VL53L1_i2c_encode_uint32_t	0	static
vl53l1_core.c:624:10:VL53L1_i2c_decode_uint32_t	0	static
vl53l1_core.c:643:10:VL53L1_i2c_decode_with_mask	12	static
vl53l1_core.c:675:6:VL53L1_i2c_encode_int32_t	0	static
vl53l1_core.c:696:9:VL53L1_i2c_decode_int32_t	0	static
vl53l1_core.c:721:14:VL53L1_start_test	0	static
vl53l1_core.c:747:14:VL53L1_set_firmware_enable_register	0	static
vl53l1_core.c:768:14:VL53L1_enable_firmware	0	static
vl53l1_core.c:787:14:VL53L1_disable_firmware	0	static
vl53l1_core.c:806:14:VL53L1_set_powerforce_register	0	static
vl53l1_core.c:828:14:VL53L1_enable_powerforce	0	static
vl53l1_core.c:847:14:VL53L1_disable_powerforce	0	static
vl53l1_core.c:866:14:VL53L1_clear_interrupt	0	static
vl53l1_core.c:920:10:VL53L1_calc_macro_period_us	16	static
vl53l1_core.c:987:10:VL53L1_calc_range_ignore_threshold	8	static
vl53l1_core.c:1067:10:VL53L1_calc_timeout_mclks	0	static
vl53l1_core.c:1133:10:VL53L1_calc_timeout_us	0	static
vl53l1_core.c:1172:10:VL53L1_calc_crosstalk_plane_offset_with_margin	0	static
vl53l1_core.c:1231:10:VL53L1_encode_timeout	0	static
vl53l1_core.c:1094:10:VL53L1_calc_encoded_timeout	0	static
vl53l1_core.c:1257:10:VL53L1_decode_timeout	0	static
vl53l1_core.c:1201:10:VL53L1_calc_decoded_timeout_us	8	static
vl53l1_core.c:1273:14:VL53L1_calc_timeout_register_values	32	static
vl53l1_core.c:1375:9:VL53L1_encode_vcsel_period	0	static
vl53l1_core.c:1390:10:VL53L1_decode_unsigned_integer	8	static
vl53l1_core.c:1409:6:VL53L1_encode_unsigned_integer	0	static
vl53l1_core.c:1429:6:VL53L1_spad_number_to_byte_bit_index	8	static
vl53l1_core.c:1451:6:VL53L1_encode_row_col	0	static
vl53l1_core.c:1468:6:VL53L1_decode_zone_size	0	static
vl53l1_core.c:1489:6:VL53L1_encode_zone_size	0	static
vl53l1_core.c:1508:6:VL53L1_decode_zone_limits	32	static
vl53l1_core.c:1561:9:VL53L1_is_aperture_location	0	static
vl53l1_core.c:1583:6:VL53L1_calc_mm_effective_spads	64	static
vl53l1_core.c:1706:9:VL53L1_encode_GPIO_interrupt_config	0	static
vl53l1_core.c:1724:32:VL53L1_decode_GPIO_interrupt_config	0	static
vl53l1_core.c:1748:14:VL53L1_set_GPIO_distance_threshold	0	static
vl53l1_core.c:1770:14:VL53L1_set_GPIO_rate_threshold	0	static
vl53l1_core.c:1792:14:VL53L1_set_GPIO_thresholds_from_struct	0	static
vl53l1_core.c:1819:14:VL53L1_set_ref_spad_char_config	32	static
vl53l1_core.c:1935:14:VL53L1_set_ssc_config	24	static
vl53l1_core.c:2039:14:VL53L1_get_spad_rate_data	536	static
vl53l1_core.c:2101:14:VL53L1_low_power_auto_data_init	0	static
vl53l1_core.c:2133:14:VL53L1_low_power_auto_data_stop_range	0	static
vl53l1_core.c:2174:14:VL53L1_config_low_power_auto_mode	0	static
vl53l1_core.c:2216:14:VL53L1_low_power_auto_setup_manual_calibration	0	static
vl53l1_core.c:2256:14:VL53L1_low_power_auto_update_DSS	0	static
