vl53l1_api.c:915:21:SetPresetMode	56	static
vl53l1_api.c:1404:21:SetLimitValue	8	static
vl53l1_api.c:613:14:VL53L1_GetVersion	0	static
vl53l1_api.c:629:14:VL53L1_GetProductRevision	0	static
vl53l1_api.c:648:14:VL53L1_GetDeviceInfo	16	static
vl53l1_api.c:690:14:VL53L1_GetRangeStatusString	0	static
vl53l1_api.c:704:14:VL53L1_GetPalErrorString	0	static
vl53l1_api.c:717:14:VL53L1_GetPalStateString	0	static
vl53l1_api.c:730:14:VL53L1_GetPalState	0	static
vl53l1_api.c:745:14:VL53L1_SetDeviceAddress	0	static
vl53l1_api.c:840:14:VL53L1_WaitDeviceBooted	0	static
vl53l1_api.c:1009:14:VL53L1_GetPresetMode	0	static
vl53l1_api.c:1022:14:VL53L1_SetDistanceMode	40	static
vl53l1_api.c:1100:14:VL53L1_GetDistanceMode	0	static
vl53l1_api.c:1116:14:VL53L1_SetMeasurementTimingBudgetMicroSeconds	40	static
vl53l1_api.c:968:14:VL53L1_SetPresetMode	16	static
vl53l1_api.c:811:14:VL53L1_StaticInit	0	static
vl53l1_api.c:1233:14:VL53L1_GetMeasurementTimingBudgetMicroSeconds	40	static
vl53l1_api.c:1315:14:VL53L1_SetInterMeasurementPeriodMilliSeconds	0	static
vl53l1_api.c:1334:14:VL53L1_GetInterMeasurementPeriodMilliSeconds	16	static
vl53l1_api.c:1358:14:VL53L1_GetNumberOfLimitCheck	0	static
vl53l1_api.c:1370:14:VL53L1_GetLimitCheckInfo	0	static
vl53l1_api.c:1384:14:VL53L1_GetLimitCheckStatus	0	static
vl53l1_api.c:1430:14:VL53L1_SetLimitCheckEnable	16	static
vl53l1_api.c:1464:14:VL53L1_GetLimitCheckEnable	0	static
vl53l1_api.c:1486:14:VL53L1_SetLimitCheckValue	16	static
vl53l1_api.c:758:14:VL53L1_DataInit	16	static
vl53l1_api.c:1523:14:VL53L1_GetLimitCheckValue	24	static
vl53l1_api.c:1570:14:VL53L1_GetLimitCheckCurrent	0	static
vl53l1_api.c:1597:14:VL53L1_SetUserROI	24	static
vl53l1_api.c:1620:14:VL53L1_GetUserROI	24	static
vl53l1_api.c:1644:14:VL53L1_GetNumberOfSequenceSteps	0	static
vl53l1_api.c:1659:14:VL53L1_GetSequenceStepsInfo	0	static
vl53l1_api.c:1675:14:VL53L1_SetSequenceStepEnable	16	static
vl53l1_api.c:1708:14:VL53L1_GetSequenceStepEnable	0	static
vl53l1_api.c:1732:14:VL53L1_StartMeasurement	24	static
vl53l1_api.c:1794:14:VL53L1_StopMeasurement	8	static
vl53l1_api.c:1883:14:VL53L1_ClearInterruptAndStartMeasurement	32	static
vl53l1_api.c:1910:14:VL53L1_GetMeasurementDataReady	0	static
vl53l1_api.c:1923:14:VL53L1_WaitMeasurementDataReady	0	static
vl53l1_api.c:2159:14:VL53L1_GetRangingMeasurementData	160	static
vl53l1_api.c:2205:14:VL53L1_SetTuningParameter	4	static
vl53l1_api.c:2226:14:VL53L1_GetTuningParameter	4	static
vl53l1_api.c:2249:14:VL53L1_PerformRefSpadManagement	48	static
vl53l1_api.c:2332:14:VL53L1_SetXTalkCompensationEnable	0	static
vl53l1_api.c:2349:14:VL53L1_GetXTalkCompensationEnable	8	static
vl53l1_api.c:2383:14:VL53L1_SetOffsetCalibrationMode	0	static
vl53l1_api.c:2411:14:VL53L1_PerformOffsetCalibration	24	static
vl53l1_api.c:2457:14:VL53L1_PerformOffsetSimpleCalibration	88	static
vl53l1_api.c:2554:14:VL53L1_SetCalibrationData	128	static
vl53l1_api.c:2635:14:VL53L1_GetCalibrationData	128	static
vl53l1_api.c:2364:14:VL53L1_PerformSingleTargetXTalkCalibration	176	static
vl53l1_api.c:2719:14:VL53L1_GetOpticalCenter	120	static
vl53l1_api.c:2747:14:VL53L1_SetThresholdConfig	56	static
vl53l1_api.c:2850:14:VL53L1_GetThresholdConfig	32	static
