vl53l1_api.c:144:21:VL53L1_nvm_enable	32	static
vl53l1_api.c:228:21:VL53L1_nvm_read	32	static
vl53l1_api.c:299:21:VL53L1_nvm_disable	24	static
vl53l1_api.c:340:21:VL53L1_read_nvm_raw_data	32	static
vl53l1_api.c:390:21:SingleTargetXTalkCalibration	208	static
vl53l1_api.c:541:21:CheckValidRectRoi	24	static
vl53l1_api.c:559:35:ConvertModeToLLD	24	static
vl53l1_api.c:585:29:ConvertModeFromLLD	24	static
vl53l1_api.c:613:14:VL53L1_GetVersion	24	static
vl53l1_api.c:629:14:VL53L1_GetProductRevision	40	static
vl53l1_api.c:648:14:VL53L1_GetDeviceInfo	32	static
vl53l1_api.c:690:14:VL53L1_GetRangeStatusString	24	static
vl53l1_api.c:704:14:VL53L1_GetPalErrorString	24	static
vl53l1_api.c:717:14:VL53L1_GetPalStateString	24	static
vl53l1_api.c:730:14:VL53L1_GetPalState	24	static
vl53l1_api.c:745:14:VL53L1_SetDeviceAddress	24	static
vl53l1_api.c:758:14:VL53L1_DataInit	24	static
vl53l1_api.c:811:14:VL53L1_StaticInit	24	static
vl53l1_api.c:840:14:VL53L1_WaitDeviceBooted	24	static
vl53l1_api.c:856:21:ComputeDevicePresetMode	32	static
vl53l1_api.c:915:21:SetPresetMode	72	static
vl53l1_api.c:968:14:VL53L1_SetPresetMode	24	static
vl53l1_api.c:1009:14:VL53L1_GetPresetMode	24	static
vl53l1_api.c:1022:14:VL53L1_SetDistanceMode	40	static
vl53l1_api.c:1100:14:VL53L1_GetDistanceMode	24	static
vl53l1_api.c:1116:14:VL53L1_SetMeasurementTimingBudgetMicroSeconds	56	static
vl53l1_api.c:1233:14:VL53L1_GetMeasurementTimingBudgetMicroSeconds	56	static
vl53l1_api.c:1315:14:VL53L1_SetInterMeasurementPeriodMilliSeconds	24	static
vl53l1_api.c:1334:14:VL53L1_GetInterMeasurementPeriodMilliSeconds	24	static
vl53l1_api.c:1358:14:VL53L1_GetNumberOfLimitCheck	24	static
vl53l1_api.c:1370:14:VL53L1_GetLimitCheckInfo	24	static
vl53l1_api.c:1384:14:VL53L1_GetLimitCheckStatus	32	static
vl53l1_api.c:1404:21:SetLimitValue	32	static
vl53l1_api.c:1430:14:VL53L1_SetLimitCheckEnable	24	static
vl53l1_api.c:1464:14:VL53L1_GetLimitCheckEnable	32	static
vl53l1_api.c:1486:14:VL53L1_SetLimitCheckValue	32	static
vl53l1_api.c:1523:14:VL53L1_GetLimitCheckValue	40	static
vl53l1_api.c:1570:14:VL53L1_GetLimitCheckCurrent	32	static
vl53l1_api.c:1597:14:VL53L1_SetUserROI	24	static
vl53l1_api.c:1620:14:VL53L1_GetUserROI	24	static
vl53l1_api.c:1644:14:VL53L1_GetNumberOfSequenceSteps	24	static
vl53l1_api.c:1659:14:VL53L1_GetSequenceStepsInfo	24	static
vl53l1_api.c:1675:14:VL53L1_SetSequenceStepEnable	24	static
vl53l1_api.c:1708:14:VL53L1_GetSequenceStepEnable	32	static
vl53l1_api.c:1732:14:VL53L1_StartMeasurement	32	static
vl53l1_api.c:1794:14:VL53L1_StopMeasurement	24	static
vl53l1_api.c:1810:21:ChangePresetMode	48	static
vl53l1_api.c:1883:14:VL53L1_ClearInterruptAndStartMeasurement	24	static
vl53l1_api.c:1910:14:VL53L1_GetMeasurementDataReady	24	static
vl53l1_api.c:1923:14:VL53L1_WaitMeasurementDataReady	24	static
vl53l1_api.c:1942:16:ComputeRQL	56	static
vl53l1_api.c:1988:16:ConvertStatusLite	24	static
vl53l1_api.c:2029:21:SetSimpleData	56	static
vl53l1_api.c:2159:14:VL53L1_GetRangingMeasurementData	168	static
vl53l1_api.c:2205:14:VL53L1_SetTuningParameter	32	static
vl53l1_api.c:2226:14:VL53L1_GetTuningParameter	32	static
vl53l1_api.c:2249:14:VL53L1_PerformRefSpadManagement	64	static
vl53l1_api.c:2332:14:VL53L1_SetXTalkCompensationEnable	24	static
vl53l1_api.c:2349:14:VL53L1_GetXTalkCompensationEnable	24	static
vl53l1_api.c:2364:14:VL53L1_PerformSingleTargetXTalkCalibration	24	static
vl53l1_api.c:2383:14:VL53L1_SetOffsetCalibrationMode	24	static
vl53l1_api.c:2411:14:VL53L1_PerformOffsetCalibration	24	static
vl53l1_api.c:2457:14:VL53L1_PerformOffsetSimpleCalibration	88	static
vl53l1_api.c:2554:14:VL53L1_SetCalibrationData	128	static
vl53l1_api.c:2635:14:VL53L1_GetCalibrationData	128	static
vl53l1_api.c:2719:14:VL53L1_GetOpticalCenter	128	static
vl53l1_api.c:2747:14:VL53L1_SetThresholdConfig	64	static
vl53l1_api.c:2850:14:VL53L1_GetThresholdConfig	32	static
