vl53l1_api_preset_modes.c:87:14:VL53L1_init_refspadchar_config_struct	24	static
vl53l1_api_preset_modes.c:128:14:VL53L1_init_ssc_config_struct	24	static
vl53l1_api_preset_modes.c:174:14:VL53L1_init_xtalk_config_struct	24	static
vl53l1_api_preset_modes.c:249:14:VL53L1_init_offset_cal_config_struct	24	static
vl53l1_api_preset_modes.c:291:14:VL53L1_init_tuning_parm_storage_struct	24	static
vl53l1_api_preset_modes.c:395:14:VL53L1_preset_mode_standard_ranging	32	static
vl53l1_api_preset_modes.c:655:14:VL53L1_preset_mode_standard_ranging_short_range	40	static
vl53l1_api_preset_modes.c:731:14:VL53L1_preset_mode_standard_ranging_long_range	40	static
vl53l1_api_preset_modes.c:808:14:VL53L1_preset_mode_standard_ranging_mm1_cal	40	static
vl53l1_api_preset_modes.c:862:14:VL53L1_preset_mode_standard_ranging_mm2_cal	40	static
vl53l1_api_preset_modes.c:917:14:VL53L1_preset_mode_timed_ranging	40	static
vl53l1_api_preset_modes.c:989:14:VL53L1_preset_mode_timed_ranging_short_range	40	static
vl53l1_api_preset_modes.c:1062:14:VL53L1_preset_mode_timed_ranging_long_range	40	static
vl53l1_api_preset_modes.c:1136:14:VL53L1_preset_mode_low_power_auto_ranging	40	static
vl53l1_api_preset_modes.c:1189:14:VL53L1_preset_mode_low_power_auto_short_ranging	40	static
vl53l1_api_preset_modes.c:1242:14:VL53L1_preset_mode_low_power_auto_long_ranging	40	static
vl53l1_api_preset_modes.c:1297:14:VL53L1_preset_mode_singleshot_ranging	40	static
vl53l1_api_preset_modes.c:1367:14:VL53L1_preset_mode_olt	40	static
