vl53l1_register_funcs.c:84:14:VL53L1_i2c_encode_static_nvm_managed	32	static
vl53l1_register_funcs.c:130:14:VL53L1_i2c_decode_static_nvm_managed	32	static
vl53l1_register_funcs.c:174:14:VL53L1_set_static_nvm_managed	32	static
vl53l1_register_funcs.c:207:14:VL53L1_get_static_nvm_managed	32	static
vl53l1_register_funcs.c:240:14:VL53L1_i2c_encode_customer_nvm_managed	32	static
vl53l1_register_funcs.c:310:14:VL53L1_i2c_decode_customer_nvm_managed	32	static
vl53l1_register_funcs.c:366:14:VL53L1_set_customer_nvm_managed	40	static
vl53l1_register_funcs.c:399:14:VL53L1_get_customer_nvm_managed	40	static
vl53l1_register_funcs.c:432:14:VL53L1_i2c_encode_static_config	32	static
vl53l1_register_funcs.c:520:14:VL53L1_i2c_decode_static_config	32	static
vl53l1_register_funcs.c:604:14:VL53L1_set_static_config	56	static
vl53l1_register_funcs.c:672:14:VL53L1_i2c_encode_general_config	32	static
vl53l1_register_funcs.c:738:14:VL53L1_i2c_decode_general_config	32	static
vl53l1_register_funcs.c:796:14:VL53L1_set_general_config	40	static
vl53l1_register_funcs.c:864:14:VL53L1_i2c_encode_timing_config	32	static
vl53l1_register_funcs.c:1054:14:VL53L1_i2c_encode_dynamic_config	32	static
vl53l1_register_funcs.c:1171:14:VL53L1_set_dynamic_config	40	static
vl53l1_register_funcs.c:1239:14:VL53L1_i2c_encode_system_control	32	static
vl53l1_register_funcs.c:1309:14:VL53L1_set_system_control	24	static
vl53l1_register_funcs.c:1491:14:VL53L1_i2c_decode_system_results	32	static
vl53l1_register_funcs.c:1600:14:VL53L1_get_system_results	64	static
vl53l1_register_funcs.c:1693:14:VL53L1_i2c_decode_core_results	32	static
vl53l1_register_funcs.c:1937:14:VL53L1_i2c_decode_debug_results	32	static
vl53l1_register_funcs.c:2245:14:VL53L1_i2c_decode_nvm_copy_data	32	static
vl53l1_register_funcs.c:2405:14:VL53L1_get_nvm_copy_data	72	static
