vl53l1_api_core.c:152:14:VL53L1_data_init	48	static
vl53l1_api_core.c:313:14:VL53L1_read_p2p_data	24	static
vl53l1_api_core.c:406:14:VL53L1_software_reset	24	static
vl53l1_api_core.c:449:14:VL53L1_set_part_to_part_data	32	static
vl53l1_api_core.c:533:14:VL53L1_get_part_to_part_data	24	static
vl53l1_api_core.c:600:14:VL53L1_set_inter_measurement_period_ms	24	static
vl53l1_api_core.c:629:14:VL53L1_get_inter_measurement_period_ms	24	static
vl53l1_api_core.c:657:14:VL53L1_set_timeouts_us	40	static
vl53l1_api_core.c:699:14:VL53L1_get_timeouts_us	40	static
vl53l1_api_core.c:773:14:VL53L1_set_calibration_repeat_period	24	static
vl53l1_api_core.c:792:14:VL53L1_get_calibration_repeat_period	24	static
vl53l1_api_core.c:811:14:VL53L1_set_sequence_config_bit	32	static
vl53l1_api_core.c:850:14:VL53L1_get_sequence_config_bit	32	static
vl53l1_api_core.c:887:14:VL53L1_set_interrupt_polarity	24	static
vl53l1_api_core.c:911:14:VL53L1_set_refspadchar_config_struct	24	static
vl53l1_api_core.c:942:14:VL53L1_get_refspadchar_config_struct	24	static
vl53l1_api_core.c:972:14:VL53L1_set_range_ignore_threshold	24	static
vl53l1_api_core.c:995:14:VL53L1_get_range_ignore_threshold	32	static
vl53l1_api_core.c:1029:14:VL53L1_get_interrupt_polarity	24	static
vl53l1_api_core.c:1050:14:VL53L1_set_user_zone	24	static
vl53l1_api_core.c:1083:14:VL53L1_get_user_zone	24	static
vl53l1_api_core.c:1115:14:VL53L1_get_mode_mitigation_roi	32	static
vl53l1_api_core.c:1159:14:VL53L1_get_preset_mode_timing_cfg	32	static
vl53l1_api_core.c:1230:14:VL53L1_set_preset_mode	80	static
vl53l1_api_core.c:1452:15:VL53L1_enable_xtalk_compensation	32	static
vl53l1_api_core.c:1512:6:VL53L1_get_xtalk_compensation_enable	24	static
vl53l1_api_core.c:1539:14:VL53L1_get_lite_xtalk_margin_kcps	24	static
vl53l1_api_core.c:1562:14:VL53L1_set_lite_xtalk_margin_kcps	24	static
vl53l1_api_core.c:1585:14:VL53L1_restore_xtalk_nvm_default	24	static
vl53l1_api_core.c:1611:15:VL53L1_disable_xtalk_compensation	24	static
vl53l1_api_core.c:1661:14:VL53L1_get_lite_sigma_threshold	24	static
vl53l1_api_core.c:1687:14:VL53L1_set_lite_sigma_threshold	24	static
vl53l1_api_core.c:1712:14:VL53L1_get_lite_min_count_rate	24	static
vl53l1_api_core.c:1738:14:VL53L1_set_lite_min_count_rate	24	static
vl53l1_api_core.c:1764:14:VL53L1_get_vhv_loopbound	24	static
vl53l1_api_core.c:1790:14:VL53L1_set_vhv_loopbound	24	static
vl53l1_api_core.c:1822:14:VL53L1_get_vhv_config	32	static
vl53l1_api_core.c:1861:14:VL53L1_set_vhv_config	24	static
vl53l1_api_core.c:1889:14:VL53L1_init_and_start_range	328	static
vl53l1_api_core.c:2159:14:VL53L1_stop_range	24	static
vl53l1_api_core.c:2199:14:VL53L1_get_measurement_results	296	static
vl53l1_api_core.c:2298:14:VL53L1_get_device_results	40	static
vl53l1_api_core.c:2397:14:VL53L1_clear_interrupt_and_enable_next_range	24	static
vl53l1_api_core.c:2432:6:VL53L1_copy_sys_and_core_results_to_range_results	40	static
vl53l1_api_core.c:2607:14:VL53L1_set_GPIO_interrupt_config	32	static
vl53l1_api_core.c:2656:14:VL53L1_set_GPIO_interrupt_config_struct	32	static
vl53l1_api_core.c:2687:14:VL53L1_get_GPIO_interrupt_config	48	static
vl53l1_api_core.c:2730:14:VL53L1_set_offset_calibration_mode	24	static
vl53l1_api_core.c:2753:14:VL53L1_get_offset_calibration_mode	24	static
vl53l1_api_core.c:2776:14:VL53L1_set_offset_correction_mode	24	static
vl53l1_api_core.c:2799:14:VL53L1_get_offset_correction_mode	24	static
vl53l1_api_core.c:3004:14:VL53L1_get_tuning_parm	32	static
vl53l1_api_core.c:3266:14:VL53L1_set_tuning_parm	32	static
