VL53L1X_api.c:206:15:VL53L1X_GetSWVersion	24	static
VL53L1X_api.c:217:15:VL53L1X_SetI2CAddress	24	static
VL53L1X_api.c:225:15:VL53L1X_SensorInit	24	static
VL53L1X_api.c:245:15:VL53L1X_ClearInterrupt	24	static
VL53L1X_api.c:253:15:VL53L1X_SetInterruptPolarity	24	static
VL53L1X_api.c:264:15:VL53L1X_GetInterruptPolarity	24	static
VL53L1X_api.c:275:15:VL53L1X_StartRanging	24	static
VL53L1X_api.c:283:15:VL53L1X_StopRanging	24	static
VL53L1X_api.c:291:15:VL53L1X_CheckForDataReady	24	static
VL53L1X_api.c:309:15:VL53L1X_SetTimingBudgetInMs	24	static
VL53L1X_api.c:411:15:VL53L1X_GetTimingBudgetInMs	24	static
VL53L1X_api.c:452:15:VL53L1X_SetDistanceMode	24	static
VL53L1X_api.c:487:15:VL53L1X_GetDistanceMode	24	static
VL53L1X_api.c:499:15:VL53L1X_SetInterMeasurementInMs	32	static
VL53L1X_api.c:512:15:VL53L1X_GetInterMeasurementInMs	32	static
VL53L1X_api.c:526:15:VL53L1X_BootState	24	static
VL53L1X_api.c:536:15:VL53L1X_GetSensorId	24	static
VL53L1X_api.c:546:15:VL53L1X_GetDistance	24	static
VL53L1X_api.c:557:15:VL53L1X_GetSignalPerSpad	32	static
VL53L1X_api.c:570:15:VL53L1X_GetAmbientPerSpad	32	static
VL53L1X_api.c:581:15:VL53L1X_GetSignalRate	24	static
VL53L1X_api.c:592:15:VL53L1X_GetSpadNb	24	static
VL53L1X_api.c:603:15:VL53L1X_GetAmbientRate	24	static
VL53L1X_api.c:613:15:VL53L1X_GetRangeStatus	24	static
VL53L1X_api.c:626:15:VL53L1X_GetResult	40	static
VL53L1X_api.c:645:15:VL53L1X_SetOffset	24	static
VL53L1X_api.c:658:16:VL53L1X_GetOffset	24	static
VL53L1X_api.c:670:15:VL53L1X_SetXtalk	24	static
VL53L1X_api.c:685:15:VL53L1X_GetXtalk	24	static
VL53L1X_api.c:695:15:VL53L1X_SetDistanceThreshold	32	static
VL53L1X_api.c:716:15:VL53L1X_GetDistanceThresholdWindow	24	static
VL53L1X_api.c:725:15:VL53L1X_GetDistanceThresholdLow	24	static
VL53L1X_api.c:735:15:VL53L1X_GetDistanceThresholdHigh	24	static
VL53L1X_api.c:745:15:VL53L1X_SetROICenter	24	static
VL53L1X_api.c:752:15:VL53L1X_GetROICenter	24	static
VL53L1X_api.c:761:15:VL53L1X_SetROI	24	static
VL53L1X_api.c:780:15:VL53L1X_GetROI_XY	32	static
VL53L1X_api.c:791:15:VL53L1X_SetSignalThreshold	24	static
VL53L1X_api.c:799:15:VL53L1X_GetSignalThreshold	24	static
VL53L1X_api.c:810:15:VL53L1X_SetSigmaThreshold	24	static
VL53L1X_api.c:822:15:VL53L1X_GetSigmaThreshold	24	static
VL53L1X_api.c:833:15:VL53L1X_StartTemperatureUpdate	24	static
